Component: Arm Compiler for Embedded 6.23 Tool: armlink [5f102400]

==============================================================================

Section Cross References

    main.o(.text.main) refers to at32f415_misc.o(.text.nvic_vector_table_set) for nvic_vector_table_set
    main.o(.text.main) refers to at32f415_wk_config.o(.text.wk_system_clock_config) for wk_system_clock_config
    main.o(.text.main) refers to at32f415_wk_config.o(.text.wk_periph_clock_config) for wk_periph_clock_config
    main.o(.text.main) refers to wk_debug.o(.text.wk_debug_config) for wk_debug_config
    main.o(.text.main) refers to at32f415_wk_config.o(.text.wk_nvic_config) for wk_nvic_config
    main.o(.text.main) refers to wk_system.o(.text.wk_timebase_init) for wk_timebase_init
    main.o(.text.main) refers to wk_gpio.o(.text.wk_gpio_config) for wk_gpio_config
    main.o(.text.main) refers to wk_dma.o(.text.wk_dma1_channel1_init) for wk_dma1_channel1_init
    main.o(.text.main) refers to wk_dma.o(.text.wk_dma_channel_config) for wk_dma_channel_config
    main.o(.text.main) refers to at32f415_dma.o(.text.dma_channel_enable) for dma_channel_enable
    main.o(.text.main) refers to wk_usart.o(.text.wk_usart1_init) for wk_usart1_init
    main.o(.text.main) refers to wk_spi.o(.text.wk_spi1_init) for wk_spi1_init
    main.o(.text.main) refers to wk_adc.o(.text.wk_adc1_init) for wk_adc1_init
    main.o(.text.main) refers to wk_tmr.o(.text.wk_tmr2_init) for wk_tmr2_init
    main.o(.text.main) refers to wk_tmr.o(.text.wk_tmr5_init) for wk_tmr5_init
    main.o(.text.main) refers to wk_tmr.o(.text.wk_tmr9_init) for wk_tmr9_init
    main.o(.text.main) refers to wk_crc.o(.text.wk_crc_init) for wk_crc_init
    main.o(.text.main) refers to wk_wdt.o(.text.wk_wdt_init) for wk_wdt_init
    main.o(.text.main) refers to pid_operation.o(.text.PID_Init) for PID_Init
    main.o(.text.main) refers to tmt.o(.text.tmt_init) for tmt_init
    main.o(.text.main) refers to adc_filter.o(.text.filter_init) for filter_init
    main.o(.text.main) refers to ha01_handle.o(.text.FWHA01_Init) for FWHA01_Init
    main.o(.text.main) refers to lcd.o(.text.LCD_Init) for LCD_Init
    main.o(.text.main) refers to main.o(.text.OUTLINED_FUNCTION_0) for OUTLINED_FUNCTION_0
    main.o(.text.main) refers to main.o(.text.check_flash_updata) for check_flash_updata
    main.o(.text.main) refers to wk_system.o(.text.wk_delay_ms) for wk_delay_ms
    main.o(.text.main) refers to pid_operation.o(.bss.handle_pid) for handle_pid
    main.o(.text.main) refers to tmt.o(.bss.tmt) for tmt
    main.o(.text.main) refers to main.o(.text.feed_dog_task) for feed_dog_task
    main.o(.text.main) refers to main.o(.text.lcd_task) for lcd_task
    main.o(.text.main) refers to main.o(.text.output_task) for output_task
    main.o(.text.main) refers to main.o(.text.flash_task) for flash_task
    main.o(.text.main) refers to main.o(.text.work_task) for work_task
    main.o(.text.main) refers to main.o(.text.ec11_task) for ec11_task
    main.o(.text.main) refers to main.o(.text.key_task) for key_task
    main.o(.text.main) refers to adc_filter.o(.bss.handle_temp) for handle_temp
    main.o(.text.main) refers to ha01_handle.o(.bss.sFWHA01_t) for sFWHA01_t
    main.o(.ARM.exidx.text.main) refers to main.o(.text.main) for [Anonymous Symbol]
    main.o(.text.feed_dog_task) refers to at32f415_wdt.o(.text.wdt_counter_reload) for wdt_counter_reload
    main.o(.text.feed_dog_task) refers to main.o(.bss.feed_dog_task.first_in) for [Anonymous Symbol]
    main.o(.ARM.exidx.text.feed_dog_task) refers to main.o(.text.feed_dog_task) for [Anonymous Symbol]
    main.o(.text.lcd_task) refers to lcd_handle.o(.text.LcdProc) for LcdProc
    main.o(.text.lcd_task) refers to ha01_handle.o(.bss.sFWHA01_t) for sFWHA01_t
    main.o(.ARM.exidx.text.lcd_task) refers to main.o(.text.lcd_task) for [Anonymous Symbol]
    main.o(.text.output_task) refers to output_handle.o(.text.output_handle) for output_handle
    main.o(.text.output_task) refers to ha01_handle.o(.bss.sFWHA01_t) for sFWHA01_t
    main.o(.ARM.exidx.text.output_task) refers to main.o(.text.output_task) for [Anonymous Symbol]
    main.o(.text.flash_task) refers to flash_handle.o(.text.FlashProc) for FlashProc
    main.o(.ARM.exidx.text.flash_task) refers to main.o(.text.flash_task) for [Anonymous Symbol]
    main.o(.ARM.exidx.text.work_task) refers to main.o(.text.work_task) for [Anonymous Symbol]
    main.o(.text.ec11_task) refers to ec11_handle.o(.text.ec11_handle) for ec11_handle
    main.o(.ARM.exidx.text.ec11_task) refers to main.o(.text.ec11_task) for [Anonymous Symbol]
    main.o(.text.key_task) refers to key_handle.o(.text.key_handle) for key_handle
    main.o(.text.key_task) refers to ha01_handle.o(.bss.sFWHA01_t) for sFWHA01_t
    main.o(.ARM.exidx.text.key_task) refers to main.o(.text.key_task) for [Anonymous Symbol]
    main.o(.text.check_flash_updata) refers to at32f415_gpio.o(.text.gpio_input_data_bit_read) for gpio_input_data_bit_read
[...]
    CAN1_TX_IRQHandler                       0x0800419f   Thumb Code     0  startup_at32f415.o(.text)
    CMP1_IRQHandler                          0x0800419f   Thumb Code     0  startup_at32f415.o(.text)
    CMP2_IRQHandler                          0x0800419f   Thumb Code     0  startup_at32f415.o(.text)
    CRM_IRQHandler                           0x0800419f   Thumb Code     0  startup_at32f415.o(.text)
    DMA1_Channel1_IRQHandler                 0x0800419f   Thumb Code     0  startup_at32f415.o(.text)
    DMA1_Channel2_IRQHandler                 0x0800419f   Thumb Code     0  startup_at32f415.o(.text)
    DMA1_Channel3_IRQHandler                 0x0800419f   Thumb Code     0  startup_at32f415.o(.text)
    DMA1_Channel4_IRQHandler                 0x0800419f   Thumb Code     0  startup_at32f415.o(.text)
    DMA1_Channel5_IRQHandler                 0x0800419f   Thumb Code     0  startup_at32f415.o(.text)
    DMA1_Channel6_IRQHandler                 0x0800419f   Thumb Code     0  startup_at32f415.o(.text)
    DMA1_Channel7_IRQHandler                 0x0800419f   Thumb Code     0  startup_at32f415.o(.text)
    DMA2_Channel1_IRQHandler                 0x0800419f   Thumb Code     0  startup_at32f415.o(.text)
    DMA2_Channel2_IRQHandler                 0x0800419f   Thumb Code     0  startup_at32f415.o(.text)
    DMA2_Channel3_IRQHandler                 0x0800419f   Thumb Code     0  startup_at32f415.o(.text)
    DMA2_Channel4_5_IRQHandler               0x0800419f   Thumb Code     0  startup_at32f415.o(.text)
    DMA2_Channel6_7_IRQHandler               0x0800419f   Thumb Code     0  startup_at32f415.o(.text)
    ERTCAlarm_IRQHandler                     0x0800419f   Thumb Code     0  startup_at32f415.o(.text)
    ERTC_WKUP_IRQHandler                     0x0800419f   Thumb Code     0  startup_at32f415.o(.text)
    EXINT0_IRQHandler                        0x0800419f   Thumb Code     0  startup_at32f415.o(.text)
    EXINT15_10_IRQHandler                    0x0800419f   Thumb Code     0  startup_at32f415.o(.text)
    EXINT1_IRQHandler                        0x0800419f   Thumb Code     0  startup_at32f415.o(.text)
    EXINT2_IRQHandler                        0x0800419f   Thumb Code     0  startup_at32f415.o(.text)
    EXINT3_IRQHandler                        0x0800419f   Thumb Code     0  startup_at32f415.o(.text)
    EXINT4_IRQHandler                        0x0800419f   Thumb Code     0  startup_at32f415.o(.text)
    EXINT9_5_IRQHandler                      0x0800419f   Thumb Code     0  startup_at32f415.o(.text)
    FLASH_IRQHandler                         0x0800419f   Thumb Code     0  startup_at32f415.o(.text)
    I2C1_ERR_IRQHandler                      0x0800419f   Thumb Code     0  startup_at32f415.o(.text)
    I2C1_EVT_IRQHandler                      0x0800419f   Thumb Code     0  startup_at32f415.o(.text)
    I2C2_ERR_IRQHandler                      0x0800419f   Thumb Code     0  startup_at32f415.o(.text)
    I2C2_EVT_IRQHandler                      0x0800419f   Thumb Code     0  startup_at32f415.o(.text)
    OTGFS1_IRQHandler                        0x0800419f   Thumb Code     0  startup_at32f415.o(.text)
    OTGFS1_WKUP_IRQHandler                   0x0800419f   Thumb Code     0  startup_at32f415.o(.text)
    PVM_IRQHandler                           0x0800419f   Thumb Code     0  startup_at32f415.o(.text)
    SDIO1_IRQHandler                         0x0800419f   Thumb Code     0  startup_at32f415.o(.text)
    SPI1_IRQHandler                          0x0800419f   Thumb Code     0  startup_at32f415.o(.text)
    SPI2_IRQHandler                          0x0800419f   Thumb Code     0  startup_at32f415.o(.text)
    TAMP_STAMP_IRQHandler                    0x0800419f   Thumb Code     0  startup_at32f415.o(.text)
    TMR1_CH_IRQHandler                       0x0800419f   Thumb Code     0  startup_at32f415.o(.text)
    TMR1_OVF_TMR10_IRQHandler                0x0800419f   Thumb Code     0  startup_at32f415.o(.text)
    TMR1_TRG_HALL_TMR11_IRQHandler           0x0800419f   Thumb Code     0  startup_at32f415.o(.text)
    TMR2_GLOBAL_IRQHandler                   0x0800419f   Thumb Code     0  startup_at32f415.o(.text)
    TMR3_GLOBAL_IRQHandler                   0x0800419f   Thumb Code     0  startup_at32f415.o(.text)
    TMR4_GLOBAL_IRQHandler                   0x0800419f   Thumb Code     0  startup_at32f415.o(.text)
    UART4_IRQHandler                         0x0800419f   Thumb Code     0  startup_at32f415.o(.text)
    UART5_IRQHandler                         0x0800419f   Thumb Code     0  startup_at32f415.o(.text)
    USART2_IRQHandler                        0x0800419f   Thumb Code     0  startup_at32f415.o(.text)
    USART3_IRQHandler                        0x0800419f   Thumb Code     0  startup_at32f415.o(.text)
    WWDT_IRQHandler                          0x0800419f   Thumb Code     0  startup_at32f415.o(.text)
    __aeabi_memset                           0x080041a9   Thumb Code    14  memseta.o(.text)
    __aeabi_memset4                          0x080041a9   Thumb Code     0  memseta.o(.text)
    __aeabi_memset8                          0x080041a9   Thumb Code     0  memseta.o(.text)
    __aeabi_memclr                           0x080041b7   Thumb Code     4  memseta.o(.text)
    __aeabi_memclr4                          0x080041b7   Thumb Code     0  memseta.o(.text)
    __aeabi_memclr8                          0x080041b7   Thumb Code     0  memseta.o(.text)
    _memset$wrapper                          0x080041bb   Thumb Code    18  memseta.o(.text)
    __aeabi_fadd                             0x080041cd   Thumb Code   164  fadd.o(.text)
    __aeabi_fsub                             0x08004271   Thumb Code     6  fadd.o(.text)
    __aeabi_frsub                            0x08004277   Thumb Code     6  fadd.o(.text)
    __aeabi_fmul                             0x0800427d   Thumb Code   100  fmul.o(.text)
    __aeabi_fdiv                             0x080042e1   Thumb Code   124  fdiv.o(.text)
    __aeabi_dadd                             0x0800435d   Thumb Code   322  dadd.o(.text)
    __aeabi_dsub                             0x0800449f   Thumb Code     6  dadd.o(.text)
    __aeabi_drsub                            0x080044a5   Thumb Code     6  dadd.o(.text)
    __aeabi_dmul                             0x080044ab   Thumb Code   228  dmul.o(.text)
    __aeabi_ddiv                             0x0800458f   Thumb Code   222  ddiv.o(.text)
    __aeabi_fcmple                           0x0800466d   Thumb Code    28  fcmple.o(.text)
    __aeabi_fcmplt                           0x08004689   Thumb Code    28  fcmplt.o(.text)
    __aeabi_fcmpge                           0x080046a5   Thumb Code    28  fcmpge.o(.text)
    __aeabi_fcmpgt                           0x080046c1   Thumb Code    28  fcmpgt.o(.text)
    __aeabi_fcmpeq                           0x080046dd   Thumb Code    28  fcmpeq.o(.text)
    __aeabi_i2f                              0x080046f9   Thumb Code    18  fflti.o(.text)
    __aeabi_ui2f                             0x0800470b   Thumb Code    10  ffltui.o(.text)
    __aeabi_ui2d                             0x08004715   Thumb Code    26  dfltui.o(.text)
    __aeabi_f2iz                             0x0800472f   Thumb Code    50  ffixi.o(.text)
    __aeabi_f2uiz                            0x08004761   Thumb Code    40  ffixui.o(.text)
    __aeabi_d2iz                             0x08004789   Thumb Code    62  dfixi.o(.text)
    __aeabi_d2uiz                            0x080047c7   Thumb Code    50  dfixui.o(.text)
    __aeabi_f2d                              0x080047f9   Thumb Code    38  f2d.o(.text)
    __aeabi_d2f                              0x0800481f   Thumb Code    56  d2f.o(.text)
    __aeabi_llsl                             0x08004857   Thumb Code    30  llshl.o(.text)
    _ll_shift_l                              0x08004857   Thumb Code     0  llshl.o(.text)
    __aeabi_llsr                             0x08004875   Thumb Code    32  llushr.o(.text)
    _ll_ushift_r                             0x08004875   Thumb Code     0  llushr.o(.text)
    __aeabi_lasr                             0x08004895   Thumb Code    36  llsshr.o(.text)
    _ll_sshift_r                             0x08004895   Thumb Code     0  llsshr.o(.text)
    __I$use$fp                               0x080048b9   Thumb Code     0  iusefp.o(.text)
    _float_round                             0x080048b9   Thumb Code    18  fepilogue.o(.text)
    _float_epilogue                          0x080048cb   Thumb Code    92  fepilogue.o(.text)
    _double_round                            0x08004927   Thumb Code    30  depilogue.o(.text)
    _double_epilogue                         0x08004945   Thumb Code   156  depilogue.o(.text)
    __scatterload                            0x080049e1   Thumb Code    38  init.o(.text)
    __scatterload_rt2                        0x080049e1   Thumb Code     0  init.o(.text)
    __decompress                             0x08004a11   Thumb Code     0  __dczerorl2.o(.text)
    __decompress1                            0x08004a11   Thumb Code    86  __dczerorl2.o(.text)
    BeepProc                                 0x08004a69   Thumb Code   108  beep.o(.text.BeepProc)
    BusFault_Handler                         0x08004ad9   Thumb Code     2  at32f415_int.o(.text.BusFault_Handler)
    DebugMon_Handler                         0x08004adb   Thumb Code     2  at32f415_int.o(.text.DebugMon_Handler)
    DrawProgressBar                          0x08004add   Thumb Code   196  lcd.o(.text.DrawProgressBar)
    DrawProgressBar_2                        0x08004ba5   Thumb Code   100  lcd.o(.text.DrawProgressBar_2)
    EC11_Analyze                             0x08004c09   Thumb Code   330  encoderec11.o(.text.EC11_Analyze)
    EC11_Scan                                0x08004d65   Thumb Code   232  encoderec11.o(.text.EC11_Scan)
    FWHA01_Init                              0x08004e55   Thumb Code   200  ha01_handle.o(.text.FWHA01_Init)
    FlashProc                                0x08004f3d   Thumb Code  1124  flash_handle.o(.text.FlashProc)
    HardFault_Handler                        0x080053b5   Thumb Code     2  at32f415_int.o(.text.HardFault_Handler)
    LCD_Address_Set                          0x080053b9   Thumb Code   148  lcd.o(.text.LCD_Address_Set)
    LCD_Clear                                0x0800544d   Thumb Code    60  lcd.o(.text.LCD_Clear)
    LCD_Display_Dir                          0x08005489   Thumb Code    52  lcd.o(.text.LCD_Display_Dir)
    LCD_DrawLine                             0x080054c1   Thumb Code   158  lcd.o(.text.LCD_DrawLine)
    LCD_DrawPoint                            0x0800555f   Thumb Code    22  lcd.o(.text.LCD_DrawPoint)
    LCD_DrawRectangle                        0x08005575   Thumb Code    64  lcd.o(.text.LCD_DrawRectangle)
    LCD_Fill                                 0x080055b9   Thumb Code    60  lcd.o(.text.LCD_Fill)
    LCD_Init                                 0x080055f5   Thumb Code   368  lcd.o(.text.LCD_Init)
    LCD_RD_DATA                              0x0800577d   Thumb Code    44  lcd.o(.text.LCD_RD_DATA)
    LCD_Scan_Dir                             0x080057b1   Thumb Code   152  lcd.o(.text.LCD_Scan_Dir)
    LCD_ShowChar                             0x08005865   Thumb Code   300  lcd.o(.text.LCD_ShowChar)
    LCD_ShowIntNum                           0x080059a9   Thumb Code    92  lcd.o(.text.LCD_ShowIntNum)
    LCD_ShowString                           0x08005a05   Thumb Code    60  lcd.o(.text.LCD_ShowString)
    LCD_Show_Curve                           0x08005a41   Thumb Code   280  lcd.o(.text.LCD_Show_Curve)
    LCD_Show_Grid                            0x08005b71   Thumb Code   348  lcd.o(.text.LCD_Show_Grid)
    LCD_VISION                               0x08005d21   Thumb Code    60  lcd.o(.text.LCD_VISION)
    LCD_VISION_1                             0x08005d65   Thumb Code    60  lcd.o(.text.LCD_VISION_1)
    LCD_WR_DATA                              0x08005da9   Thumb Code    24  lcd.o(.text.LCD_WR_DATA)
    LCD_WR_REG                               0x08005dc1   Thumb Code    40  lcd.o(.text.LCD_WR_REG)
    LCD_WriteReg                             0x08005df1   Thumb Code    18  lcd.o(.text.LCD_WriteReg)
    LcdProc                                  0x08005e05   Thumb Code  2560  lcd_handle.o(.text.LcdProc)
    MemManage_Handler                        0x08006825   Thumb Code     2  at32f415_int.o(.text.MemManage_Handler)
    NMI_Handler                              0x08006827   Thumb Code     2  at32f415_int.o(.text.NMI_Handler)
    PID_Clear                                0x08006dc9   Thumb Code    14  pid_operation.o(.text.PID_Clear)
    PID_Init                                 0x08006dd7   Thumb Code    26  pid_operation.o(.text.PID_Init)
    PID_Position_Calc                        0x08006df1   Thumb Code   180  pid_operation.o(.text.PID_Position_Calc)
    PendSV_Handler                           0x08006eb1   Thumb Code     2  at32f415_int.o(.text.PendSV_Handler)
    SVC_Handler                              0x08006eb3   Thumb Code     2  at32f415_int.o(.text.SVC_Handler)
    SysTick_Handler                          0x08006eb5   Thumb Code   272  at32f415_int.o(.text.SysTick_Handler)
    SystemInit                               0x08006ff9   Thumb Code   100  system_at32f415.o(.text.SystemInit)
    TMR1_BRK_TMR9_IRQHandler                 0x0800706d   Thumb Code    44  at32f415_int.o(.text.TMR1_BRK_TMR9_IRQHandler)
    TMR5_GLOBAL_IRQHandler                   0x080070a1   Thumb Code    84  at32f415_int.o(.text.TMR5_GLOBAL_IRQHandler)
    TranferPicturetoTFT_LCD                  0x080070f9   Thumb Code   152  lcd.o(.text.TranferPicturetoTFT_LCD)
    USART1_IRQHandler                        0x080071a1   Thumb Code   100  at32_usart.o(.text.USART1_IRQHandler)
    UsageFault_Handler                       0x0800720d   Thumb Code     2  at32f415_int.o(.text.UsageFault_Handler)
    abs_limit                                0x0800720f   Thumb Code    46  pid_operation.o(.text.abs_limit)
    adc_base_config                          0x0800723d   Thumb Code    68  at32f415_adc.o(.text.adc_base_config)
    adc_base_default_para_init               0x08007281   Thumb Code     8  at32f415_adc.o(.text.adc_base_default_para_init)
    adc_calibration_init                     0x08007289   Thumb Code    10  at32f415_adc.o(.text.adc_calibration_init)
    adc_calibration_init_status_get          0x08007293   Thumb Code     8  at32f415_adc.o(.text.adc_calibration_init_status_get)
    adc_calibration_start                    0x0800729b   Thumb Code    10  at32f415_adc.o(.text.adc_calibration_start)
    adc_calibration_status_get               0x080072a5   Thumb Code     8  at32f415_adc.o(.text.adc_calibration_status_get)
    adc_enable                               0x080072ad   Thumb Code    10  at32f415_adc.o(.text.adc_enable)
    adc_flag_get                             0x080072b7   Thumb Code    10  at32f415_adc.o(.text.adc_flag_get)
    adc_ordinary_channel_set                 0x080072c1   Thumb Code    86  at32f415_adc.o(.text.adc_ordinary_channel_set)
    adc_ordinary_conversion_data_get         0x08007317   Thumb Code     6  at32f415_adc.o(.text.adc_ordinary_conversion_data_get)
    adc_ordinary_conversion_trigger_set      0x0800731d   Thumb Code    54  at32f415_adc.o(.text.adc_ordinary_conversion_trigger_set)
    adc_ordinary_part_mode_enable            0x08007353   Thumb Code    18  at32f415_adc.o(.text.adc_ordinary_part_mode_enable)
    adc_ordinary_software_trigger_enable     0x08007365   Thumb Code    18  at32f415_adc.o(.text.adc_ordinary_software_trigger_enable)
    adc_tempersensor_vintrv_enable           0x08007379   Thumb Code    20  at32f415_adc.o(.text.adc_tempersensor_vintrv_enable)
    air_ec11_get_event                       0x08007391   Thumb Code  1092  ec11_handle.o(.text.air_ec11_get_event)
    air_handle                               0x080077ed   Thumb Code   440  ec11_handle.o(.text.air_handle)
    beep_handle                              0x080079b5   Thumb Code     8  beep_handle.o(.text.beep_handle)
    check_data_all                           0x080079d1   Thumb Code   368  flash_handle.o(.text.check_data_all)
    check_flash_updata                       0x08007b71   Thumb Code    76  main.o(.text.check_flash_updata)
    crc_data_reset                           0x08007bd5   Thumb Code    12  at32f415_crc.o(.text.crc_data_reset)
    crc_init_data_set                        0x08007be1   Thumb Code     8  at32f415_crc.o(.text.crc_init_data_set)
    crc_poly_size_set                        0x08007bed   Thumb Code    20  at32f415_crc.o(.text.crc_poly_size_set)
    crc_poly_value_set                       0x08007c01   Thumb Code     8  at32f415_crc.o(.text.crc_poly_value_set)
    crc_reverse_input_data_set               0x08007c0d   Thumb Code    20  at32f415_crc.o(.text.crc_reverse_input_data_set)
    crc_reverse_output_data_set              0x08007c21   Thumb Code    20  at32f415_crc.o(.text.crc_reverse_output_data_set)
    crm_adc_clock_div_set                    0x08007c39   Thumb Code    24  at32f415_crm.o(.text.crm_adc_clock_div_set)
    crm_ahb_div_set                          0x08007c51   Thumb Code    20  at32f415_crm.o(.text.crm_ahb_div_set)
    crm_apb1_div_set                         0x08007c65   Thumb Code    20  at32f415_crm.o(.text.crm_apb1_div_set)
    crm_apb2_div_set                         0x08007c79   Thumb Code    20  at32f415_crm.o(.text.crm_apb2_div_set)
    crm_auto_step_mode_enable                0x08007c8d   Thumb Code    20  at32f415_crm.o(.text.crm_auto_step_mode_enable)
    crm_clock_source_enable                  0x08007ca5   Thumb Code    88  at32f415_crm.o(.text.crm_clock_source_enable)
    crm_clocks_freq_get                      0x08007cfd   Thumb Code   204  at32f415_crm.o(.text.crm_clocks_freq_get)
    crm_flag_get                             0x08007df5   Thumb Code    20  at32f415_crm.o(.text.crm_flag_get)
    crm_hext_stable_wait                     0x08007e09   Thumb Code    28  at32f415_crm.o(.text.crm_hext_stable_wait)
    crm_periph_clock_enable                  0x08007e25   Thumb Code    28  at32f415_crm.o(.text.crm_periph_clock_enable)
    crm_pll_config2                          0x08007e41   Thumb Code    96  at32f415_crm.o(.text.crm_pll_config2)
    crm_reset                                0x08007ea1   Thumb Code    64  at32f415_crm.o(.text.crm_reset)
    crm_sysclk_switch                        0x08007ee9   Thumb Code    28  at32f415_crm.o(.text.crm_sysclk_switch)
    crm_sysclk_switch_status_get             0x08007f05   Thumb Code    12  at32f415_crm.o(.text.crm_sysclk_switch_status_get)
    data_check_len                           0x08007f15   Thumb Code    44  flash_handle.o(.text.data_check_len)
    dma_channel_enable                       0x08007f41   Thumb Code    10  at32f415_dma.o(.text.dma_channel_enable)
    dma_default_para_init                    0x08007f4b   Thumb Code    10  at32f415_dma.o(.text.dma_default_para_init)
    dma_flag_clear                           0x08007f55   Thumb Code    20  at32f415_dma.o(.text.dma_flag_clear)
    dma_flag_get                             0x08007f69   Thumb Code    24  at32f415_dma.o(.text.dma_flag_get)
    dma_init                                 0x08007f85   Thumb Code   124  at32f415_dma.o(.text.dma_init)
    dma_reset                                0x08008001   Thumb Code    72  at32f415_dma.o(.text.dma_reset)
    ec11_event_handle                        0x0800804d   Thumb Code  2108  ec11_handle.o(.text.ec11_event_handle)
    ec11_handle                              0x080088cd   Thumb Code    60  ec11_handle.o(.text.ec11_handle)
    ec11_task                                0x08008915   Thumb Code     4  main.o(.text.ec11_task)
    event_handle                             0x08008919   Thumb Code   904  key_handle.o(.text.event_handle)
    fan_control                              0x08008ce5   Thumb Code   292  output_handle.o(.text.fan_control)
    feed_dog_task                            0x08008e35   Thumb Code    16  main.o(.text.feed_dog_task)
    filter_init                              0x08008e49   Thumb Code    32  adc_filter.o(.text.filter_init)
    flash_halfword_program                   0x08008e69   Thumb Code    20  at32f415_flash.o(.text.flash_halfword_program)
    flash_lock                               0x08008e7d   Thumb Code    12  at32f415_flash.o(.text.flash_lock)
    flash_operation_status_get               0x08008e89   Thumb Code    36  at32f415_flash.o(.text.flash_operation_status_get)
    flash_operation_wait_for                 0x08008eb1   Thumb Code    40  at32f415_flash.o(.text.flash_operation_wait_for)
    flash_sector_erase                       0x08008ed9   Thumb Code    28  at32f415_flash.o(.text.flash_sector_erase)
    flash_task                               0x08008ef9   Thumb Code     4  main.o(.text.flash_task)
    flash_unlock                             0x08008efd   Thumb Code    12  at32f415_flash.o(.text.flash_unlock)
    flash_wred_halfword                      0x08008f15   Thumb Code    40  flash.o(.text.flash_wred_halfword)
    get_adcval                               0x08008f3d   Thumb Code    48  adc_filter.o(.text.get_adcval)
    get_data_from_a                          0x08008f71   Thumb Code   152  flash_handle.o(.text.get_data_from_a)
    get_data_from_b                          0x08009011   Thumb Code   152  flash_handle.o(.text.get_data_from_b)
    get_key                                  0x080090b5   Thumb Code  1424  key_handle.o(.text.get_key)
    get_reset_data                           0x08009679   Thumb Code    88  flash_handle.o(.text.get_reset_data)
    gpio_bits_reset                          0x080096ed   Thumb Code     4  at32f415_gpio.o(.text.gpio_bits_reset)
    gpio_bits_set                            0x080096f1   Thumb Code     4  at32f415_gpio.o(.text.gpio_bits_set)
    gpio_default_para_init                   0x080096f5   Thumb Code    12  at32f415_gpio.o(.text.gpio_default_para_init)
    gpio_init                                0x08009705   Thumb Code   168  at32f415_gpio.o(.text.gpio_init)
    gpio_input_data_bit_read                 0x080097ad   Thumb Code    14  at32f415_gpio.o(.text.gpio_input_data_bit_read)
    gpio_pin_remap_config                    0x080097bd   Thumb Code    52  at32f415_gpio.o(.text.gpio_pin_remap_config)
    key_event_check                          0x080097f5   Thumb Code   284  key.o(.text.key_event_check)
    key_handle                               0x08009911   Thumb Code    44  key_handle.o(.text.key_handle)
    key_set_scan_interval                    0x08009945   Thumb Code     8  key.o(.text.key_set_scan_interval)
    key_set_timing                           0x0800994d   Thumb Code    64  key.o(.text.key_set_timing)
    key_set_timing_simple                    0x08009991   Thumb Code    28  key.o(.text.key_set_timing_simple)
    key_task                                 0x080099ad   Thumb Code    24  main.o(.text.key_task)
    lcd_task                                 0x080099c5   Thumb Code    16  main.o(.text.lcd_task)
    linear_correction                        0x080099d9   Thumb Code   224  output_handle.o(.text.linear_correction)
    main                                     0x08009ac1   Thumb Code   224  main.o(.text.main)
    move_average_filter                      0x08009bdd   Thumb Code    96  adc_filter.o(.text.move_average_filter)
    mypow                                    0x08009c59   Thumb Code    16  lcd.o(.text.mypow)
    nvic_irq_enable                          0x08009c69   Thumb Code    96  at32f415_misc.o(.text.nvic_irq_enable)
    nvic_priority_group_config               0x08009ccd   Thumb Code    24  at32f415_misc.o(.text.nvic_priority_group_config)
    nvic_vector_table_set                    0x08009ced   Thumb Code    12  at32f415_misc.o(.text.nvic_vector_table_set)
    output_handle                            0x08009d01   Thumb Code   228  output_handle.o(.text.output_handle)
    output_task                              0x08009df1   Thumb Code    16  main.o(.text.output_task)
    page_switch                              0x08009e05   Thumb Code   408  lcd_handle.o(.text.page_switch)
    pwm_control                              0x08009fb1   Thumb Code   408  output_handle.o(.text.pwm_control)
    queue_read                               0x0800a179   Thumb Code    38  util_queue.o(.text.queue_read)
    queue_write                              0x0800a19f   Thumb Code    50  util_queue.o(.text.queue_write)
    set_mode                                 0x0800a1d1   Thumb Code    60  lcd.o(.text.set_mode)
    show_cal_temp                            0x0800a211   Thumb Code   148  lcd_handle.o(.text.show_cal_temp)
    show_curve                               0x0800a2a9   Thumb Code   520  lcd_handle.o(.text.show_curve)
    show_icon                                0x0800a4d9   Thumb Code  1192  lcd_handle.o(.text.show_icon)
    show_navigation_bar                      0x0800a99d   Thumb Code   168  lcd_handle.o(.text.show_navigation_bar)
    spi_byte_write                           0x0800aa4d   Thumb Code    68  at32_spiflash.o(.text.spi_byte_write)
    spi_bytes_read                           0x0800aa91   Thumb Code   200  at32_spiflash.o(.text.spi_bytes_read)
    spi_default_para_init                    0x0800ab61   Thumb Code    14  at32f415_spi.o(.text.spi_default_para_init)
    spi_enable                               0x0800ab6f   Thumb Code    18  at32f415_spi.o(.text.spi_enable)
    spi_i2s_data_receive                     0x0800ab81   Thumb Code     6  at32f415_spi.o(.text.spi_i2s_data_receive)
    spi_i2s_data_transmit                    0x0800ab87   Thumb Code     4  at32f415_spi.o(.text.spi_i2s_data_transmit)
    spi_i2s_dma_receiver_enable              0x0800ab8b   Thumb Code    10  at32f415_spi.o(.text.spi_i2s_dma_receiver_enable)
    spi_i2s_dma_transmitter_enable           0x0800ab95   Thumb Code    18  at32f415_spi.o(.text.spi_i2s_dma_transmitter_enable)
    spi_i2s_flag_get                         0x0800aba7   Thumb Code    10  at32f415_spi.o(.text.spi_i2s_flag_get)
    spi_init                                 0x0800abb1   Thumb Code   236  at32f415_spi.o(.text.spi_init)
    spiflash_read                            0x0800ac9d   Thumb Code    64  at32_spiflash.o(.text.spiflash_read)
    system_core_clock_update                 0x0800ace5   Thumb Code   156  system_at32f415.o(.text.system_core_clock_update)
    systick_clock_source_config              0x0800ada5   Thumb Code    20  at32f415_misc.o(.text.systick_clock_source_config)
    temp_ec11_get_event                      0x0800adbd   Thumb Code  1116  ec11_handle.o(.text.temp_ec11_get_event)
    tmr_base_init                            0x0800b239   Thumb Code    14  at32f415_tmr.o(.text.tmr_base_init)
    tmr_channel_value_set                    0x0800b249   Thumb Code    32  at32f415_tmr.o(.text.tmr_channel_value_set)
    tmr_clock_source_div_set                 0x0800b269   Thumb Code    18  at32f415_tmr.o(.text.tmr_clock_source_div_set)
    tmr_cnt_dir_set                          0x0800b27b   Thumb Code    18  at32f415_tmr.o(.text.tmr_cnt_dir_set)
    tmr_counter_enable                       0x0800b28d   Thumb Code    10  at32f415_tmr.o(.text.tmr_counter_enable)
    tmr_flag_clear                           0x0800b297   Thumb Code     6  at32f415_tmr.o(.text.tmr_flag_clear)
    tmr_flag_get                             0x0800b29d   Thumb Code    10  at32f415_tmr.o(.text.tmr_flag_get)
    tmr_input_channel_init                   0x0800b2a9   Thumb Code   322  at32f415_tmr.o(.text.tmr_input_channel_init)
    tmr_interrupt_enable                     0x0800b3eb   Thumb Code    22  at32f415_tmr.o(.text.tmr_interrupt_enable)
    tmr_interrupt_flag_get                   0x0800b401   Thumb Code    20  at32f415_tmr.o(.text.tmr_interrupt_flag_get)
    tmr_one_cycle_mode_enable                0x0800b415   Thumb Code    18  at32f415_tmr.o(.text.tmr_one_cycle_mode_enable)
    tmr_output_channel_buffer_enable         0x0800b429   Thumb Code    84  at32f415_tmr.o(.text.tmr_output_channel_buffer_enable)
    tmr_output_channel_config                0x0800b47d   Thumb Code   238  at32f415_tmr.o(.text.tmr_output_channel_config)
    tmr_output_channel_immediately_set       0x0800b56d   Thumb Code    84  at32f415_tmr.o(.text.tmr_output_channel_immediately_set)
    tmr_period_buffer_enable                 0x0800b5c1   Thumb Code    18  at32f415_tmr.o(.text.tmr_period_buffer_enable)
    tmr_primary_mode_select                  0x0800b5d3   Thumb Code    18  at32f415_tmr.o(.text.tmr_primary_mode_select)
    tmr_sub_sync_mode_set                    0x0800b5e5   Thumb Code    18  at32f415_tmr.o(.text.tmr_sub_sync_mode_set)
    tmt_init                                 0x0800b681   Thumb Code    36  tmt.o(.text.tmt_init)
    usart_data_receive                       0x0800b771   Thumb Code     6  at32f415_usart.o(.text.usart_data_receive)
    usart_data_transmit                      0x0800b777   Thumb Code     8  at32f415_usart.o(.text.usart_data_transmit)
    usart_enable                             0x0800b77f   Thumb Code    18  at32f415_usart.o(.text.usart_enable)
    usart_flag_clear                         0x0800b791   Thumb Code    14  at32f415_usart.o(.text.usart_flag_clear)
    usart_flag_get                           0x0800b79f   Thumb Code    10  at32f415_usart.o(.text.usart_flag_get)
    usart_hardware_flow_control_set          0x0800b7a9   Thumb Code    62  at32f415_usart.o(.text.usart_hardware_flow_control_set)
    usart_init                               0x0800b7e9   Thumb Code   116  at32f415_usart.o(.text.usart_init)
    usart_parity_selection_config            0x0800b861   Thumb Code    52  at32f415_usart.o(.text.usart_parity_selection_config)
    usart_receiver_enable                    0x0800b895   Thumb Code    18  at32f415_usart.o(.text.usart_receiver_enable)
    usart_transmitter_enable                 0x0800b8a7   Thumb Code    18  at32f415_usart.o(.text.usart_transmitter_enable)
    voltage_to_y                             0x0800b8b9   Thumb Code   104  lcd.o(.text.voltage_to_y)
    wdt_counter_reload                       0x0800b925   Thumb Code    12  at32f415_wdt.o(.text.wdt_counter_reload)
    wdt_divider_set                          0x0800b931   Thumb Code    12  at32f415_wdt.o(.text.wdt_divider_set)
    wdt_register_write_enable                0x0800b941   Thumb Code    16  at32f415_wdt.o(.text.wdt_register_write_enable)
    wdt_reload_value_set                     0x0800b955   Thumb Code     8  at32f415_wdt.o(.text.wdt_reload_value_set)
    wk_adc1_init                             0x0800b961   Thumb Code   140  wk_adc.o(.text.wk_adc1_init)
    wk_crc_init                              0x0800b9f1   Thumb Code    44  wk_crc.o(.text.wk_crc_init)
    wk_debug_config                          0x0800ba21   Thumb Code     8  wk_debug.o(.text.wk_debug_config)
    wk_delay_ms                              0x0800ba2d   Thumb Code    28  wk_system.o(.text.wk_delay_ms)
    wk_dma1_channel1_init                    0x0800ba49   Thumb Code    52  wk_dma.o(.text.wk_dma1_channel1_init)
    wk_dma_channel_config                    0x0800ba81   Thumb Code     8  wk_dma.o(.text.wk_dma_channel_config)
    wk_gpio_config                           0x0800ba89   Thumb Code   232  wk_gpio.o(.text.wk_gpio_config)
    wk_nvic_config                           0x0800bb79   Thumb Code   100  at32f415_wk_config.o(.text.wk_nvic_config)
    wk_periph_clock_config                   0x0800bbe1   Thumb Code   108  at32f415_wk_config.o(.text.wk_periph_clock_config)
    wk_spi1_init                             0x0800bc5d   Thumb Code   116  wk_spi.o(.text.wk_spi1_init)
    wk_system_clock_config                   0x0800bcd5   Thumb Code   140  at32f415_wk_config.o(.text.wk_system_clock_config)
    wk_timebase_get                          0x0800bd69   Thumb Code     8  wk_system.o(.text.wk_timebase_get)
    wk_timebase_handler                      0x0800bd71   Thumb Code     4  wk_system.o(.text.wk_timebase_handler)
    wk_timebase_increase                     0x0800bd75   Thumb Code    12  wk_system.o(.text.wk_timebase_increase)
    wk_timebase_init                         0x0800bd85   Thumb Code    48  wk_system.o(.text.wk_timebase_init)
    wk_tmr2_init                             0x0800bdb9   Thumb Code   160  wk_tmr.o(.text.wk_tmr2_init)
    wk_tmr5_init                             0x0800be5d   Thumb Code   172  wk_tmr.o(.text.wk_tmr5_init)
    wk_tmr9_init                             0x0800bf0d   Thumb Code   100  wk_tmr.o(.text.wk_tmr9_init)
    wk_usart1_init                           0x0800bf7d   Thumb Code   108  wk_usart.o(.text.wk_usart1_init)
    wk_wdt_init                              0x0800bff5   Thumb Code    28  wk_wdt.o(.text.wk_wdt_init)
    work_task                                0x0800c011   Thumb Code     2  main.o(.text.work_task)
    __scatterload_copy                       0x0800c013   Thumb Code    14  handlers.o(i.__scatterload_copy)
    __scatterload_null                       0x0800c021   Thumb Code     2  handlers.o(i.__scatterload_null)
    __scatterload_zeroinit                   0x0800c023   Thumb Code    14  handlers.o(i.__scatterload_zeroinit)
    ascii_1206                               0x0800c430   Data        1140  lcd.o(.rodata.ascii_1206)
    ascii_1608                               0x0800c8a4   Data        1520  lcd.o(.rodata.ascii_1608)
    ascii_2412                               0x0800ce94   Data        4560  lcd.o(.rodata.ascii_2412)
    ascii_3216                               0x0800e064   Data        6080  lcd.o(.rodata.ascii_3216)
    ascii_6432                               0x0800f824   Data       24320  lcd.o(.rodata.ascii_6432)
    ascii_8040                               0x08015724   Data       38000  lcd.o(.rodata.ascii_8040)
    Region$$Table$$Base                      0x0801eba4   Number         0  anon$$obj.o(Region$$Table)
    Region$$Table$$Limit                     0x0801ebc4   Number         0  anon$$obj.o(Region$$Table)
    key_ch1                                  0x20000010   Data          20  key_handle.o(.data..L_MergedGlobals)
    key_ch2                                  0x20000024   Data          20  key_handle.o(.data..L_MergedGlobals)
    key_ch3                                  0x20000038   Data          20  key_handle.o(.data..L_MergedGlobals)
    get_key_handle1                          0x2000004c   Data          20  key_handle.o(.data..L_MergedGlobals)
    get_key_handle2                          0x20000060   Data          20  key_handle.o(.data..L_MergedGlobals)
    off_set_buff                             0x20000074   Data          41  output_handle.o(.data..L_MergedGlobals)
    wind_set_20_buff                         0x2000009d   Data          41  output_handle.o(.data..L_MergedGlobals)
    get_key_handle3                          0x200000d4   Data          20  key_handle.o(.data..L_MergedGlobals.6)
    keys                                     0x200000e8   Data          24  key_handle.o(.data..L_MergedGlobals.6)
    air_ec11                                 0x20000100   Data          56  encoderec11.o(.data.air_ec11)
    sbeep                                    0x20000140   Data          16  beep.o(.data.sbeep)
    system_core_clock                        0x20000150   Data           4  system_at32f415.o(.data.system_core_clock)
    temp_ec11                                0x20000154   Data          56  encoderec11.o(.data.temp_ec11)
    adc1_ordinary_value                      0x200001b2   Data           2  at32f415_int.o(.bss..L_MergedGlobals.1)
    tmr9_ch1_readvalue                       0x200001b4   Data           4  at32f415_int.o(.bss..L_MergedGlobals.1)
    actual_temp_refesh_time                  0x200001c8   Data           1  lcd_handle.o(.bss..L_MergedGlobals.1)
    actual_wind_refesh_time                  0x200001c9   Data           1  lcd_handle.o(.bss..L_MergedGlobals.1)
    last_coldwind_state                      0x200001ca   Data           1  lcd_handle.o(.bss..L_MergedGlobals.1)
    temp_analyze_result                      0x200001e0   Data           1  ec11_handle.o(.bss..L_MergedGlobals.1)
    air_analyze_result                       0x200001e1   Data           1  ec11_handle.o(.bss..L_MergedGlobals.1)
    adjust_state                             0x200001e2   Data           1  key_handle.o(.bss..L_MergedGlobals.7)
    key_event                                0x200001e6   Data           6  key_handle.o(.bss..L_MergedGlobals.7)
    handle_pid                               0x200005f0   Data          44  pid_operation.o(.bss.handle_pid)
    handle_temp                              0x2000061c   Data          48  adc_filter.o(.bss.handle_temp)
    lcddev                                   0x2000064c   Data          14  lcd.o(.bss.lcddev)
    sFWHA01_t                                0x200006d8   Data        1000  ha01_handle.o(.bss.sFWHA01_t)
    tUsart1Buffer                            0x20000ac4   Data          36  at32_usart.o(.bss.tUsart1Buffer)
    timebase_ticks                           0x20000aec   Data           4  wk_system.o(.bss.timebase_ticks)
    tmt                                      0x20000af0   Data          24  tmt.o(.bss.tmt)
    __initial_sp                             0x20000f08   Data           0  startup_at32f415.o(STACK)



==============================================================================

Memory Map of the image

  Image Entry point : 0x08004171

  Load Region LR_IROM1 (Base: 0x08004000, Size: 0x0001ad58, Max: 0x00020000, ABSOLUTE, COMPRESSED[0x0001aca0])

    Execution Region ER_IROM1 (Exec base: 0x08004000, Load base: 0x08004000, Size: 0x0001abc4, Max: 0x00020000, ABSOLUTE)

    Exec Addr    Load Addr    Size         Type   Attr      Idx    E Section Name        Object

    0x08004000   0x08004000   0x00000170   Data   RO          911    RESET               startup_at32f415.o
    0x08004170   0x08004170   0x00000000   Code   RO         1658  * .ARM.Collect$$$$00000000  mc_w.l(entry.o)
    0x08004170   0x08004170   0x00000004   Code   RO         1993    .ARM.Collect$$$$00000001  mc_w.l(entry2.o)
    0x08004174   0x08004174   0x00000004   Code   RO         1996    .ARM.Collect$$$$00000004  mc_w.l(entry5.o)
    0x08004178   0x08004178   0x00000000   Code   RO         1998    .ARM.Collect$$$$00000008  mc_w.l(entry7b.o)
    0x08004178   0x08004178   0x00000000   Code   RO         2000    .ARM.Collect$$$$0000000A  mc_w.l(entry8b.o)
    0x08004178   0x08004178   0x00000008   Code   RO         2001    .ARM.Collect$$$$0000000B  mc_w.l(entry9a.o)
    0x08004180   0x08004180   0x00000000   Code   RO         2003    .ARM.Collect$$$$0000000D  mc_w.l(entry10a.o)
    0x08004180   0x08004180   0x00000000   Code   RO         2005    .ARM.Collect$$$$0000000F  mc_w.l(entry11a.o)
    0x08004180   0x08004180   0x00000004   Code   RO         1994    .ARM.Collect$$$$00002712  mc_w.l(entry2.o)
    0x08004184   0x08004184   0x00000024   Code   RO          912    .text               startup_at32f415.o
    0x080041a8   0x080041a8   0x00000024   Code   RO         1663    .text               mc_w.l(memseta.o)
    0x080041cc   0x080041cc   0x000000b0   Code   RO         1926    .text               mf_w.l(fadd.o)
    0x0800427c   0x0800427c   0x00000064   Code   RO         1928    .text               mf_w.l(fmul.o)
    0x080042e0   0x080042e0   0x0000007c   Code   RO         1930    .text               mf_w.l(fdiv.o)
    0x0800435c   0x0800435c   0x0000014e   Code   RO         1932    .text               mf_w.l(dadd.o)
    0x080044aa   0x080044aa   0x000000e4   Code   RO         1934    .text               mf_w.l(dmul.o)
    0x0800458e   0x0800458e   0x000000de   Code   RO         1936    .text               mf_w.l(ddiv.o)
    0x0800466c   0x0800466c   0x0000001c   Code   RO         1938    .text               mf_w.l(fcmple.o)
    0x08004688   0x08004688   0x0000001c   Code   RO         1940    .text               mf_w.l(fcmplt.o)
    0x080046a4   0x080046a4   0x0000001c   Code   RO         1942    .text               mf_w.l(fcmpge.o)
    0x080046c0   0x080046c0   0x0000001c   Code   RO         1944    .text               mf_w.l(fcmpgt.o)
    0x080046dc   0x080046dc   0x0000001c   Code   RO         1946    .text               mf_w.l(fcmpeq.o)
    0x080046f8   0x080046f8   0x00000012   Code   RO         1948    .text               mf_w.l(fflti.o)
    0x0800470a   0x0800470a   0x0000000a   Code   RO         1950    .text               mf_w.l(ffltui.o)
    0x08004714   0x08004714   0x0000001a   Code   RO         1954    .text               mf_w.l(dfltui.o)
    0x0800472e   0x0800472e   0x00000032   Code   RO         1956    .text               mf_w.l(ffixi.o)
    0x08004760   0x08004760   0x00000028   Code   RO         1958    .text               mf_w.l(ffixui.o)
    0x08004788   0x08004788   0x0000003e   Code   RO         1960    .text               mf_w.l(dfixi.o)
    0x080047c6   0x080047c6   0x00000032   Code   RO         1962    .text               mf_w.l(dfixui.o)
    0x080047f8   0x080047f8   0x00000026   Code   RO         1964    .text               mf_w.l(f2d.o)
    0x0800481e   0x0800481e   0x00000038   Code   RO         1966    .text               mf_w.l(d2f.o)
    0x08004856   0x08004856   0x0000001e   Code   RO         2025    .text               mc_w.l(llshl.o)
    0x08004874   0x08004874   0x00000020   Code   RO         2027    .text               mc_w.l(llushr.o)
    0x08004894   0x08004894   0x00000024   Code   RO         2029    .text               mc_w.l(llsshr.o)
    0x080048b8   0x080048b8   0x00000000   Code   RO         2038    .text               mc_w.l(iusefp.o)
    0x080048b8   0x080048b8   0x0000006e   Code   RO         2039    .text               mf_w.l(fepilogue.o)
    0x08004926   0x08004926   0x000000ba   Code   RO         2041    .text               mf_w.l(depilogue.o)
    0x080049e0   0x080049e0   0x00000030   Code   RO         2051    .text               mc_w.l(init.o)
    0x08004a10   0x08004a10   0x00000056   Code   RO         2065    .text               mc_w.l(__dczerorl2.o)
    0x08004a66   0x08004a66   0x00000002   PAD
    0x08004a68   0x08004a68   0x00000070   Code   RO         1331    .text.BeepProc      beep.o
    0x08004ad8   0x08004ad8   0x00000002   Code   RO           56    .text.BusFault_Handler  at32f415_int.o
    0x08004ada   0x08004ada   0x00000002   Code   RO           62    .text.DebugMon_Handler  at32f415_int.o
    0x08004adc   0x08004adc   0x000000c8   Code   RO         1481    .text.DrawProgressBar  lcd.o
    0x08004ba4   0x08004ba4   0x00000064   Code   RO         1483    .text.DrawProgressBar_2  lcd.o
    0x08004c08   0x08004c08   0x0000014a   Code   RO         1591    .text.EC11_Analyze  encoderec11.o
    0x08004d52   0x08004d52   0x00000010   Code   RO         1589    .text.EC11_ReadPin  encoderec11.o
    0x08004d62   0x08004d62   0x00000002   PAD
    0x08004d64   0x08004d64   0x000000f0   Code   RO         1587    .text.EC11_Scan     encoderec11.o
    0x08004e54   0x08004e54   0x000000e8   Code   RO          919    .text.FWHA01_Init   ha01_handle.o
    0x08004f3c   0x08004f3c   0x00000478   Code   RO          941    .text.FlashProc     flash_handle.o
    0x080053b4   0x080053b4   0x00000002   Code   RO           52    .text.HardFault_Handler  at32f415_int.o
    0x080053b6   0x080053b6   0x00000002   PAD
    0x080053b8   0x080053b8   0x00000094   Code   RO         1417    .text.LCD_Address_Set  lcd.o
    0x0800544c   0x0800544c   0x0000003c   Code   RO         1425    .text.LCD_Clear     lcd.o
    0x08005488   0x08005488   0x00000038   Code   RO         1475    .text.LCD_Display_Dir  lcd.o
    0x080054c0   0x080054c0   0x0000009e   Code   RO         1431    .text.LCD_DrawLine  lcd.o
    0x0800555e   0x0800555e   0x00000016   Code   RO         1429    .text.LCD_DrawPoint  lcd.o
    0x08005574   0x08005574   0x00000044   Code   RO         1433    .text.LCD_DrawRectangle  lcd.o
    0x080055b8   0x080055b8   0x0000003c   Code   RO         1427    .text.LCD_Fill      lcd.o
    0x080055f4   0x080055f4   0x00000188   Code   RO         1477    .text.LCD_Init      lcd.o
    0x0800577c   0x0800577c   0x00000034   Code   RO         1415    .text.LCD_RD_DATA   lcd.o
    0x080057b0   0x080057b0   0x000000b4   Code   RO         1473    .text.LCD_Scan_Dir  lcd.o
    0x08005864   0x08005864   0x00000144   Code   RO         1447    .text.LCD_ShowChar  lcd.o
    0x080059a8   0x080059a8   0x0000005c   Code   RO         1457    .text.LCD_ShowIntNum  lcd.o
    0x08005a04   0x08005a04   0x0000003c   Code   RO         1453    .text.LCD_ShowString  lcd.o
    0x08005a40   0x08005a40   0x00000130   Code   RO         1493    .text.LCD_Show_Curve  lcd.o
    0x08005b70   0x08005b70   0x000001b0   Code   RO         1491    .text.LCD_Show_Grid  lcd.o
    0x08005d20   0x08005d20   0x00000044   Code   RO         1495    .text.LCD_VISION    lcd.o
    0x08005d64   0x08005d64   0x00000044   Code   RO         1497    .text.LCD_VISION_1  lcd.o
    0x08005da8   0x08005da8   0x00000018   Code   RO         1413    .text.LCD_WR_DATA   lcd.o
    0x08005dc0   0x08005dc0   0x00000030   Code   RO         1409    .text.LCD_WR_REG    lcd.o
    0x08005df0   0x08005df0   0x00000012   Code   RO         1469    .text.LCD_WriteReg  lcd.o
    0x08005e02   0x08005e02   0x00000002   PAD
    0x08005e04   0x08005e04   0x00000a20   Code   RO         1098    .text.LcdProc       lcd_handle.o
    0x08006824   0x08006824   0x00000002   Code   RO           54    .text.MemManage_Handler  at32f415_int.o
    0x08006826   0x08006826   0x00000002   Code   RO           50    .text.NMI_Handler   at32f415_int.o
    0x08006828   0x08006828   0x00000010   Code   RO           22    .text.OUTLINED_FUNCTION_0  main.o
    0x08006838   0x08006838   0x00000006   Code   RO           40    .text.OUTLINED_FUNCTION_0  at32f415_wk_config.o
    0x0800683e   0x0800683e   0x0000000a   Code   RO          130    .text.OUTLINED_FUNCTION_0  wk_tmr.o
    0x08006848   0x08006848   0x0000000c   Code   RO          171    .text.OUTLINED_FUNCTION_0  wk_gpio.o
    0x08006854   0x08006854   0x0000000e   Code   RO          256    .text.OUTLINED_FUNCTION_0  at32f415_adc.o
    0x08006862   0x08006862   0x00000016   Code   RO          338    .text.OUTLINED_FUNCTION_0  at32f415_crm.o
    0x08006878   0x08006878   0x0000000e   Code   RO          747    .text.OUTLINED_FUNCTION_0  at32f415_tmr.o
    0x08006886   0x08006886   0x00000006   Code   RO          951    .text.OUTLINED_FUNCTION_0  flash_handle.o
    0x0800688c   0x0800688c   0x0000000c   Code   RO         1006    .text.OUTLINED_FUNCTION_0  key_handle.o
    0x08006898   0x08006898   0x00000012   Code   RO         1060    .text.OUTLINED_FUNCTION_0  output_handle.o
    0x080068aa   0x080068aa   0x0000000e   Code   RO         1110    .text.OUTLINED_FUNCTION_0  lcd_handle.o
    0x080068b8   0x080068b8   0x0000000c   Code   RO         1169    .text.OUTLINED_FUNCTION_0  ec11_handle.o
    0x080068c4   0x080068c4   0x0000000e   Code   RO         1593    .text.OUTLINED_FUNCTION_0  encoderec11.o
    0x080068d2   0x080068d2   0x0000000e   Code   RO         1639    .text.OUTLINED_FUNCTION_0  tmt.o
    0x080068e0   0x080068e0   0x00000008   Code   RO          132    .text.OUTLINED_FUNCTION_1  wk_tmr.o
    0x080068e8   0x080068e8   0x0000000c   Code   RO          173    .text.OUTLINED_FUNCTION_1  wk_gpio.o
    0x080068f4   0x080068f4   0x00000010   Code   RO          459    .text.OUTLINED_FUNCTION_1  at32f415_flash.o
    0x08006904   0x08006904   0x00000006   Code   RO          953    .text.OUTLINED_FUNCTION_1  flash_handle.o
    0x0800690a   0x0800690a   0x00000014   Code   RO         1008    .text.OUTLINED_FUNCTION_1  key_handle.o
    0x0800691e   0x0800691e   0x0000000e   Code   RO         1062    .text.OUTLINED_FUNCTION_1  output_handle.o
    0x0800692c   0x0800692c   0x00000010   Code   RO         1112    .text.OUTLINED_FUNCTION_1  lcd_handle.o
    0x0800693c   0x0800693c   0x0000000c   Code   RO         1171    .text.OUTLINED_FUNCTION_1  ec11_handle.o
    0x08006948   0x08006948   0x0000000a   Code   RO          971    .text.OUTLINED_FUNCTION_10  flash_handle.o
    0x08006952   0x08006952   0x0000000c   Code   RO         1026    .text.OUTLINED_FUNCTION_10  key_handle.o
    0x0800695e   0x0800695e   0x00000006   Code   RO         1130    .text.OUTLINED_FUNCTION_10  lcd_handle.o
    0x08006964   0x08006964   0x00000008   Code   RO         1189    .text.OUTLINED_FUNCTION_10  ec11_handle.o
    0x0800696c   0x0800696c   0x0000000a   Code   RO          973    .text.OUTLINED_FUNCTION_11  flash_handle.o
    0x08006976   0x08006976   0x00000008   Code   RO         1028    .text.OUTLINED_FUNCTION_11  key_handle.o
    0x0800697e   0x0800697e   0x00000006   Code   RO         1132    .text.OUTLINED_FUNCTION_11  lcd_handle.o
    0x08006984   0x08006984   0x00000006   Code   RO         1191    .text.OUTLINED_FUNCTION_11  ec11_handle.o
    0x0800698a   0x0800698a   0x0000000a   Code   RO         1521    .text.OUTLINED_FUNCTION_11  lcd.o
    0x08006994   0x08006994   0x0000000a   Code   RO          975    .text.OUTLINED_FUNCTION_12  flash_handle.o
    0x0800699e   0x0800699e   0x0000000a   Code   RO         1030    .text.OUTLINED_FUNCTION_12  key_handle.o
    0x080069a8   0x080069a8   0x0000000e   Code   RO         1134    .text.OUTLINED_FUNCTION_12  lcd_handle.o
    0x080069b6   0x080069b6   0x0000000a   Code   RO         1193    .text.OUTLINED_FUNCTION_12  ec11_handle.o
    0x080069c0   0x080069c0   0x0000000a   Code   RO          977    .text.OUTLINED_FUNCTION_13  flash_handle.o
    0x080069ca   0x080069ca   0x0000000a   Code   RO         1032    .text.OUTLINED_FUNCTION_13  key_handle.o
    0x080069d4   0x080069d4   0x0000000e   Code   RO         1136    .text.OUTLINED_FUNCTION_13  lcd_handle.o
    0x080069e2   0x080069e2   0x0000000a   Code   RO         1195    .text.OUTLINED_FUNCTION_13  ec11_handle.o
    0x080069ec   0x080069ec   0x0000001e   Code   RO         1525    .text.OUTLINED_FUNCTION_13  lcd.o
    0x08006a0a   0x08006a0a   0x00000006   Code   RO         1034    .text.OUTLINED_FUNCTION_14  key_handle.o
    0x08006a10   0x08006a10   0x00000006   Code   RO         1138    .text.OUTLINED_FUNCTION_14  lcd_handle.o
    0x08006a16   0x08006a16   0x00000010   Code   RO         1197    .text.OUTLINED_FUNCTION_14  ec11_handle.o
    0x08006a26   0x08006a26   0x0000001e   Code   RO         1527    .text.OUTLINED_FUNCTION_14  lcd.o
    0x08006a44   0x08006a44   0x00000006   Code   RO         1036    .text.OUTLINED_FUNCTION_15  key_handle.o
    0x08006a4a   0x08006a4a   0x00000006   Code   RO         1140    .text.OUTLINED_FUNCTION_15  lcd_handle.o
    0x08006a50   0x08006a50   0x00000010   Code   RO         1199    .text.OUTLINED_FUNCTION_15  ec11_handle.o
    0x08006a60   0x08006a60   0x0000000e   Code   RO         1038    .text.OUTLINED_FUNCTION_16  key_handle.o
    0x08006a6e   0x08006a6e   0x00000006   Code   RO         1142    .text.OUTLINED_FUNCTION_16  lcd_handle.o
    0x08006a74   0x08006a74   0x00000010   Code   RO         1201    .text.OUTLINED_FUNCTION_16  ec11_handle.o
    0x08006a84   0x08006a84   0x0000000e   Code   RO         1144    .text.OUTLINED_FUNCTION_17  lcd_handle.o
    0x08006a92   0x08006a92   0x0000000a   Code   RO         1203    .text.OUTLINED_FUNCTION_17  ec11_handle.o
    0x08006a9c   0x08006a9c   0x0000000a   Code   RO         1533    .text.OUTLINED_FUNCTION_17  lcd.o
    0x08006aa6   0x08006aa6   0x0000000a   Code   RO         1205    .text.OUTLINED_FUNCTION_18  ec11_handle.o
    0x08006ab0   0x08006ab0   0x0000000a   Code   RO         1207    .text.OUTLINED_FUNCTION_19  ec11_handle.o
    0x08006aba   0x08006aba   0x00000008   Code   RO          461    .text.OUTLINED_FUNCTION_2  at32f415_flash.o
    0x08006ac2   0x08006ac2   0x00000006   Code   RO          955    .text.OUTLINED_FUNCTION_2  flash_handle.o
    0x08006ac8   0x08006ac8   0x00000014   Code   RO         1010    .text.OUTLINED_FUNCTION_2  key_handle.o
    0x08006adc   0x08006adc   0x0000000c   Code   RO         1064    .text.OUTLINED_FUNCTION_2  output_handle.o
    0x08006ae8   0x08006ae8   0x00000014   Code   RO         1114    .text.OUTLINED_FUNCTION_2  lcd_handle.o
    0x08006afc   0x08006afc   0x00000008   Code   RO         1173    .text.OUTLINED_FUNCTION_2  ec11_handle.o
    0x08006b04   0x08006b04   0x00000006   Code   RO         1286    .text.OUTLINED_FUNCTION_2  at32_spiflash.o
    0x08006b0a   0x08006b0a   0x00000014   Code   RO         1503    .text.OUTLINED_FUNCTION_2  lcd.o
    0x08006b1e   0x08006b1e   0x0000000a   Code   RO         1209    .text.OUTLINED_FUNCTION_20  ec11_handle.o
    0x08006b28   0x08006b28   0x00000008   Code   RO         1539    .text.OUTLINED_FUNCTION_20  lcd.o
    0x08006b30   0x08006b30   0x0000000a   Code   RO         1211    .text.OUTLINED_FUNCTION_21  ec11_handle.o
    0x08006b3a   0x08006b3a   0x00000006   Code   RO         1541    .text.OUTLINED_FUNCTION_21  lcd.o
    0x08006b40   0x08006b40   0x0000000a   Code   RO         1213    .text.OUTLINED_FUNCTION_22  ec11_handle.o
    0x08006b4a   0x08006b4a   0x00000008   Code   RO         1543    .text.OUTLINED_FUNCTION_22  lcd.o
    0x08006b52   0x08006b52   0x0000000a   Code   RO         1215    .text.OUTLINED_FUNCTION_23  ec11_handle.o
    0x08006b5c   0x08006b5c   0x0000000c   Code   RO         1545    .text.OUTLINED_FUNCTION_23  lcd.o
    0x08006b68   0x08006b68   0x0000000a   Code   RO         1217    .text.OUTLINED_FUNCTION_24  ec11_handle.o
    0x08006b72   0x08006b72   0x00000006   Code   RO         1219    .text.OUTLINED_FUNCTION_25  ec11_handle.o
    0x08006b78   0x08006b78   0x0000000a   Code   RO         1549    .text.OUTLINED_FUNCTION_25  lcd.o
    0x08006b82   0x08006b82   0x00000006   Code   RO         1221    .text.OUTLINED_FUNCTION_26  ec11_handle.o
    0x08006b88   0x08006b88   0x0000000a   Code   RO         1551    .text.OUTLINED_FUNCTION_26  lcd.o
    0x08006b92   0x08006b92   0x0000000c   Code   RO         1223    .text.OUTLINED_FUNCTION_27  ec11_handle.o
    0x08006b9e   0x08006b9e   0x0000000a   Code   RO         1557    .text.OUTLINED_FUNCTION_29  lcd.o
    0x08006ba8   0x08006ba8   0x0000000e   Code   RO          753    .text.OUTLINED_FUNCTION_3  at32f415_tmr.o
    0x08006bb6   0x08006bb6   0x0000000a   Code   RO          957    .text.OUTLINED_FUNCTION_3  flash_handle.o
    0x08006bc0   0x08006bc0   0x00000008   Code   RO         1012    .text.OUTLINED_FUNCTION_3  key_handle.o
    0x08006bc8   0x08006bc8   0x0000000a   Code   RO         1066    .text.OUTLINED_FUNCTION_3  output_handle.o
    0x08006bd2   0x08006bd2   0x0000000c   Code   RO         1116    .text.OUTLINED_FUNCTION_3  lcd_handle.o
    0x08006bde   0x08006bde   0x0000000a   Code   RO         1175    .text.OUTLINED_FUNCTION_3  ec11_handle.o
    0x08006be8   0x08006be8   0x00000006   Code   RO         1288    .text.OUTLINED_FUNCTION_3  at32_spiflash.o
    0x08006bee   0x08006bee   0x0000000a   Code   RO          465    .text.OUTLINED_FUNCTION_4  at32f415_flash.o
    0x08006bf8   0x08006bf8   0x0000000e   Code   RO          755    .text.OUTLINED_FUNCTION_4  at32f415_tmr.o
    0x08006c06   0x08006c06   0x0000000a   Code   RO          959    .text.OUTLINED_FUNCTION_4  flash_handle.o
    0x08006c10   0x08006c10   0x0000000e   Code   RO         1014    .text.OUTLINED_FUNCTION_4  key_handle.o
    0x08006c1e   0x08006c1e   0x00000006   Code   RO         1068    .text.OUTLINED_FUNCTION_4  output_handle.o
    0x08006c24   0x08006c24   0x0000000a   Code   RO         1118    .text.OUTLINED_FUNCTION_4  lcd_handle.o
    0x08006c2e   0x08006c2e   0x0000001e   Code   RO         1177    .text.OUTLINED_FUNCTION_4  ec11_handle.o
    0x08006c4c   0x08006c4c   0x00000014   Code   RO         1507    .text.OUTLINED_FUNCTION_4  lcd.o
    0x08006c60   0x08006c60   0x0000000e   Code   RO          757    .text.OUTLINED_FUNCTION_5  at32f415_tmr.o
    0x08006c6e   0x08006c6e   0x0000000a   Code   RO          961    .text.OUTLINED_FUNCTION_5  flash_handle.o
    0x08006c78   0x08006c78   0x00000012   Code   RO         1016    .text.OUTLINED_FUNCTION_5  key_handle.o
    0x08006c8a   0x08006c8a   0x00000006   Code   RO         1070    .text.OUTLINED_FUNCTION_5  output_handle.o
    0x08006c90   0x08006c90   0x0000000c   Code   RO         1120    .text.OUTLINED_FUNCTION_5  lcd_handle.o
    0x08006c9c   0x08006c9c   0x0000000c   Code   RO         1179    .text.OUTLINED_FUNCTION_5  ec11_handle.o
    0x08006ca8   0x08006ca8   0x0000000a   Code   RO          469    .text.OUTLINED_FUNCTION_6  at32f415_flash.o
    0x08006cb2   0x08006cb2   0x0000000e   Code   RO          759    .text.OUTLINED_FUNCTION_6  at32f415_tmr.o
    0x08006cc0   0x08006cc0   0x0000000a   Code   RO          963    .text.OUTLINED_FUNCTION_6  flash_handle.o
    0x08006cca   0x08006cca   0x00000012   Code   RO         1018    .text.OUTLINED_FUNCTION_6  key_handle.o
    0x08006cdc   0x08006cdc   0x0000000a   Code   RO         1122    .text.OUTLINED_FUNCTION_6  lcd_handle.o
    0x08006ce6   0x08006ce6   0x0000000c   Code   RO         1181    .text.OUTLINED_FUNCTION_6  ec11_handle.o
    0x08006cf2   0x08006cf2   0x0000000e   Code   RO         1511    .text.OUTLINED_FUNCTION_6  lcd.o
    0x08006d00   0x08006d00   0x0000000e   Code   RO          761    .text.OUTLINED_FUNCTION_7  at32f415_tmr.o
    0x08006d0e   0x08006d0e   0x0000000a   Code   RO          965    .text.OUTLINED_FUNCTION_7  flash_handle.o
    0x08006d18   0x08006d18   0x0000000a   Code   RO         1020    .text.OUTLINED_FUNCTION_7  key_handle.o
    0x08006d22   0x08006d22   0x00000010   Code   RO         1124    .text.OUTLINED_FUNCTION_7  lcd_handle.o
    0x08006d32   0x08006d32   0x0000000c   Code   RO         1183    .text.OUTLINED_FUNCTION_7  ec11_handle.o
    0x08006d3e   0x08006d3e   0x0000000e   Code   RO         1513    .text.OUTLINED_FUNCTION_7  lcd.o
    0x08006d4c   0x08006d4c   0x00000008   Code   RO          763    .text.OUTLINED_FUNCTION_8  at32f415_tmr.o
    0x08006d54   0x08006d54   0x0000000a   Code   RO          967    .text.OUTLINED_FUNCTION_8  flash_handle.o
    0x08006d5e   0x08006d5e   0x0000000c   Code   RO         1022    .text.OUTLINED_FUNCTION_8  key_handle.o
    0x08006d6a   0x08006d6a   0x00000006   Code   RO         1126    .text.OUTLINED_FUNCTION_8  lcd_handle.o
    0x08006d70   0x08006d70   0x00000012   Code   RO         1185    .text.OUTLINED_FUNCTION_8  ec11_handle.o
    0x08006d82   0x08006d82   0x0000000e   Code   RO         1515    .text.OUTLINED_FUNCTION_8  lcd.o
    0x08006d90   0x08006d90   0x0000000a   Code   RO          765    .text.OUTLINED_FUNCTION_9  at32f415_tmr.o
    0x08006d9a   0x08006d9a   0x0000000a   Code   RO          969    .text.OUTLINED_FUNCTION_9  flash_handle.o
    0x08006da4   0x08006da4   0x0000000a   Code   RO         1024    .text.OUTLINED_FUNCTION_9  key_handle.o
    0x08006dae   0x08006dae   0x00000010   Code   RO         1128    .text.OUTLINED_FUNCTION_9  lcd_handle.o
    0x08006dbe   0x08006dbe   0x0000000a   Code   RO         1187    .text.OUTLINED_FUNCTION_9  ec11_handle.o
    0x08006dc8   0x08006dc8   0x0000000e   Code   RO         1612    .text.PID_Clear     pid_operation.o
    0x08006dd6   0x08006dd6   0x0000001a   Code   RO         1610    .text.PID_Init      pid_operation.o
    0x08006df0   0x08006df0   0x000000c0   Code   RO         1608    .text.PID_Position_Calc  pid_operation.o
    0x08006eb0   0x08006eb0   0x00000002   Code   RO           64    .text.PendSV_Handler  at32f415_int.o
    0x08006eb2   0x08006eb2   0x00000002   Code   RO           60    .text.SVC_Handler   at32f415_int.o
    0x08006eb4   0x08006eb4   0x00000144   Code   RO           66    .text.SysTick_Handler  at32f415_int.o
    0x08006ff8   0x08006ff8   0x00000074   Code   RO          897    .text.SystemInit    system_at32f415.o
    0x0800706c   0x0800706c   0x00000034   Code   RO           68    .text.TMR1_BRK_TMR9_IRQHandler  at32f415_int.o
    0x080070a0   0x080070a0   0x00000058   Code   RO           70    .text.TMR5_GLOBAL_IRQHandler  at32f415_int.o
    0x080070f8   0x080070f8   0x000000a8   Code   RO         1479    .text.TranferPicturetoTFT_LCD  lcd.o
    0x080071a0   0x080071a0   0x0000006c   Code   RO         1307    .text.USART1_IRQHandler  at32_usart.o
    0x0800720c   0x0800720c   0x00000002   Code   RO           58    .text.UsageFault_Handler  at32f415_int.o
    0x0800720e   0x0800720e   0x0000002e   Code   RO         1606    .text.abs_limit     pid_operation.o
    0x0800723c   0x0800723c   0x00000044   Code   RO          196    .text.adc_base_config  at32f415_adc.o
    0x08007280   0x08007280   0x00000008   Code   RO          194    .text.adc_base_default_para_init  at32f415_adc.o
    0x08007288   0x08007288   0x0000000a   Code   RO          202    .text.adc_calibration_init  at32f415_adc.o
    0x08007292   0x08007292   0x00000008   Code   RO          204    .text.adc_calibration_init_status_get  at32f415_adc.o
    0x0800729a   0x0800729a   0x0000000a   Code   RO          206    .text.adc_calibration_start  at32f415_adc.o
    0x080072a4   0x080072a4   0x00000008   Code   RO          208    .text.adc_calibration_status_get  at32f415_adc.o
    0x080072ac   0x080072ac   0x0000000a   Code   RO          192    .text.adc_enable    at32f415_adc.o
    0x080072b6   0x080072b6   0x0000000a   Code   RO          250    .text.adc_flag_get  at32f415_adc.o
    0x080072c0   0x080072c0   0x00000056   Code   RO          216    .text.adc_ordinary_channel_set  at32f415_adc.o
    0x08007316   0x08007316   0x00000006   Code   RO          246    .text.adc_ordinary_conversion_data_get  at32f415_adc.o
    0x0800731c   0x0800731c   0x00000036   Code   RO          222    .text.adc_ordinary_conversion_trigger_set  at32f415_adc.o
    0x08007352   0x08007352   0x00000012   Code   RO          230    .text.adc_ordinary_part_mode_enable  at32f415_adc.o
    0x08007364   0x08007364   0x00000012   Code   RO          238    .text.adc_ordinary_software_trigger_enable  at32f415_adc.o
    0x08007376   0x08007376   0x00000002   PAD
    0x08007378   0x08007378   0x00000018   Code   RO          236    .text.adc_tempersensor_vintrv_enable  at32f415_adc.o
    0x08007390   0x08007390   0x0000045c   Code   RO         1165    .text.air_ec11_get_event  ec11_handle.o
    0x080077ec   0x080077ec   0x000001c8   Code   RO         1167    .text.air_handle    ec11_handle.o
    0x080079b4   0x080079b4   0x0000000c   Code   RO          929    .text.beep_handle   beep_handle.o
    0x080079c0   0x080079c0   0x00000008   Code   RO         1329    .text.beep_off      beep.o
    0x080079c8   0x080079c8   0x00000008   Code   RO         1327    .text.beep_on       beep.o
    0x080079d0   0x080079d0   0x000001a0   Code   RO          949    .text.check_data_all  flash_handle.o
    0x08007b70   0x08007b70   0x00000064   Code   RO           18    .text.check_flash_updata  main.o
    0x08007bd4   0x08007bd4   0x0000000c   Code   RO          863    .text.crc_data_reset  at32f415_crc.o
    0x08007be0   0x08007be0   0x0000000c   Code   RO          875    .text.crc_init_data_set  at32f415_crc.o
    0x08007bec   0x08007bec   0x00000014   Code   RO          885    .text.crc_poly_size_set  at32f415_crc.o
    0x08007c00   0x08007c00   0x0000000c   Code   RO          881    .text.crc_poly_value_set  at32f415_crc.o
    0x08007c0c   0x08007c0c   0x00000014   Code   RO          877    .text.crc_reverse_input_data_set  at32f415_crc.o
    0x08007c20   0x08007c20   0x00000018   Code   RO          879    .text.crc_reverse_output_data_set  at32f415_crc.o
    0x08007c38   0x08007c38   0x00000018   Code   RO          302    .text.crm_adc_clock_div_set  at32f415_crm.o
    0x08007c50   0x08007c50   0x00000014   Code   RO          296    .text.crm_ahb_div_set  at32f415_crm.o
    0x08007c64   0x08007c64   0x00000014   Code   RO          298    .text.crm_apb1_div_set  at32f415_crm.o
    0x08007c78   0x08007c78   0x00000014   Code   RO          300    .text.crm_apb2_div_set  at32f415_crm.o
    0x08007c8c   0x08007c8c   0x00000018   Code   RO          324    .text.crm_auto_step_mode_enable  at32f415_crm.o
    0x08007ca4   0x08007ca4   0x00000058   Code   RO          288    .text.crm_clock_source_enable  at32f415_crm.o
    0x08007cfc   0x08007cfc   0x000000f8   Code   RO          318    .text.crm_clocks_freq_get  at32f415_crm.o
    0x08007df4   0x08007df4   0x00000014   Code   RO          272    .text.crm_flag_get  at32f415_crm.o
    0x08007e08   0x08007e08   0x0000001c   Code   RO          276    .text.crm_hext_stable_wait  at32f415_crm.o
    0x08007e24   0x08007e24   0x0000001c   Code   RO          282    .text.crm_periph_clock_enable  at32f415_crm.o
    0x08007e40   0x08007e40   0x00000060   Code   RO          312    .text.crm_pll_config2  at32f415_crm.o
    0x08007ea0   0x08007ea0   0x00000048   Code   RO          266    .text.crm_reset     at32f415_crm.o
    0x08007ee8   0x08007ee8   0x0000001c   Code   RO          314    .text.crm_sysclk_switch  at32f415_crm.o
    0x08007f04   0x08007f04   0x00000010   Code   RO          316    .text.crm_sysclk_switch_status_get  at32f415_crm.o
    0x08007f14   0x08007f14   0x0000002c   Code   RO          939    .text.data_check_len  flash_handle.o
    0x08007f40   0x08007f40   0x0000000a   Code   RO          369    .text.dma_channel_enable  at32f415_dma.o
    0x08007f4a   0x08007f4a   0x0000000a   Code   RO          379    .text.dma_default_para_init  at32f415_dma.o
    0x08007f54   0x08007f54   0x00000014   Code   RO          377    .text.dma_flag_clear  at32f415_dma.o
    0x08007f68   0x08007f68   0x0000001c   Code   RO          375    .text.dma_flag_get  at32f415_dma.o
    0x08007f84   0x08007f84   0x0000007c   Code   RO          381    .text.dma_init      at32f415_dma.o
    0x08008000   0x08008000   0x0000004c   Code   RO          361    .text.dma_reset     at32f415_dma.o
    0x0800804c   0x0800804c   0x00000880   Code   RO         1163    .text.ec11_event_handle  ec11_handle.o
    0x080088cc   0x080088cc   0x00000048   Code   RO         1159    .text.ec11_handle   ec11_handle.o
    0x08008914   0x08008914   0x00000004   Code   RO           14    .text.ec11_task     main.o
    0x08008918   0x08008918   0x000003cc   Code   RO         1004    .text.event_handle  key_handle.o
    0x08008ce4   0x08008ce4   0x00000150   Code   RO         1054    .text.fan_control   output_handle.o
    0x08008e34   0x08008e34   0x00000014   Code   RO            4    .text.feed_dog_task  main.o
    0x08008e48   0x08008e48   0x00000020   Code   RO         1237    .text.filter_init   adc_filter.o
    0x08008e68   0x08008e68   0x00000014   Code   RO          413    .text.flash_halfword_program  at32f415_flash.o
    0x08008e7c   0x08008e7c   0x0000000c   Code   RO          401    .text.flash_lock    at32f415_flash.o
    0x08008e88   0x08008e88   0x00000028   Code   RO          395    .text.flash_operation_status_get  at32f415_flash.o
    0x08008eb0   0x08008eb0   0x00000028   Code   RO          397    .text.flash_operation_wait_for  at32f415_flash.o
    0x08008ed8   0x08008ed8   0x00000020   Code   RO          403    .text.flash_sector_erase  at32f415_flash.o
    0x08008ef8   0x08008ef8   0x00000004   Code   RO           10    .text.flash_task    main.o
    0x08008efc   0x08008efc   0x00000018   Code   RO          399    .text.flash_unlock  at32f415_flash.o
    0x08008f14   0x08008f14   0x00000028   Code   RO         1351    .text.flash_wred_halfword  flash.o
    0x08008f3c   0x08008f3c   0x00000034   Code   RO         1239    .text.get_adcval    adc_filter.o
    0x08008f70   0x08008f70   0x000000a0   Code   RO          943    .text.get_data_from_a  flash_handle.o
    0x08009010   0x08009010   0x000000a4   Code   RO          945    .text.get_data_from_b  flash_handle.o
    0x080090b4   0x080090b4   0x000005c4   Code   RO         1002    .text.get_key       key_handle.o
    0x08009678   0x08009678   0x00000074   Code   RO          947    .text.get_reset_data  flash_handle.o
    0x080096ec   0x080096ec   0x00000004   Code   RO          497    .text.gpio_bits_reset  at32f415_gpio.o
    0x080096f0   0x080096f0   0x00000004   Code   RO          495    .text.gpio_bits_set  at32f415_gpio.o
    0x080096f4   0x080096f4   0x00000010   Code   RO          485    .text.gpio_default_para_init  at32f415_gpio.o
    0x08009704   0x08009704   0x000000a8   Code   RO          483    .text.gpio_init     at32f415_gpio.o
    0x080097ac   0x080097ac   0x0000000e   Code   RO          487    .text.gpio_input_data_bit_read  at32f415_gpio.o
    0x080097ba   0x080097ba   0x00000002   PAD
    0x080097bc   0x080097bc   0x00000038   Code   RO          511    .text.gpio_pin_remap_config  at32f415_gpio.o
    0x080097f4   0x080097f4   0x0000011c   Code   RO         1369    .text.key_event_check  key.o
    0x08009910   0x08009910   0x00000034   Code   RO         1000    .text.key_handle    key_handle.o
    0x08009944   0x08009944   0x00000008   Code   RO         1361    .text.key_set_scan_interval  key.o
    0x0800994c   0x0800994c   0x00000044   Code   RO         1363    .text.key_set_timing  key.o
    0x08009990   0x08009990   0x0000001c   Code   RO         1367    .text.key_set_timing_simple  key.o
    0x080099ac   0x080099ac   0x00000018   Code   RO           16    .text.key_task      main.o
    0x080099c4   0x080099c4   0x00000014   Code   RO            6    .text.lcd_task      main.o
    0x080099d8   0x080099d8   0x000000e8   Code   RO         1056    .text.linear_correction  output_handle.o
    0x08009ac0   0x08009ac0   0x0000011c   Code   RO            2    .text.main          main.o
    0x08009bdc   0x08009bdc   0x00000060   Code   RO         1243    .text.move_average_filter  adc_filter.o
    0x08009c3c   0x08009c3c   0x0000001c   Code   RO         1365    .text.ms_to_scan_count  key.o
    0x08009c58   0x08009c58   0x00000010   Code   RO         1455    .text.mypow         lcd.o
    0x08009c68   0x08009c68   0x00000064   Code   RO          527    .text.nvic_irq_enable  at32f415_misc.o
    0x08009ccc   0x08009ccc   0x00000020   Code   RO          531    .text.nvic_priority_group_config  at32f415_misc.o
    0x08009cec   0x08009cec   0x00000014   Code   RO          533    .text.nvic_vector_table_set  at32f415_misc.o
    0x08009d00   0x08009d00   0x000000f0   Code   RO         1052    .text.output_handle  output_handle.o
    0x08009df0   0x08009df0   0x00000014   Code   RO            8    .text.output_task   main.o
    0x08009e04   0x08009e04   0x000001ac   Code   RO         1100    .text.page_switch   lcd_handle.o
    0x08009fb0   0x08009fb0   0x000001c8   Code   RO         1058    .text.pwm_control   output_handle.o
    0x0800a178   0x0800a178   0x00000026   Code   RO         1390    .text.queue_read    util_queue.o
    0x0800a19e   0x0800a19e   0x00000032   Code   RO         1386    .text.queue_write   util_queue.o
    0x0800a1d0   0x0800a1d0   0x00000040   Code   RO         1407    .text.set_mode      lcd.o
    0x0800a210   0x0800a210   0x00000098   Code   RO         1106    .text.show_cal_temp  lcd_handle.o
    0x0800a2a8   0x0800a2a8   0x00000230   Code   RO         1102    .text.show_curve    lcd_handle.o
    0x0800a4d8   0x0800a4d8   0x000004c4   Code   RO         1108    .text.show_icon     lcd_handle.o
    0x0800a99c   0x0800a99c   0x000000b0   Code   RO         1104    .text.show_navigation_bar  lcd_handle.o
    0x0800aa4c   0x0800aa4c   0x00000044   Code   RO         1264    .text.spi_byte_write  at32_spiflash.o
    0x0800aa90   0x0800aa90   0x000000d0   Code   RO         1266    .text.spi_bytes_read  at32_spiflash.o
    0x0800ab60   0x0800ab60   0x0000000e   Code   RO          579    .text.spi_default_para_init  at32f415_spi.o
    0x0800ab6e   0x0800ab6e   0x00000012   Code   RO          601    .text.spi_enable    at32f415_spi.o
    0x0800ab80   0x0800ab80   0x00000006   Code   RO          617    .text.spi_i2s_data_receive  at32f415_spi.o
    0x0800ab86   0x0800ab86   0x00000004   Code   RO          615    .text.spi_i2s_data_transmit  at32f415_spi.o
    0x0800ab8a   0x0800ab8a   0x0000000a   Code   RO          613    .text.spi_i2s_dma_receiver_enable  at32f415_spi.o
    0x0800ab94   0x0800ab94   0x00000012   Code   RO          611    .text.spi_i2s_dma_transmitter_enable  at32f415_spi.o
    0x0800aba6   0x0800aba6   0x0000000a   Code   RO          619    .text.spi_i2s_flag_get  at32f415_spi.o
    0x0800abb0   0x0800abb0   0x000000ec   Code   RO          581    .text.spi_init      at32f415_spi.o
    0x0800ac9c   0x0800ac9c   0x00000048   Code   RO         1258    .text.spiflash_read  at32_spiflash.o
    0x0800ace4   0x0800ace4   0x000000c0   Code   RO          899    .text.system_core_clock_update  system_at32f415.o
    0x0800ada4   0x0800ada4   0x00000018   Code   RO          537    .text.systick_clock_source_config  at32f415_misc.o
    0x0800adbc   0x0800adbc   0x0000047c   Code   RO         1161    .text.temp_ec11_get_event  ec11_handle.o
    0x0800b238   0x0800b238   0x0000000e   Code   RO          643    .text.tmr_base_init  at32f415_tmr.o
    0x0800b246   0x0800b246   0x00000002   PAD
    0x0800b248   0x0800b248   0x00000020   Code   RO          667    .text.tmr_channel_value_set  at32f415_tmr.o
    0x0800b268   0x0800b268   0x00000012   Code   RO          645    .text.tmr_clock_source_div_set  at32f415_tmr.o
    0x0800b27a   0x0800b27a   0x00000012   Code   RO          647    .text.tmr_cnt_dir_set  at32f415_tmr.o
    0x0800b28c   0x0800b28c   0x0000000a   Code   RO          635    .text.tmr_counter_enable  at32f415_tmr.o
    0x0800b296   0x0800b296   0x00000006   Code   RO          723    .text.tmr_flag_clear  at32f415_tmr.o
    0x0800b29c   0x0800b29c   0x0000000a   Code   RO          721    .text.tmr_flag_get  at32f415_tmr.o
    0x0800b2a6   0x0800b2a6   0x00000002   PAD
    0x0800b2a8   0x0800b2a8   0x00000142   Code   RO          689    .text.tmr_input_channel_init  at32f415_tmr.o
    0x0800b3ea   0x0800b3ea   0x00000016   Code   RO          717    .text.tmr_interrupt_enable  at32f415_tmr.o
    0x0800b400   0x0800b400   0x00000014   Code   RO          719    .text.tmr_interrupt_flag_get  at32f415_tmr.o
    0x0800b414   0x0800b414   0x00000012   Code   RO          681    .text.tmr_one_cycle_mode_enable  at32f415_tmr.o
    0x0800b426   0x0800b426   0x00000002   PAD
    0x0800b428   0x0800b428   0x00000054   Code   RO          673    .text.tmr_output_channel_buffer_enable  at32f415_tmr.o
    0x0800b47c   0x0800b47c   0x000000ee   Code   RO          659    .text.tmr_output_channel_config  at32f415_tmr.o
    0x0800b56a   0x0800b56a   0x00000002   PAD
    0x0800b56c   0x0800b56c   0x00000054   Code   RO          675    .text.tmr_output_channel_immediately_set  at32f415_tmr.o
    0x0800b5c0   0x0800b5c0   0x00000012   Code   RO          671    .text.tmr_period_buffer_enable  at32f415_tmr.o
    0x0800b5d2   0x0800b5d2   0x00000012   Code   RO          701    .text.tmr_primary_mode_select  at32f415_tmr.o
    0x0800b5e4   0x0800b5e4   0x00000012   Code   RO          713    .text.tmr_sub_sync_mode_set  at32f415_tmr.o
    0x0800b5f6   0x0800b5f6   0x00000002   PAD
    0x0800b5f8   0x0800b5f8   0x0000002c   Code   RO         1631    .text.tmt_create    tmt.o
    0x0800b624   0x0800b624   0x0000005c   Code   RO         1633    .text.tmt_delete    tmt.o
    0x0800b680   0x0800b680   0x00000040   Code   RO         1625    .text.tmt_init      tmt.o
    0x0800b6c0   0x0800b6c0   0x0000003c   Code   RO         1627    .text.tmt_run       tmt.o
    0x0800b6fc   0x0800b6fc   0x00000028   Code   RO         1637    .text.tmt_run_ctrl  tmt.o
    0x0800b724   0x0800b724   0x0000002c   Code   RO         1635    .text.tmt_time_ctrl  tmt.o
    0x0800b750   0x0800b750   0x00000020   Code   RO         1629    .text.tmt_update_tick  tmt.o
    0x0800b770   0x0800b770   0x00000006   Code   RO          809    .text.usart_data_receive  at32f415_usart.o
    0x0800b776   0x0800b776   0x00000008   Code   RO          807    .text.usart_data_transmit  at32f415_usart.o
    0x0800b77e   0x0800b77e   0x00000012   Code   RO          781    .text.usart_enable  at32f415_usart.o
    0x0800b790   0x0800b790   0x0000000e   Code   RO          833    .text.usart_flag_clear  at32f415_usart.o
    0x0800b79e   0x0800b79e   0x0000000a   Code   RO          829    .text.usart_flag_get  at32f415_usart.o
    0x0800b7a8   0x0800b7a8   0x0000003e   Code   RO          827    .text.usart_hardware_flow_control_set  at32f415_usart.o
    0x0800b7e6   0x0800b7e6   0x00000002   PAD
    0x0800b7e8   0x0800b7e8   0x00000078   Code   RO          777    .text.usart_init    at32f415_usart.o
    0x0800b860   0x0800b860   0x00000034   Code   RO          779    .text.usart_parity_selection_config  at32f415_usart.o
    0x0800b894   0x0800b894   0x00000012   Code   RO          785    .text.usart_receiver_enable  at32f415_usart.o
    0x0800b8a6   0x0800b8a6   0x00000012   Code   RO          783    .text.usart_transmitter_enable  at32f415_usart.o
    0x0800b8b8   0x0800b8b8   0x0000006c   Code   RO         1489    .text.voltage_to_y  lcd.o
    0x0800b924   0x0800b924   0x0000000c   Code   RO          845    .text.wdt_counter_reload  at32f415_wdt.o
    0x0800b930   0x0800b930   0x00000010   Code   RO          849    .text.wdt_divider_set  at32f415_wdt.o
    0x0800b940   0x0800b940   0x00000014   Code   RO          851    .text.wdt_register_write_enable  at32f415_wdt.o
    0x0800b954   0x0800b954   0x0000000c   Code   RO          847    .text.wdt_reload_value_set  at32f415_wdt.o
    0x0800b960   0x0800b960   0x00000090   Code   RO          100    .text.wk_adc1_init  wk_adc.o
    0x0800b9f0   0x0800b9f0   0x00000030   Code   RO          182    .text.wk_crc_init   wk_crc.o
    0x0800ba20   0x0800ba20   0x0000000c   Code   RO          108    .text.wk_debug_config  wk_debug.o
    0x0800ba2c   0x0800ba2c   0x0000001c   Code   RO           85    .text.wk_delay_ms   wk_system.o
    0x0800ba48   0x0800ba48   0x00000038   Code   RO          158    .text.wk_dma1_channel1_init  wk_dma.o
    0x0800ba80   0x0800ba80   0x00000008   Code   RO          160    .text.wk_dma_channel_config  wk_dma.o
    0x0800ba88   0x0800ba88   0x000000f0   Code   RO          169    .text.wk_gpio_config  wk_gpio.o
    0x0800bb78   0x0800bb78   0x00000068   Code   RO           38    .text.wk_nvic_config  at32f415_wk_config.o
    0x0800bbe0   0x0800bbe0   0x0000007c   Code   RO           36    .text.wk_periph_clock_config  at32f415_wk_config.o
    0x0800bc5c   0x0800bc5c   0x00000078   Code   RO          116    .text.wk_spi1_init  wk_spi.o
    0x0800bcd4   0x0800bcd4   0x00000094   Code   RO           34    .text.wk_system_clock_config  at32f415_wk_config.o
    0x0800bd68   0x0800bd68   0x00000008   Code   RO           83    .text.wk_timebase_get  wk_system.o
    0x0800bd70   0x0800bd70   0x00000004   Code   RO           89    .text.wk_timebase_handler  wk_system.o
    0x0800bd74   0x0800bd74   0x00000010   Code   RO           81    .text.wk_timebase_increase  wk_system.o
    0x0800bd84   0x0800bd84   0x00000034   Code   RO           87    .text.wk_timebase_init  wk_system.o
    0x0800bdb8   0x0800bdb8   0x000000a4   Code   RO          124    .text.wk_tmr2_init  wk_tmr.o
    0x0800be5c   0x0800be5c   0x000000b0   Code   RO          126    .text.wk_tmr5_init  wk_tmr.o
    0x0800bf0c   0x0800bf0c   0x00000070   Code   RO          128    .text.wk_tmr9_init  wk_tmr.o
    0x0800bf7c   0x0800bf7c   0x00000078   Code   RO          142    .text.wk_usart1_init  wk_usart.o
    0x0800bff4   0x0800bff4   0x0000001c   Code   RO          150    .text.wk_wdt_init   wk_wdt.o
    0x0800c010   0x0800c010   0x00000002   Code   RO           12    .text.work_task     main.o
    0x0800c012   0x0800c012   0x0000000e   Code   RO         2059    i.__scatterload_copy  mc_w.l(handlers.o)
    0x0800c020   0x0800c020   0x00000002   Code   RO         2060    i.__scatterload_null  mc_w.l(handlers.o)
    0x0800c022   0x0800c022   0x0000000e   Code   RO         2061    i.__scatterload_zeroinit  mc_w.l(handlers.o)
    0x0800c030   0x0800c030   0x0000000e   Data   RO         1575    .rodata..Lswitch.table.LCD_Scan_Dir.10  lcd.o
    0x0800c03e   0x0800c03e   0x00000002   PAD
    0x0800c040   0x0800c040   0x000001ec   Data   RO         1576    .rodata..Lswitch.table.TranferPicturetoTFT_LCD  lcd.o
    0x0800c22c   0x0800c22c   0x000001ec   Data   RO         1577    .rodata..Lswitch.table.TranferPicturetoTFT_LCD.11  lcd.o
    0x0800c418   0x0800c418   0x0000000c   Data   RO         1040    .rodata..Lswitch.table.get_key.4  key_handle.o
    0x0800c424   0x0800c424   0x0000000c   Data   RO         1041    .rodata..Lswitch.table.get_key.5  key_handle.o
    0x0800c430   0x0800c430   0x00000474   Data   RO         1561    .rodata.ascii_1206  lcd.o
    0x0800c8a4   0x0800c8a4   0x000005f0   Data   RO         1562    .rodata.ascii_1608  lcd.o
    0x0800ce94   0x0800ce94   0x000011d0   Data   RO         1563    .rodata.ascii_2412  lcd.o
    0x0800e064   0x0800e064   0x000017c0   Data   RO         1564    .rodata.ascii_3216  lcd.o
    0x0800f824   0x0800f824   0x00005f00   Data   RO         1565    .rodata.ascii_6432  lcd.o
    0x08015724   0x08015724   0x00009470   Data   RO         1566    .rodata.ascii_8040  lcd.o
    0x0801eb94   0x0801eb94   0x00000008   Data   RO          340    .rodata.cst8        at32f415_crm.o
    0x0801eb9c   0x0801eb9c   0x00000005   Data   RO         1333    .rodata.str1.1      beep.o
    0x0801eba1   0x0801eba1   0x00000003   PAD
    0x0801eba4   0x0801eba4   0x00000020   Data   RO         2058    Region$$Table       anon$$obj.o


    Execution Region RW_IRAM1 (Exec base: 0x20000000, Load base: 0x0801ebc8, Size: 0x00000f08, Max: 0x00008000, ABSOLUTE, COMPRESSED[0x000000d8])

    Exec Addr    Load Addr    Size         Type   Attr      Idx    E Section Name        Object

    0x20000000   COMPRESSED   0x00000006   Data   RW           72    .data..L_MergedGlobals  at32f415_int.o
    0x20000006   COMPRESSED   0x00000002   PAD
    0x20000008   COMPRESSED   0x0000006c   Data   RW         1042    .data..L_MergedGlobals  key_handle.o
    0x20000074   COMPRESSED   0x00000052   Data   RW         1072    .data..L_MergedGlobals  output_handle.o
    0x200000c6   COMPRESSED   0x00000002   PAD
    0x200000c8   COMPRESSED   0x00000008   Data   RW         1149    .data..L_MergedGlobals  lcd_handle.o
    0x200000d0   COMPRESSED   0x00000002   Data   RW         1227    .data..L_MergedGlobals  ec11_handle.o
    0x200000d2   COMPRESSED   0x00000002   PAD
    0x200000d4   COMPRESSED   0x0000002c   Data   RW         1043    .data..L_MergedGlobals.6  key_handle.o
    0x20000100   COMPRESSED   0x00000038   Data   RW         1596    .data.air_ec11      encoderec11.o
    0x20000138   COMPRESSED   0x00000002   Data   RW         1375    .data.g_scan_interval_ms  key.o
    0x2000013a   COMPRESSED   0x00000002   PAD
    0x2000013c   COMPRESSED   0x00000004   Data   RW         1147    .data.page_switch.reset_time  lcd_handle.o
    0x20000140   COMPRESSED   0x00000010   Data   RW         1334    .data.sbeep         beep.o
    0x20000150   COMPRESSED   0x00000004   Data   RW          901    .data.system_core_clock  system_at32f415.o
    0x20000154   COMPRESSED   0x00000038   Data   RW         1595    .data.temp_ec11     encoderec11.o
    0x2000018c   COMPRESSED   0x00000004   PAD
    0x20000190        -       0x0000001a   Zero   RW          979    .bss..L_MergedGlobals  flash_handle.o
    0x200001aa        -       0x00000004   Zero   RW         1578    .bss..L_MergedGlobals  lcd.o
    0x200001ae        -       0x00000002   Zero   RW         1597    .bss..L_MergedGlobals  encoderec11.o
    0x200001b0        -       0x00000008   Zero   RW           73    .bss..L_MergedGlobals.1  at32f415_int.o
    0x200001b8        -       0x00000010   Zero   RW         1073    .bss..L_MergedGlobals.1  output_handle.o
    0x200001c8        -       0x00000018   Zero   RW         1150    .bss..L_MergedGlobals.1  lcd_handle.o
    0x200001e0        -       0x00000002   Zero   RW         1228    .bss..L_MergedGlobals.1  ec11_handle.o
    0x200001e2        -       0x0000000a   Zero   RW         1044    .bss..L_MergedGlobals.7  key_handle.o
    0x200001ec        -       0x00000001   Zero   RW         1335    .bss.BeepProc.s_BeepStartTime  beep.o
    0x200001ed        -       0x00000400   Zero   RW         1574    .bss.TranferPicturetoTFT_LCD.Read_data  lcd.o
    0x200005ed        -       0x00000001   Zero   RW         1225    .bss.air_ec11_get_event.first_state  ec11_handle.o
    0x200005ee        -       0x00000001   Zero   RW           25    .bss.feed_dog_task.first_in  main.o
    0x200005ef   COMPRESSED   0x00000001   PAD
    0x200005f0        -       0x0000002c   Zero   RW         1616    .bss.handle_pid     pid_operation.o
    0x2000061c        -       0x00000030   Zero   RW         1245    .bss.handle_temp    adc_filter.o
    0x2000064c        -       0x0000000e   Zero   RW         1573    .bss.lcddev         lcd.o
    0x2000065a   COMPRESSED   0x00000002   PAD
    0x2000065c        -       0x0000007c   Zero   RW         1641    .bss.object         tmt.o
    0x200006d8        -       0x000003e8   Zero   RW          921    .bss.sFWHA01_t      ha01_handle.o
    0x20000ac0        -       0x00000001   Zero   RW         1146    .bss.show_curve.first_in  lcd_handle.o
    0x20000ac1        -       0x00000001   Zero   RW         1148    .bss.show_navigation_bar.first_draw  lcd_handle.o
    0x20000ac2   COMPRESSED   0x00000002   PAD
    0x20000ac4        -       0x00000024   Zero   RW         1311    .bss.tUsart1Buffer  at32_usart.o
    0x20000ae8        -       0x00000001   Zero   RW         1226    .bss.temp_ec11_get_event.first_in  ec11_handle.o
    0x20000ae9   COMPRESSED   0x00000003   PAD
    0x20000aec        -       0x00000004   Zero   RW           91    .bss.timebase_ticks  wk_system.o
    0x20000af0        -       0x00000018   Zero   RW         1642    .bss.tmt            tmt.o
    0x20000b08        -       0x00000400   Zero   RW          909    STACK               startup_at32f415.o


==============================================================================

Image component sizes


      Code (inc. data)   RO Data    RW Data    ZI Data      Debug   Object Name

       180          4          0          0         48       6388   adc_filter.o
       360         16          0          0          0      14646   at32_spiflash.o
       108          8          0          0         36       5511   at32_usart.o
       352          4          0          0          0      14605   at32f415_adc.o
       100         12          0          0          0       3415   at32f415_crc.o
       754         70          8          0          0      21658   at32f415_crm.o
       268          8          0          0          0       8145   at32f415_dma.o
       212         20          0          0          0      12268   at32f415_flash.o
       262          8          0          0          0      13139   at32f415_gpio.o
       480         64          0          6          8      11583   at32f415_int.o
       176         24          0          0          0       6711   at32f415_misc.o
       316          4          0          0          0      12302   at32f415_spi.o
      1052         40          0          0          0      29487   at32f415_tmr.o
       326          8          0          0          0      11166   at32f415_usart.o
        60         12          0          0          0       2417   at32f415_wdt.o
       382         28          0          0          0      10354   at32f415_wk_config.o
       128          4          5         16          1       4784   beep.o
        12          4          0          0          0        856   beep_handle.o
      5290        738          0          2          4      12824   ec11_handle.o
       600         16          0        112          2       7384   encoderec11.o
        40          0          0          0          0       1709   flash.o
      2172        128          0          0         26       5571   flash_handle.o
       232         32          0          0       1000       8995   ha01_handle.o
       416         14          0          2          0       7132   key.o
      2708        200         24        152         10      12575   key_handle.o
      3516        252      76618          0       1042      35828   lcd.o
      5332        180          0         12         26      18729   lcd_handle.o
       494         96          0          0          1      12383   main.o
      1330        112          0         82         16      20618   output_handle.o
       278         12          0          0         44       1798   pid_operation.o
        36          8        368          0       1024        788   startup_at32f415.o
       308         52          0          4          0       7803   system_at32f415.o
       390         36          0          0        148       3166   tmt.o
        88          0          0          0          0       2881   util_queue.o
       144          4          0          0          0       9234   wk_adc.o
        48          4          0          0          0        865   wk_crc.o
        12          4          0          0          0        787   wk_debug.o
        64          4          0          0          0       2660   wk_dma.o
       264          8          0          0          0       4663   wk_gpio.o
       120          4          0          0          0       7531   wk_spi.o
       108          8          0          0          4       1861   wk_system.o
       470         20          0          0          0      11446   wk_tmr.o
       120         12          0          0          0       6469   wk_usart.o
        28          0          0          0          0        791   wk_wdt.o

    ----------------------------------------------------------------------
     30158       2282      77060        396       3452     395926   Object Totals
         0          0         32          0          0          0   (incl. Generated)
        22          0          5          8         12          0   (incl. Padding)

    ----------------------------------------------------------------------

      Code (inc. data)   RO Data    RW Data    ZI Data      Debug   Library Member Name

        86          0          0          0          0          0   __dczerorl2.o
         0          0          0          0          0          0   entry.o
         0          0          0          0          0          0   entry10a.o
         0          0          0          0          0          0   entry11a.o
         8          4          0          0          0          0   entry2.o
         4          0          0          0          0          0   entry5.o
         0          0          0          0          0          0   entry7b.o
         0          0          0          0          0          0   entry8b.o
         8          4          0          0          0          0   entry9a.o
        30          0          0          0          0          0   handlers.o
        48         10          0          0          0         68   init.o
         0          0          0          0          0          0   iusefp.o
        30          0          0          0          0         68   llshl.o
        36          0          0          0          0         68   llsshr.o
        32          0          0          0          0         68   llushr.o
        36          0          0          0          0        108   memseta.o
        56          0          0          0          0         88   d2f.o
       334          0          0          0          0        148   dadd.o
       222          0          0          0          0        100   ddiv.o
       186          0          0          0          0        176   depilogue.o
        62          0          0          0          0         80   dfixi.o
        50          0          0          0          0         76   dfixui.o
        26          0          0          0          0         76   dfltui.o
       228          0          0          0          0         96   dmul.o
        38          0          0          0          0         68   f2d.o
       176          0          0          0          0        140   fadd.o
        28          0          0          0          0         68   fcmpeq.o
        28          0          0          0          0         68   fcmpge.o
        28          0          0          0          0         68   fcmpgt.o
        28          0          0          0          0         68   fcmple.o
        28          0          0          0          0         68   fcmplt.o
       124          0          0          0          0         88   fdiv.o
       110          0          0          0          0        168   fepilogue.o
        50          0          0          0          0         68   ffixi.o
        40          0          0          0          0         68   ffixui.o
        18          0          0          0          0         68   fflti.o
        10          0          0          0          0         68   ffltui.o
       100          0          0          0          0         76   fmul.o

    ----------------------------------------------------------------------
      2290         18          0          0          0       2372   Library Totals
         2          0          0          0          0          0   (incl. Padding)

    ----------------------------------------------------------------------

      Code (inc. data)   RO Data    RW Data    ZI Data      Debug   Library Name

       318         18          0          0          0        380   mc_w.l
      1970          0          0          0          0       1992   mf_w.l

    ----------------------------------------------------------------------
      2290         18          0          0          0       2372   Library Totals

    ----------------------------------------------------------------------

==============================================================================


      Code (inc. data)   RO Data    RW Data    ZI Data      Debug   

     32448       2300      77060        396       3452     396442   Grand Totals
     32448       2300      77060        216       3452     396442   ELF Image Totals (compressed)
     32448       2300      77060        216          0          0   ROM Totals

==============================================================================

    Total RO  Size (Code + RO Data)               109508 ( 106.94kB)
    Total RW  Size (RW Data + ZI Data)              3848 (   3.76kB)
    Total ROM Size (Code + RO Data + RW Data)     109724 ( 107.15kB)

==============================================================================

