Component: Arm Compiler for Embedded 6.23 Tool: armlink [5f102400]

==============================================================================

Section Cross References

    startup_at32f415.o(RESET) refers to startup_at32f415.o(STACK) for __initial_sp
    startup_at32f415.o(RESET) refers to startup_at32f415.o(.text) for Reset_Handler
    startup_at32f415.o(RESET) refers to lto-llvm-cde366.o(.text.NMI_Handler) for NMI_Handler
    startup_at32f415.o(RESET) refers to lto-llvm-cde366.o(.text.HardFault_Handler) for HardFault_Handler
    startup_at32f415.o(RESET) refers to lto-llvm-cde366.o(.text.MemManage_Handler) for MemManage_Handler
    startup_at32f415.o(RESET) refers to lto-llvm-cde366.o(.text.BusFault_Handler) for BusFault_Handler
    startup_at32f415.o(RESET) refers to lto-llvm-cde366.o(.text.UsageFault_Handler) for UsageFault_Handler
    startup_at32f415.o(RESET) refers to lto-llvm-cde366.o(.text.SVC_Handler) for SVC_Handler
    startup_at32f415.o(RESET) refers to lto-llvm-cde366.o(.text.DebugMon_Handler) for DebugMon_Handler
    startup_at32f415.o(RESET) refers to lto-llvm-cde366.o(.text.PendSV_Handler) for PendSV_Handler
    startup_at32f415.o(RESET) refers to lto-llvm-cde366.o(.text.SysTick_Handler) for SysTick_Handler
    startup_at32f415.o(RESET) refers to lto-llvm-cde366.o(.text.TMR1_BRK_TMR9_IRQHandler) for TMR1_BRK_TMR9_IRQHandler
    startup_at32f415.o(RESET) refers to lto-llvm-cde366.o(.text.USART1_IRQHandler) for USART1_IRQHandler
    startup_at32f415.o(RESET) refers to lto-llvm-cde366.o(.text.TMR5_GLOBAL_IRQHandler) for TMR5_GLOBAL_IRQHandler
    startup_at32f415.o(.text) refers to lto-llvm-cde366.o(.text.SystemInit) for SystemInit
    startup_at32f415.o(.text) refers to entry.o(.ARM.Collect$$$$00000000) for __main
    cos.o(i.__softfp_cos) refers (Special) to iusefp.o(.text) for __I$use$fp
    cos.o(i.__softfp_cos) refers to cos.o(i.cos) for cos
    cos.o(i.cos) refers (Special) to iusefp.o(.text) for __I$use$fp
    cos.o(i.cos) refers to errno.o(i.__set_errno) for __set_errno
    cos.o(i.cos) refers to dunder.o(i.__mathlib_dbl_invalid) for __mathlib_dbl_invalid
    cos.o(i.cos) refers to dunder.o(i.__mathlib_dbl_infnan) for __mathlib_dbl_infnan
    cos.o(i.cos) refers to rred.o(i.__ieee754_rem_pio2) for __ieee754_rem_pio2
    cos.o(i.cos) refers to sin_i.o(i.__kernel_sin) for __kernel_sin
    cos.o(i.cos) refers to cos_i.o(i.__kernel_cos) for __kernel_cos
    sin.o(i.__softfp_sin) refers (Special) to iusefp.o(.text) for __I$use$fp
    sin.o(i.__softfp_sin) refers to sin.o(i.sin) for sin
    sin.o(i.sin) refers (Special) to iusefp.o(.text) for __I$use$fp
    sin.o(i.sin) refers to errno.o(i.__set_errno) for __set_errno
    sin.o(i.sin) refers to dunder.o(i.__mathlib_dbl_invalid) for __mathlib_dbl_invalid
    sin.o(i.sin) refers to dunder.o(i.__mathlib_dbl_infnan) for __mathlib_dbl_infnan
    sin.o(i.sin) refers to rred.o(i.__ieee754_rem_pio2) for __ieee754_rem_pio2
    sin.o(i.sin) refers to cos_i.o(i.__kernel_cos) for __kernel_cos
    sin.o(i.sin) refers to sin_i.o(i.__kernel_sin) for __kernel_sin
    entry.o(.ARM.Collect$$$$00000000) refers (Special) to entry10a.o(.ARM.Collect$$$$0000000D) for __rt_final_cpp
    entry.o(.ARM.Collect$$$$00000000) refers (Special) to entry11a.o(.ARM.Collect$$$$0000000F) for __rt_final_exit
    entry.o(.ARM.Collect$$$$00000000) refers (Special) to entry7b.o(.ARM.Collect$$$$00000008) for _main_clock
    entry.o(.ARM.Collect$$$$00000000) refers (Special) to entry8b.o(.ARM.Collect$$$$0000000A) for _main_cpp_init
    entry.o(.ARM.Collect$$$$00000000) refers (Special) to entry9a.o(.ARM.Collect$$$$0000000B) for _main_init
    entry.o(.ARM.Collect$$$$00000000) refers (Special) to entry5.o(.ARM.Collect$$$$00000004) for _main_scatterload
    entry.o(.ARM.Collect$$$$00000000) refers (Special) to entry2.o(.ARM.Collect$$$$00000001) for _main_stk
    putchar.o(i.putchar) refers to fputc.o(i.fputc) for fputc
    putchar.o(i.putchar) refers to stdout.o(.data) for __stdout
    printfb.o(i.__0fprintf$bare) refers to printfb.o(i._printf_core) for _printf_core
    printfb.o(i.__0fprintf$bare) refers to fputc.o(i.fputc) for fputc
    printfb.o(i.__0printf$bare) refers to printfb.o(i._printf_core) for _printf_core
    printfb.o(i.__0printf$bare) refers to fputc.o(i.fputc) for fputc
    printfb.o(i.__0printf$bare) refers to stdout.o(.data) for __stdout
    printfb.o(i.__0snprintf$bare) refers to printfb.o(i._printf_core) for _printf_core
    printfb.o(i.__0snprintf$bare) refers to printfb.o(i._snputc) for _snputc
    printfb.o(i.__0sprintf$bare) refers to printfb.o(i._printf_core) for _printf_core
    printfb.o(i.__0sprintf$bare) refers to printfb.o(i._sputc) for _sputc
    printfb.o(i.__0vfprintf$bare) refers to printfb.o(i._printf_core) for _printf_core
    printfb.o(i.__0vfprintf$bare) refers to fputc.o(i.fputc) for fputc
    printfb.o(i.__0vprintf$bare) refers to printfb.o(i._printf_core) for _printf_core
[...]
    [Anonymous Symbol]                       0x080073b8   Section        0  lto-llvm-cde366.o(.text.UsageFault_Handler)
    adc_ordinary_channel_set                 0x080073bd   Thumb Code    48  lto-llvm-cde366.o(.text.adc_ordinary_channel_set)
    [Anonymous Symbol]                       0x080073bc   Section        0  lto-llvm-cde366.o(.text.adc_ordinary_channel_set)
    __arm_cp.20_0                            0x080073ec   Number         4  lto-llvm-cde366.o(.text.adc_ordinary_channel_set)
    beep_off                                 0x080073f1   Thumb Code     8  lto-llvm-cde366.o(.text.beep_off)
    [Anonymous Symbol]                       0x080073f0   Section        0  lto-llvm-cde366.o(.text.beep_off)
    __arm_cp.40_0                            0x080073f8   Number         4  lto-llvm-cde366.o(.text.beep_off)
    beep_on                                  0x080073fd   Thumb Code     8  lto-llvm-cde366.o(.text.beep_on)
    [Anonymous Symbol]                       0x080073fc   Section        0  lto-llvm-cde366.o(.text.beep_on)
    __arm_cp.39_0                            0x08007404   Number         4  lto-llvm-cde366.o(.text.beep_on)
    crm_clocks_freq_get                      0x08007409   Thumb Code   204  lto-llvm-cde366.o(.text.crm_clocks_freq_get)
    [Anonymous Symbol]                       0x08007408   Section        0  lto-llvm-cde366.o(.text.crm_clocks_freq_get)
    __arm_cp.21_0                            0x080074d4   Number         4  lto-llvm-cde366.o(.text.crm_clocks_freq_get)
    __arm_cp.21_1                            0x080074d8   Number         4  lto-llvm-cde366.o(.text.crm_clocks_freq_get)
    __arm_cp.21_2                            0x080074dc   Number         4  lto-llvm-cde366.o(.text.crm_clocks_freq_get)
    __arm_cp.21_3                            0x080074e0   Number         4  lto-llvm-cde366.o(.text.crm_clocks_freq_get)
    system_core_clock_update.sys_ahb_div_table 0x080074e4   Number         0  lto-llvm-cde366.o(.text.crm_clocks_freq_get)
    __arm_cp.21_5                            0x080074f4   Number         4  lto-llvm-cde366.o(.text.crm_clocks_freq_get)
    crm_clocks_freq_get.adc_div_table        0x080074f8   Number         0  lto-llvm-cde366.o(.text.crm_clocks_freq_get)
    data_check_len                           0x08007501   Thumb Code    42  lto-llvm-cde366.o(.text.data_check_len)
    [Anonymous Symbol]                       0x08007500   Section        0  lto-llvm-cde366.o(.text.data_check_len)
    dma_init                                 0x0800752b   Thumb Code   124  lto-llvm-cde366.o(.text.dma_init)
    [Anonymous Symbol]                       0x0800752a   Section        0  lto-llvm-cde366.o(.text.dma_init)
    dma_reset                                0x080075a9   Thumb Code    72  lto-llvm-cde366.o(.text.dma_reset)
    [Anonymous Symbol]                       0x080075a8   Section        0  lto-llvm-cde366.o(.text.dma_reset)
    __arm_cp.22_0                            0x080075f0   Number         4  lto-llvm-cde366.o(.text.dma_reset)
    ec11_task                                0x080075f5   Thumb Code  5132  lto-llvm-cde366.o(.text.ec11_task)
    [Anonymous Symbol]                       0x080075f4   Section        0  lto-llvm-cde366.o(.text.ec11_task)
    __arm_cp.6_69                            0x08007d14   Number         4  lto-llvm-cde366.o(.text.ec11_task)
    __arm_cp.6_70                            0x08007d18   Number         4  lto-llvm-cde366.o(.text.ec11_task)
    __arm_cp.6_115                           0x08007d1c   Number         4  lto-llvm-cde366.o(.text.ec11_task)
    __arm_cp.6_117                           0x08007d24   Number         4  lto-llvm-cde366.o(.text.ec11_task)
    __arm_cp.6_118                           0x08007d28   Number         4  lto-llvm-cde366.o(.text.ec11_task)
    __arm_cp.6_73                            0x08007d44   Number         4  lto-llvm-cde366.o(.text.ec11_task)
    __arm_cp.6_80                            0x08007d60   Number         4  lto-llvm-cde366.o(.text.ec11_task)
    __arm_cp.6_82                            0x08007d68   Number         4  lto-llvm-cde366.o(.text.ec11_task)
    __arm_cp.6_84                            0x08008108   Number         4  lto-llvm-cde366.o(.text.ec11_task)
    __arm_cp.6_90                            0x08008120   Number         4  lto-llvm-cde366.o(.text.ec11_task)
    __arm_cp.6_92                            0x08008128   Number         4  lto-llvm-cde366.o(.text.ec11_task)
    __arm_cp.6_93                            0x0800812c   Number         4  lto-llvm-cde366.o(.text.ec11_task)
    __arm_cp.6_111                           0x08008138   Number         4  lto-llvm-cde366.o(.text.ec11_task)
    __arm_cp.6_96                            0x080083d8   Number         4  lto-llvm-cde366.o(.text.ec11_task)
    __arm_cp.6_97                            0x080083dc   Number         4  lto-llvm-cde366.o(.text.ec11_task)
    __arm_cp.6_99                            0x080083e4   Number         4  lto-llvm-cde366.o(.text.ec11_task)
    __arm_cp.6_101                           0x080083ec   Number         4  lto-llvm-cde366.o(.text.ec11_task)
    __arm_cp.6_103                           0x080083f4   Number         4  lto-llvm-cde366.o(.text.ec11_task)
    __arm_cp.6_105                           0x0800879c   Number         4  lto-llvm-cde366.o(.text.ec11_task)
    __arm_cp.6_106                           0x080087a0   Number         4  lto-llvm-cde366.o(.text.ec11_task)
    __arm_cp.6_108                           0x080087a8   Number         4  lto-llvm-cde366.o(.text.ec11_task)
    __arm_cp.6_110                           0x080087b0   Number         4  lto-llvm-cde366.o(.text.ec11_task)
    __arm_cp.6_2                             0x08008a00   Number         4  lto-llvm-cde366.o(.text.ec11_task)
    __arm_cp.6_3                             0x08008a04   Number         4  lto-llvm-cde366.o(.text.ec11_task)
    __arm_cp.6_5                             0x08008a08   Number         4  lto-llvm-cde366.o(.text.ec11_task)
    __arm_cp.6_16                            0x08008a0c   Number         4  lto-llvm-cde366.o(.text.ec11_task)
    __arm_cp.6_20                            0x08008a10   Number         4  lto-llvm-cde366.o(.text.ec11_task)
    __arm_cp.6_26                            0x08008a14   Number         4  lto-llvm-cde366.o(.text.ec11_task)
    fan_control                              0x08008a19   Thumb Code   288  lto-llvm-cde366.o(.text.fan_control)
    [Anonymous Symbol]                       0x08008a18   Section        0  lto-llvm-cde366.o(.text.fan_control)
    __arm_cp.33_0                            0x08008b38   Number         4  lto-llvm-cde366.o(.text.fan_control)
    __arm_cp.33_1                            0x08008b3c   Number         4  lto-llvm-cde366.o(.text.fan_control)
    __arm_cp.33_2                            0x08008b40   Number         4  lto-llvm-cde366.o(.text.fan_control)
    __arm_cp.33_3                            0x08008b44   Number         4  lto-llvm-cde366.o(.text.fan_control)
    __arm_cp.33_4                            0x08008b48   Number         4  lto-llvm-cde366.o(.text.fan_control)
    __arm_cp.33_5                            0x08008b4c   Number         4  lto-llvm-cde366.o(.text.fan_control)
    __arm_cp.33_6                            0x08008b50   Number         4  lto-llvm-cde366.o(.text.fan_control)
    __arm_cp.33_7                            0x08008b54   Number         4  lto-llvm-cde366.o(.text.fan_control)
    __arm_cp.33_8                            0x08008b58   Number         4  lto-llvm-cde366.o(.text.fan_control)
    __arm_cp.33_9                            0x08008b5c   Number         4  lto-llvm-cde366.o(.text.fan_control)
    __arm_cp.33_10                           0x08008b60   Number         4  lto-llvm-cde366.o(.text.fan_control)
    __arm_cp.33_11                           0x08008b64   Number         4  lto-llvm-cde366.o(.text.fan_control)
    feed_dog_task                            0x08008b69   Thumb Code    28  lto-llvm-cde366.o(.text.feed_dog_task)
    [Anonymous Symbol]                       0x08008b68   Section        0  lto-llvm-cde366.o(.text.feed_dog_task)
    __arm_cp.1_0                             0x08008b84   Number         4  lto-llvm-cde366.o(.text.feed_dog_task)
    __arm_cp.1_1                             0x08008b88   Number         4  lto-llvm-cde366.o(.text.feed_dog_task)
    flash_halfword_program                   0x08008b8d   Thumb Code    32  lto-llvm-cde366.o(.text.flash_halfword_program)
    [Anonymous Symbol]                       0x08008b8c   Section        0  lto-llvm-cde366.o(.text.flash_halfword_program)
    __arm_cp.26_0                            0x08008bac   Number         4  lto-llvm-cde366.o(.text.flash_halfword_program)
    flash_operation_status_get               0x08008bb1   Thumb Code    36  lto-llvm-cde366.o(.text.flash_operation_status_get)
    [Anonymous Symbol]                       0x08008bb0   Section        0  lto-llvm-cde366.o(.text.flash_operation_status_get)
    __arm_cp.24_0                            0x08008bd4   Number         4  lto-llvm-cde366.o(.text.flash_operation_status_get)
    flash_operation_wait_for                 0x08008bd9   Thumb Code    28  lto-llvm-cde366.o(.text.flash_operation_wait_for)
    [Anonymous Symbol]                       0x08008bd8   Section        0  lto-llvm-cde366.o(.text.flash_operation_wait_for)
    flash_task                               0x08008bf5   Thumb Code  1580  lto-llvm-cde366.o(.text.flash_task)
    [Anonymous Symbol]                       0x08008bf4   Section        0  lto-llvm-cde366.o(.text.flash_task)
    __arm_cp.4_0                             0x08009220   Number         4  lto-llvm-cde366.o(.text.flash_task)
    __arm_cp.4_1                             0x08009224   Number         4  lto-llvm-cde366.o(.text.flash_task)
    __arm_cp.4_2                             0x08009228   Number         4  lto-llvm-cde366.o(.text.flash_task)
    __arm_cp.4_3                             0x0800922c   Number         4  lto-llvm-cde366.o(.text.flash_task)
    __arm_cp.4_4                             0x08009230   Number         4  lto-llvm-cde366.o(.text.flash_task)
    __arm_cp.4_5                             0x08009234   Number         4  lto-llvm-cde366.o(.text.flash_task)
    __arm_cp.4_6                             0x08009238   Number         4  lto-llvm-cde366.o(.text.flash_task)
    __arm_cp.4_7                             0x0800923c   Number         4  lto-llvm-cde366.o(.text.flash_task)
    __arm_cp.4_8                             0x08009240   Number         4  lto-llvm-cde366.o(.text.flash_task)
    __arm_cp.4_9                             0x08009244   Number         4  lto-llvm-cde366.o(.text.flash_task)
    __arm_cp.4_10                            0x08009248   Number         4  lto-llvm-cde366.o(.text.flash_task)
    __arm_cp.4_11                            0x0800924c   Number         4  lto-llvm-cde366.o(.text.flash_task)
    __arm_cp.4_12                            0x08009250   Number         4  lto-llvm-cde366.o(.text.flash_task)
    __arm_cp.4_13                            0x08009254   Number         4  lto-llvm-cde366.o(.text.flash_task)
    __arm_cp.4_14                            0x08009258   Number         4  lto-llvm-cde366.o(.text.flash_task)
    __arm_cp.4_15                            0x0800925c   Number         4  lto-llvm-cde366.o(.text.flash_task)
    __arm_cp.4_16                            0x08009260   Number         4  lto-llvm-cde366.o(.text.flash_task)
    __arm_cp.4_17                            0x08009264   Number         4  lto-llvm-cde366.o(.text.flash_task)
    __arm_cp.4_18                            0x08009268   Number         4  lto-llvm-cde366.o(.text.flash_task)
    flash_wred_halfword                      0x0800926d   Thumb Code    40  lto-llvm-cde366.o(.text.flash_wred_halfword)
    [Anonymous Symbol]                       0x0800926c   Section        0  lto-llvm-cde366.o(.text.flash_wred_halfword)
    get_adcval                               0x08009295   Thumb Code    28  lto-llvm-cde366.o(.text.get_adcval)
    [Anonymous Symbol]                       0x08009294   Section        0  lto-llvm-cde366.o(.text.get_adcval)
    __arm_cp.35_0                            0x080092b0   Number         4  lto-llvm-cde366.o(.text.get_adcval)
    get_data_from_a                          0x080092b5   Thumb Code   148  lto-llvm-cde366.o(.text.get_data_from_a)
    [Anonymous Symbol]                       0x080092b4   Section        0  lto-llvm-cde366.o(.text.get_data_from_a)
    __arm_cp.31_0                            0x08009348   Number         4  lto-llvm-cde366.o(.text.get_data_from_a)
    get_data_from_b                          0x0800934d   Thumb Code   148  lto-llvm-cde366.o(.text.get_data_from_b)
    [Anonymous Symbol]                       0x0800934c   Section        0  lto-llvm-cde366.o(.text.get_data_from_b)
    __arm_cp.32_0                            0x080093e0   Number         4  lto-llvm-cde366.o(.text.get_data_from_b)
    __arm_cp.32_1                            0x080093e4   Number         4  lto-llvm-cde366.o(.text.get_data_from_b)
    __arm_cp.32_2                            0x080093e8   Number         4  lto-llvm-cde366.o(.text.get_data_from_b)
    gpio_init                                0x080093ed   Thumb Code   168  lto-llvm-cde366.o(.text.gpio_init)
    [Anonymous Symbol]                       0x080093ec   Section        0  lto-llvm-cde366.o(.text.gpio_init)
    key_set_timing_simple                    0x08009495   Thumb Code    52  lto-llvm-cde366.o(.text.key_set_timing_simple)
    [Anonymous Symbol]                       0x08009494   Section        0  lto-llvm-cde366.o(.text.key_set_timing_simple)
    __arm_cp.43_0                            0x080094c8   Number         4  lto-llvm-cde366.o(.text.key_set_timing_simple)
    key_task                                 0x080094cd   Thumb Code  2504  lto-llvm-cde366.o(.text.key_task)
    [Anonymous Symbol]                       0x080094cc   Section        0  lto-llvm-cde366.o(.text.key_task)
    __arm_cp.7_41                            0x08009dec   Number         4  lto-llvm-cde366.o(.text.key_task)
    __arm_cp.7_0                             0x08009e94   Number         4  lto-llvm-cde366.o(.text.key_task)
    __arm_cp.7_1                             0x08009e98   Number         4  lto-llvm-cde366.o(.text.key_task)
    __arm_cp.7_2                             0x08009e9c   Number         4  lto-llvm-cde366.o(.text.key_task)
    __arm_cp.7_3                             0x08009ea0   Number         4  lto-llvm-cde366.o(.text.key_task)
    __arm_cp.7_4                             0x08009ea4   Number         4  lto-llvm-cde366.o(.text.key_task)
    keys                                     0x08009ea8   Number         0  lto-llvm-cde366.o(.text.key_task)
    __arm_cp.7_6                             0x08009ec0   Number         4  lto-llvm-cde366.o(.text.key_task)
    __arm_cp.7_7                             0x08009ec4   Number         4  lto-llvm-cde366.o(.text.key_task)
    __arm_cp.7_8                             0x08009ec8   Number         4  lto-llvm-cde366.o(.text.key_task)
    __arm_cp.7_10                            0x08009ecc   Number         4  lto-llvm-cde366.o(.text.key_task)
    __arm_cp.7_11                            0x08009ed0   Number         4  lto-llvm-cde366.o(.text.key_task)
    __arm_cp.7_12                            0x08009ed4   Number         4  lto-llvm-cde366.o(.text.key_task)
    __arm_cp.7_13                            0x08009ed8   Number         4  lto-llvm-cde366.o(.text.key_task)
    __arm_cp.7_14                            0x08009edc   Number         4  lto-llvm-cde366.o(.text.key_task)
    __arm_cp.7_15                            0x08009ee0   Number         4  lto-llvm-cde366.o(.text.key_task)
    __arm_cp.7_16                            0x08009ee4   Number         4  lto-llvm-cde366.o(.text.key_task)
    __arm_cp.7_17                            0x08009ee8   Number         4  lto-llvm-cde366.o(.text.key_task)
    __arm_cp.7_18                            0x08009eec   Number         4  lto-llvm-cde366.o(.text.key_task)
    __arm_cp.7_19                            0x08009ef0   Number         4  lto-llvm-cde366.o(.text.key_task)
    __arm_cp.7_20                            0x08009ef4   Number         4  lto-llvm-cde366.o(.text.key_task)
    __arm_cp.7_21                            0x08009ef8   Number         4  lto-llvm-cde366.o(.text.key_task)
    __arm_cp.7_22                            0x08009efc   Number         4  lto-llvm-cde366.o(.text.key_task)
    __arm_cp.7_23                            0x08009f00   Number         4  lto-llvm-cde366.o(.text.key_task)
    lcd_task                                 0x08009f05   Thumb Code    16  lto-llvm-cde366.o(.text.lcd_task)
    [Anonymous Symbol]                       0x08009f04   Section        0  lto-llvm-cde366.o(.text.lcd_task)
    __arm_cp.2_0                             0x08009f14   Number         4  lto-llvm-cde366.o(.text.lcd_task)
    [Anonymous Symbol]                       0x08009f18   Section        0  lto-llvm-cde366.o(.text.main)
    __arm_cp.0_65                            0x0800a060   Number         4  lto-llvm-cde366.o(.text.main)
    __arm_cp.0_66                            0x0800a064   Number         4  lto-llvm-cde366.o(.text.main)
    __arm_cp.0_67                            0x0800a068   Number         4  lto-llvm-cde366.o(.text.main)
    __arm_cp.0_68                            0x0800a06c   Number         4  lto-llvm-cde366.o(.text.main)
    __arm_cp.0_69                            0x0800a070   Number         4  lto-llvm-cde366.o(.text.main)
    __arm_cp.0_70                            0x0800a478   Number         4  lto-llvm-cde366.o(.text.main)
    __arm_cp.0_71                            0x0800a47c   Number         4  lto-llvm-cde366.o(.text.main)
    __arm_cp.0_72                            0x0800a480   Number         4  lto-llvm-cde366.o(.text.main)
    __arm_cp.0_73                            0x0800a484   Number         4  lto-llvm-cde366.o(.text.main)
    __arm_cp.0_74                            0x0800a488   Number         4  lto-llvm-cde366.o(.text.main)
    __arm_cp.0_78                            0x0800a498   Number         4  lto-llvm-cde366.o(.text.main)
    __arm_cp.0_80                            0x0800a4a0   Number         4  lto-llvm-cde366.o(.text.main)
    __arm_cp.0_82                            0x0800a4a8   Number         4  lto-llvm-cde366.o(.text.main)
    __arm_cp.0_83                            0x0800a4ac   Number         4  lto-llvm-cde366.o(.text.main)
    __arm_cp.0_84                            0x0800a4b0   Number         4  lto-llvm-cde366.o(.text.main)
    __arm_cp.0_85                            0x0800a4b4   Number         4  lto-llvm-cde366.o(.text.main)
    __arm_cp.0_86                            0x0800a4b8   Number         4  lto-llvm-cde366.o(.text.main)
    __arm_cp.0_88                            0x0800a4c0   Number         4  lto-llvm-cde366.o(.text.main)
    __arm_cp.0_89                            0x0800a4c4   Number         4  lto-llvm-cde366.o(.text.main)
    __arm_cp.0_90                            0x0800a758   Number         4  lto-llvm-cde366.o(.text.main)
    __arm_cp.0_91                            0x0800a75c   Number         4  lto-llvm-cde366.o(.text.main)
    __arm_cp.0_92                            0x0800a760   Number         4  lto-llvm-cde366.o(.text.main)
    __arm_cp.0_93                            0x0800a764   Number         4  lto-llvm-cde366.o(.text.main)
    __arm_cp.0_94                            0x0800a768   Number         4  lto-llvm-cde366.o(.text.main)
    __arm_cp.0_95                            0x0800a76c   Number         4  lto-llvm-cde366.o(.text.main)
    __arm_cp.0_96                            0x0800a770   Number         4  lto-llvm-cde366.o(.text.main)
    __arm_cp.0_11                            0x0800aa68   Number         4  lto-llvm-cde366.o(.text.main)
    __arm_cp.0_12                            0x0800aa6c   Number         4  lto-llvm-cde366.o(.text.main)
    __arm_cp.0_13                            0x0800aa70   Number         4  lto-llvm-cde366.o(.text.main)
    __arm_cp.0_15                            0x0800aa74   Number         4  lto-llvm-cde366.o(.text.main)
    __arm_cp.0_16                            0x0800aa78   Number         4  lto-llvm-cde366.o(.text.main)
    __arm_cp.0_23                            0x0800aa7c   Number         4  lto-llvm-cde366.o(.text.main)
    __arm_cp.0_31                            0x0800aa80   Number         4  lto-llvm-cde366.o(.text.main)
    __arm_cp.0_32                            0x0800aa84   Number         4  lto-llvm-cde366.o(.text.main)
    __arm_cp.0_33                            0x0800aa88   Number         4  lto-llvm-cde366.o(.text.main)
    __arm_cp.0_34                            0x0800aa8c   Number         4  lto-llvm-cde366.o(.text.main)
    __arm_cp.0_36                            0x0800aa90   Number         4  lto-llvm-cde366.o(.text.main)
    __arm_cp.0_37                            0x0800aa94   Number         4  lto-llvm-cde366.o(.text.main)
    __arm_cp.0_38                            0x0800aa98   Number         4  lto-llvm-cde366.o(.text.main)
    __arm_cp.0_39                            0x0800aa9c   Number         4  lto-llvm-cde366.o(.text.main)
    __arm_cp.0_40                            0x0800aaa0   Number         4  lto-llvm-cde366.o(.text.main)
    __arm_cp.0_41                            0x0800aaa4   Number         4  lto-llvm-cde366.o(.text.main)
    __arm_cp.0_42                            0x0800aaa8   Number         4  lto-llvm-cde366.o(.text.main)
    __arm_cp.0_43                            0x0800aaac   Number         4  lto-llvm-cde366.o(.text.main)
    __arm_cp.0_44                            0x0800aab0   Number         4  lto-llvm-cde366.o(.text.main)
    __arm_cp.0_45                            0x0800aab4   Number         4  lto-llvm-cde366.o(.text.main)
    __arm_cp.0_46                            0x0800aab8   Number         4  lto-llvm-cde366.o(.text.main)
    __arm_cp.0_47                            0x0800aabc   Number         4  lto-llvm-cde366.o(.text.main)
    __arm_cp.0_48                            0x0800aac0   Number         4  lto-llvm-cde366.o(.text.main)
    __arm_cp.0_49                            0x0800aac4   Number         4  lto-llvm-cde366.o(.text.main)
    __arm_cp.0_50                            0x0800aac8   Number         4  lto-llvm-cde366.o(.text.main)
    __arm_cp.0_51                            0x0800aacc   Number         4  lto-llvm-cde366.o(.text.main)
    __arm_cp.0_52                            0x0800aad0   Number         4  lto-llvm-cde366.o(.text.main)
    __arm_cp.0_53                            0x0800aad4   Number         4  lto-llvm-cde366.o(.text.main)
    __arm_cp.0_54                            0x0800aad8   Number         4  lto-llvm-cde366.o(.text.main)
    __arm_cp.0_55                            0x0800aadc   Number         4  lto-llvm-cde366.o(.text.main)
    __arm_cp.0_56                            0x0800aae0   Number         4  lto-llvm-cde366.o(.text.main)
    __arm_cp.0_57                            0x0800aae4   Number         4  lto-llvm-cde366.o(.text.main)
    __arm_cp.0_58                            0x0800aae8   Number         4  lto-llvm-cde366.o(.text.main)
    __arm_cp.0_59                            0x0800aaec   Number         4  lto-llvm-cde366.o(.text.main)
    __arm_cp.0_60                            0x0800aaf0   Number         4  lto-llvm-cde366.o(.text.main)
    __arm_cp.0_61                            0x0800aaf4   Number         4  lto-llvm-cde366.o(.text.main)
    __arm_cp.0_62                            0x0800aaf8   Number         4  lto-llvm-cde366.o(.text.main)
    __arm_cp.0_63                            0x0800aafc   Number         4  lto-llvm-cde366.o(.text.main)
    ms_to_scan_count                         0x0800ab15   Thumb Code    32  lto-llvm-cde366.o(.text.ms_to_scan_count)
    [Anonymous Symbol]                       0x0800ab14   Section        0  lto-llvm-cde366.o(.text.ms_to_scan_count)
    __arm_cp.42_0                            0x0800ab34   Number         4  lto-llvm-cde366.o(.text.ms_to_scan_count)
    output_task                              0x0800ab39   Thumb Code   460  lto-llvm-cde366.o(.text.output_task)
    [Anonymous Symbol]                       0x0800ab38   Section        0  lto-llvm-cde366.o(.text.output_task)
    __arm_cp.3_0                             0x0800ad04   Number         4  lto-llvm-cde366.o(.text.output_task)
    __arm_cp.3_1                             0x0800ad08   Number         4  lto-llvm-cde366.o(.text.output_task)
    __arm_cp.3_2                             0x0800ad0c   Number         4  lto-llvm-cde366.o(.text.output_task)
    __arm_cp.3_3                             0x0800ad10   Number         4  lto-llvm-cde366.o(.text.output_task)
    __arm_cp.3_4                             0x0800ad14   Number         4  lto-llvm-cde366.o(.text.output_task)
    __arm_cp.3_5                             0x0800ad18   Number         4  lto-llvm-cde366.o(.text.output_task)
    __arm_cp.3_6                             0x0800ad1c   Number         4  lto-llvm-cde366.o(.text.output_task)
    set_mode                                 0x0800ad21   Thumb Code    64  lto-llvm-cde366.o(.text.set_mode)
    [Anonymous Symbol]                       0x0800ad20   Section        0  lto-llvm-cde366.o(.text.set_mode)
    __arm_cp.44_0                            0x0800ad60   Number         4  lto-llvm-cde366.o(.text.set_mode)
    spi_byte_write                           0x0800ad65   Thumb Code    36  lto-llvm-cde366.o(.text.spi_byte_write)
    [Anonymous Symbol]                       0x0800ad64   Section        0  lto-llvm-cde366.o(.text.spi_byte_write)
    spiflash_read                            0x0800ad89   Thumb Code   244  lto-llvm-cde366.o(.text.spiflash_read)
    [Anonymous Symbol]                       0x0800ad88   Section        0  lto-llvm-cde366.o(.text.spiflash_read)
    __arm_cp.36_0                            0x0800ae7c   Number         4  lto-llvm-cde366.o(.text.spiflash_read)
    __arm_cp.36_1                            0x0800ae80   Number         4  lto-llvm-cde366.o(.text.spiflash_read)
    __arm_cp.36_2                            0x0800ae84   Number         4  lto-llvm-cde366.o(.text.spiflash_read)
    __arm_cp.36_3                            0x0800ae88   Number         4  lto-llvm-cde366.o(.text.spiflash_read)
    __arm_cp.36_4                            0x0800ae8c   Number         4  lto-llvm-cde366.o(.text.spiflash_read)
    tmr_output_channel_config                0x0800ae91   Thumb Code   214  lto-llvm-cde366.o(.text.tmr_output_channel_config)
    [Anonymous Symbol]                       0x0800ae90   Section        0  lto-llvm-cde366.o(.text.tmr_output_channel_config)
    tmt_create                               0x0800af69   Thumb Code    44  lto-llvm-cde366.o(.text.tmt_create)
    [Anonymous Symbol]                       0x0800af68   Section        0  lto-llvm-cde366.o(.text.tmt_create)
    tmt_delete                               0x0800af95   Thumb Code    88  lto-llvm-cde366.o(.text.tmt_delete)
    [Anonymous Symbol]                       0x0800af94   Section        0  lto-llvm-cde366.o(.text.tmt_delete)
    __arm_cp.63_1                            0x0800afec   Number         4  lto-llvm-cde366.o(.text.tmt_delete)
    tmt_run                                  0x0800aff1   Thumb Code    52  lto-llvm-cde366.o(.text.tmt_run)
    [Anonymous Symbol]                       0x0800aff0   Section        0  lto-llvm-cde366.o(.text.tmt_run)
    tmt_run_ctrl                             0x0800b025   Thumb Code    44  lto-llvm-cde366.o(.text.tmt_run_ctrl)
    [Anonymous Symbol]                       0x0800b024   Section        0  lto-llvm-cde366.o(.text.tmt_run_ctrl)
    tmt_time_ctrl                            0x0800b051   Thumb Code    48  lto-llvm-cde366.o(.text.tmt_time_ctrl)
    [Anonymous Symbol]                       0x0800b050   Section        0  lto-llvm-cde366.o(.text.tmt_time_ctrl)
    tmt_update_tick                          0x0800b081   Thumb Code    28  lto-llvm-cde366.o(.text.tmt_update_tick)
    [Anonymous Symbol]                       0x0800b080   Section        0  lto-llvm-cde366.o(.text.tmt_update_tick)
    __arm_cp.61_0                            0x0800b09c   Number         4  lto-llvm-cde366.o(.text.tmt_update_tick)
    voltage_to_y                             0x0800b0a1   Thumb Code    92  lto-llvm-cde366.o(.text.voltage_to_y)
    [Anonymous Symbol]                       0x0800b0a0   Section        0  lto-llvm-cde366.o(.text.voltage_to_y)
    __arm_cp.56_0                            0x0800b0fc   Number         4  lto-llvm-cde366.o(.text.voltage_to_y)
    __arm_cp.56_1                            0x0800b100   Number         4  lto-llvm-cde366.o(.text.voltage_to_y)
    wk_delay_ms                              0x0800b105   Thumb Code    24  lto-llvm-cde366.o(.text.wk_delay_ms)
    [Anonymous Symbol]                       0x0800b104   Section        0  lto-llvm-cde366.o(.text.wk_delay_ms)
    __arm_cp.19_0                            0x0800b11c   Number         4  lto-llvm-cde366.o(.text.wk_delay_ms)
    work_task                                0x0800b121   Thumb Code     2  lto-llvm-cde366.o(.text.work_task)
    [Anonymous Symbol]                       0x0800b120   Section        0  lto-llvm-cde366.o(.text.work_task)
    i.__scatterload_copy                     0x0800b122   Section       14  handlers.o(i.__scatterload_copy)
    i.__scatterload_null                     0x0800b130   Section        2  handlers.o(i.__scatterload_null)
    i.__scatterload_zeroinit                 0x0800b132   Section       14  handlers.o(i.__scatterload_zeroinit)
    [Anonymous Symbol]                       0x0800b140   Section        0  lto-llvm-cde366.o(.rodata..Lswitch.table.TranferPicturetoTFT_LCD)
    [Anonymous Symbol]                       0x0800b32c   Section        0  lto-llvm-cde366.o(.rodata..Lswitch.table.TranferPicturetoTFT_LCD.11)
    [Anonymous Symbol]                       0x0800b518   Section        0  lto-llvm-cde366.o(.rodata..Lswitch.table.get_key.4)
    [Anonymous Symbol]                       0x0800b524   Section        0  lto-llvm-cde366.o(.rodata..Lswitch.table.get_key.5)
    ascii_1206                               0x0800b530   Data        1140  lto-llvm-cde366.o(.rodata.ascii_1206)
    [Anonymous Symbol]                       0x0800b530   Section        0  lto-llvm-cde366.o(.rodata.ascii_1206)
    ascii_1608                               0x0800b9a4   Data        1520  lto-llvm-cde366.o(.rodata.ascii_1608)
    [Anonymous Symbol]                       0x0800b9a4   Section        0  lto-llvm-cde366.o(.rodata.ascii_1608)
    ascii_2412                               0x0800bf94   Data        4560  lto-llvm-cde366.o(.rodata.ascii_2412)
    [Anonymous Symbol]                       0x0800bf94   Section        0  lto-llvm-cde366.o(.rodata.ascii_2412)
    ascii_3216                               0x0800d164   Data        6080  lto-llvm-cde366.o(.rodata.ascii_3216)
    [Anonymous Symbol]                       0x0800d164   Section        0  lto-llvm-cde366.o(.rodata.ascii_3216)
    ascii_6432                               0x0800e924   Data       24320  lto-llvm-cde366.o(.rodata.ascii_6432)
    [Anonymous Symbol]                       0x0800e924   Section        0  lto-llvm-cde366.o(.rodata.ascii_6432)
    ascii_8040                               0x08014824   Data       38000  lto-llvm-cde366.o(.rodata.ascii_8040)
    [Anonymous Symbol]                       0x08014824   Section        0  lto-llvm-cde366.o(.rodata.ascii_8040)
    crm_clocks_freq_get.ahb_apb2_div_table   0x0801dc94   Data           8  lto-llvm-cde366.o(.rodata.cst8)
    [Anonymous Symbol]                       0x0801dc94   Section        0  lto-llvm-cde366.o(.rodata.cst8)
    off_set_buff                             0x0801dc9c   Data          41  lto-llvm-cde366.o(.rodata.off_set_buff)
    [Anonymous Symbol]                       0x0801dc9c   Section        0  lto-llvm-cde366.o(.rodata.off_set_buff)
    wind_set_20_buff                         0x0801dcc5   Data          41  lto-llvm-cde366.o(.rodata.wind_set_20_buff)
    [Anonymous Symbol]                       0x0801dcc5   Section        0  lto-llvm-cde366.o(.rodata.wind_set_20_buff)
    SysTick_Handler.fan_run_time             0x20000000   Data           1  lto-llvm-cde366.o(.data..L_MergedGlobals)
    [Anonymous Symbol]                       0x20000000   Section        0  lto-llvm-cde366.o(.data..L_MergedGlobals)
    SysTick_Handler.beep_task_time           0x20000001   Data           1  lto-llvm-cde366.o(.data..L_MergedGlobals)
    SysTick_Handler.warning_time             0x20000002   Data           1  lto-llvm-cde366.o(.data..L_MergedGlobals)
    event                                    0x20000003   Data           1  lto-llvm-cde366.o(.data..L_MergedGlobals)
    air_ec11_handle_event                    0x20000004   Data           1  lto-llvm-cde366.o(.data..L_MergedGlobals)
    ec11_handle_event                        0x20000005   Data           1  lto-llvm-cde366.o(.data..L_MergedGlobals)
    sbeep.1                                  0x20000008   Data           1  lto-llvm-cde366.o(.data..L_MergedGlobals)
    SysTick_Handler.get_fan_speed_time       0x2000000a   Data           2  lto-llvm-cde366.o(.data..L_MergedGlobals)
    last_output_value                        0x2000000c   Data           2  lto-llvm-cde366.o(.data..L_MergedGlobals)
    show_output.delay_time                   0x2000000e   Data           2  lto-llvm-cde366.o(.data..L_MergedGlobals)
    out_times                                0x20000010   Data           4  lto-llvm-cde366.o(.data..L_MergedGlobals)
    show_icon.display_times                  0x20000014   Data           4  lto-llvm-cde366.o(.data..L_MergedGlobals)
    page_switch.reset_time                   0x20000018   Data           4  lto-llvm-cde366.o(.data..L_MergedGlobals)
    key_ch1                                  0x2000001c   Data          20  lto-llvm-cde366.o(.data..L_MergedGlobals)
    key_ch2                                  0x20000030   Data          20  lto-llvm-cde366.o(.data..L_MergedGlobals)
    key_ch3                                  0x20000044   Data          20  lto-llvm-cde366.o(.data..L_MergedGlobals)
    get_key_handle1                          0x20000058   Data          20  lto-llvm-cde366.o(.data..L_MergedGlobals)
    get_key_handle2                          0x2000006c   Data          20  lto-llvm-cde366.o(.data..L_MergedGlobals.298)
    [Anonymous Symbol]                       0x2000006c   Section        0  lto-llvm-cde366.o(.data..L_MergedGlobals.298)
    get_key_handle3                          0x20000080   Data          20  lto-llvm-cde366.o(.data..L_MergedGlobals.298)
    temp_ec11                                0x20000094   Data          56  lto-llvm-cde366.o(.data..L_MergedGlobals.298)
    air_ec11                                 0x200000cc   Data          56  lto-llvm-cde366.o(.data.air_ec11)
    [Anonymous Symbol]                       0x200000cc   Section        0  lto-llvm-cde366.o(.data.air_ec11)
    SysTick_Handler.first_in                 0x20000108   Data           1  lto-llvm-cde366.o(.bss..L_MergedGlobals.299)
    [Anonymous Symbol]                       0x20000108   Section        0  lto-llvm-cde366.o(.bss..L_MergedGlobals.299)
    FlashProc.sflash.0                       0x20000109   Data           1  lto-llvm-cde366.o(.bss..L_MergedGlobals.299)
    FlashProc.last_work_mode                 0x2000010a   Data           1  lto-llvm-cde366.o(.bss..L_MergedGlobals.299)
    FlashProc.last_temp_unit_mode            0x2000010b   Data           1  lto-llvm-cde366.o(.bss..L_MergedGlobals.299)
    FlashProc.last_speak_mode                0x2000010c   Data           1  lto-llvm-cde366.o(.bss..L_MergedGlobals.299)
    FlashProc.last_language_mode             0x2000010d   Data           1  lto-llvm-cde366.o(.bss..L_MergedGlobals.299)
    FlashProc.last_display_lock_mode         0x2000010e   Data           1  lto-llvm-cde366.o(.bss..L_MergedGlobals.299)
    FlashProc.last_sleep_mode                0x2000010f   Data           1  lto-llvm-cde366.o(.bss..L_MergedGlobals.299)
    FlashProc.last_run_mode                  0x20000110   Data           1  lto-llvm-cde366.o(.bss..L_MergedGlobals.299)
    FlashProc.last_longkey_mode              0x20000111   Data           1  lto-llvm-cde366.o(.bss..L_MergedGlobals.299)
    FlashProc.last_shortkey_mode             0x20000112   Data           1  lto-llvm-cde366.o(.bss..L_MergedGlobals.299)
    FlashProc.last_adjustkey_mode            0x20000113   Data           1  lto-llvm-cde366.o(.bss..L_MergedGlobals.299)
    FlashProc.flash_count                    0x20000114   Data           1  lto-llvm-cde366.o(.bss..L_MergedGlobals.299)
    last_key_adjust_state                    0x20000115   Data           1  lto-llvm-cde366.o(.bss..L_MergedGlobals.299)
    channel_state                            0x20000116   Data           1  lto-llvm-cde366.o(.bss..L_MergedGlobals.299)
    get_key.first_in                         0x20000117   Data           1  lto-llvm-cde366.o(.bss..L_MergedGlobals.299)
    fan_control.control_step                 0x20000118   Data           1  lto-llvm-cde366.o(.bss..L_MergedGlobals.299)
    fan_control.fan_run_flag                 0x20000119   Data           1  lto-llvm-cde366.o(.bss..L_MergedGlobals.299)
    pwm_control.change_flag                  0x2000011a   Data           1  lto-llvm-cde366.o(.bss..L_MergedGlobals.299)
    LcdProc.run_step                         0x2000011b   Data           1  lto-llvm-cde366.o(.bss..L_MergedGlobals.299)
    show_icon.show_step                      0x2000011c   Data           1  lto-llvm-cde366.o(.bss..L_MergedGlobals.299)
    last_sleep_state                         0x2000011d   Data           1  lto-llvm-cde366.o(.bss..L_MergedGlobals.299)
    show_curve.first_in                      0x2000011e   Data           1  lto-llvm-cde366.o(.bss..L_MergedGlobals.299)
    page_switch.first_in                     0x2000011f   Data           1  lto-llvm-cde366.o(.bss..L_MergedGlobals.299)
    page_switch.first_s                      0x20000120   Data           1  lto-llvm-cde366.o(.bss..L_MergedGlobals.299)
    show_navigation_bar.first_draw           0x20000121   Data           1  lto-llvm-cde366.o(.bss..L_MergedGlobals.299)
    show_fan.fan_count                       0x20000122   Data           1  lto-llvm-cde366.o(.bss..L_MergedGlobals.299)
    show_fan.fan_times                       0x20000123   Data           1  lto-llvm-cde366.o(.bss..L_MergedGlobals.299)
    show_fan.show_fan_flag                   0x20000124   Data           1  lto-llvm-cde366.o(.bss..L_MergedGlobals.299)
    show_fan.fan_num                         0x20000125   Data           1  lto-llvm-cde366.o(.bss..L_MergedGlobals.299)
    show_output.temp_state                   0x20000126   Data           1  lto-llvm-cde366.o(.bss..L_MergedGlobals.299)
    show_output.last_temp_state              0x20000127   Data           1  lto-llvm-cde366.o(.bss..L_MergedGlobals.299)
    show_temp.show_step                      0x20000128   Data           1  lto-llvm-cde366.o(.bss..L_MergedGlobals.299)
    show_channel_state.clean_state           0x20000129   Data           1  lto-llvm-cde366.o(.bss..L_MergedGlobals.299)
    number_change.first_in                   0x2000012a   Data           1  lto-llvm-cde366.o(.bss..L_MergedGlobals.299)
    air_ec11_get_event.first_state           0x2000012b   Data           1  lto-llvm-cde366.o(.bss..L_MergedGlobals.299)
    adjust_state                             0x2000012c   Data           1  lto-llvm-cde366.o(.bss..L_MergedGlobals.299)
    temp_ec11_get_event.first_in             0x2000012d   Data           1  lto-llvm-cde366.o(.bss..L_MergedGlobals.299)
    actual_temp_refesh_time                  0x2000012e   Data           1  lto-llvm-cde366.o(.bss..L_MergedGlobals.299)
    last_coldwind_state                      0x2000012f   Data           1  lto-llvm-cde366.o(.bss..L_MergedGlobals.299)
    sbeep.0                                  0x20000130   Data           1  lto-llvm-cde366.o(.bss..L_MergedGlobals.299)
    BeepProc.s_BeepStartTime                 0x20000131   Data           1  lto-llvm-cde366.o(.bss..L_MergedGlobals.299)
    g_scan_interval_ms                       0x20000132   Data           1  lto-llvm-cde366.o(.bss..L_MergedGlobals.299)
    adc1_ordinary_value                      0x20000134   Data           2  lto-llvm-cde366.o(.bss..L_MergedGlobals.299)
    FlashProc.last_set_temp                  0x20000136   Data           2  lto-llvm-cde366.o(.bss..L_MergedGlobals.299)
    FlashProc.last_set_wind                  0x20000138   Data           2  lto-llvm-cde366.o(.bss..L_MergedGlobals.299)
    FlashProc.last_ch1_set_temp              0x2000013a   Data           2  lto-llvm-cde366.o(.bss..L_MergedGlobals.299)
    FlashProc.last_ch1_set_wind              0x2000013c   Data           2  lto-llvm-cde366.o(.bss..L_MergedGlobals.299)
    FlashProc.last_cal_data                  0x2000013e   Data           2  lto-llvm-cde366.o(.bss..L_MergedGlobals.299)
    FlashProc.flash_version                  0x20000140   Data           2  lto-llvm-cde366.o(.bss..L_MergedGlobals.299)
    pwm_control.delay_time                   0x20000142   Data           2  lto-llvm-cde366.o(.bss..L_MergedGlobals.299)
    show_output.output_value                 0x20000144   Data           2  lto-llvm-cde366.o(.bss..L_MergedGlobals.299)
    lcddev.2                                 0x20000146   Data           2  lto-llvm-cde366.o(.bss..L_MergedGlobals.299)
    LCD_Show_Curve.input_data_1              0x20000148   Data           2  lto-llvm-cde366.o(.bss..L_MergedGlobals.299)
    LCD_Show_Curve.input_data_2              0x2000014a   Data           2  lto-llvm-cde366.o(.bss..L_MergedGlobals.299)
    tmr9_ch1_readvalue                       0x2000014c   Data           4  lto-llvm-cde366.o(.bss..L_MergedGlobals.299)
    timebase_ticks                           0x20000150   Data           4  lto-llvm-cde366.o(.bss..L_MergedGlobals.299)
    pwm_control.last_set_temp                0x20000154   Data           4  lto-llvm-cde366.o(.bss..L_MergedGlobals.299)
    key_event                                0x20000158   Data           6  lto-llvm-cde366.o(.bss..L_MergedGlobals.299)
    tmt                                      0x20000160   Data          24  lto-llvm-cde366.o(.bss..L_MergedGlobals.299)
    handle_pid                               0x20000178   Data          44  lto-llvm-cde366.o(.bss..L_MergedGlobals.300)
    [Anonymous Symbol]                       0x20000178   Section        0  lto-llvm-cde366.o(.bss..L_MergedGlobals.300)
    handle_temp                              0x200001a4   Data          48  lto-llvm-cde366.o(.bss..L_MergedGlobals.300)
    TranferPicturetoTFT_LCD.Read_data        0x200001d4   Data        1024  lto-llvm-cde366.o(.bss.TranferPicturetoTFT_LCD.Read_data)
    [Anonymous Symbol]                       0x200001d4   Section        0  lto-llvm-cde366.o(.bss.TranferPicturetoTFT_LCD.Read_data)
    feed_dog_task.first_in                   0x200005d4   Data           1  lto-llvm-cde366.o(.bss.feed_dog_task.first_in)
    [Anonymous Symbol]                       0x200005d4   Section        0  lto-llvm-cde366.o(.bss.feed_dog_task.first_in)
    get_handle_error_state.get_step          0x200005d5   Data           1  lto-llvm-cde366.o(.bss.get_handle_error_state.get_step)
    [Anonymous Symbol]                       0x200005d5   Section        0  lto-llvm-cde366.o(.bss.get_handle_error_state.get_step)
    object                                   0x200005d8   Data         124  lto-llvm-cde366.o(.bss.object)
    [Anonymous Symbol]                       0x200005d8   Section        0  lto-llvm-cde366.o(.bss.object)
    sFWHA01_t                                0x20000654   Data        1004  lto-llvm-cde366.o(.bss.sFWHA01_t)
    [Anonymous Symbol]                       0x20000654   Section        0  lto-llvm-cde366.o(.bss.sFWHA01_t)
    STACK                                    0x20000a40   Section     1024  startup_at32f415.o(STACK)

    Global Symbols

    Symbol Name                              Value     Ov Type        Size  Object(Section)

    BuildAttributes$$THM_ISAv4$E$P$D$K$B$S$7EM$PE$A:L22UL41UL21$X:L11$S22US41US21$IEEE1$IW$~IW$USESV6$~STKCKD$USESV7$~SHL$OTIME$ROPI$IEEEX$EBA8$MICROLIB$REQ8$PRES8$EABIv2 0x00000000   Number         0  anon$$obj.o ABSOLUTE
    _printf_a                                0x00000000   Number         0  printfstubs.o ABSOLUTE
    _printf_c                                0x00000000   Number         0  printfstubs.o ABSOLUTE
    _printf_charcount                        0x00000000   Number         0  printfstubs.o ABSOLUTE
    _printf_d                                0x00000000   Number         0  printfstubs.o ABSOLUTE
    _printf_e                                0x00000000   Number         0  printfstubs.o ABSOLUTE
    _printf_f                                0x00000000   Number         0  printfstubs.o ABSOLUTE
    _printf_flags                            0x00000000   Number         0  printfstubs.o ABSOLUTE
    _printf_fp_dec                           0x00000000   Number         0  printfstubs.o ABSOLUTE
    _printf_fp_hex                           0x00000000   Number         0  printfstubs.o ABSOLUTE
    _printf_g                                0x00000000   Number         0  printfstubs.o ABSOLUTE
    _printf_i                                0x00000000   Number         0  printfstubs.o ABSOLUTE
    _printf_int_dec                          0x00000000   Number         0  printfstubs.o ABSOLUTE
    _printf_l                                0x00000000   Number         0  printfstubs.o ABSOLUTE
    _printf_lc                               0x00000000   Number         0  printfstubs.o ABSOLUTE
    _printf_ll                               0x00000000   Number         0  printfstubs.o ABSOLUTE
    _printf_lld                              0x00000000   Number         0  printfstubs.o ABSOLUTE
    _printf_lli                              0x00000000   Number         0  printfstubs.o ABSOLUTE
    _printf_llo                              0x00000000   Number         0  printfstubs.o ABSOLUTE
    _printf_llu                              0x00000000   Number         0  printfstubs.o ABSOLUTE
    _printf_llx                              0x00000000   Number         0  printfstubs.o ABSOLUTE
    _printf_longlong_dec                     0x00000000   Number         0  printfstubs.o ABSOLUTE
    _printf_longlong_hex                     0x00000000   Number         0  printfstubs.o ABSOLUTE
    _printf_longlong_oct                     0x00000000   Number         0  printfstubs.o ABSOLUTE
    _printf_ls                               0x00000000   Number         0  printfstubs.o ABSOLUTE
    _printf_mbtowc                           0x00000000   Number         0  printfstubs.o ABSOLUTE
    _printf_n                                0x00000000   Number         0  printfstubs.o ABSOLUTE
    _printf_o                                0x00000000   Number         0  printfstubs.o ABSOLUTE
    _printf_p                                0x00000000   Number         0  printfstubs.o ABSOLUTE
    _printf_percent                          0x00000000   Number         0  printfstubs.o ABSOLUTE
    _printf_pre_padding                      0x00000000   Number         0  printfstubs.o ABSOLUTE
    _printf_return_value                     0x00000000   Number         0  printfstubs.o ABSOLUTE
    _printf_s                                0x00000000   Number         0  printfstubs.o ABSOLUTE
    _printf_sizespec                         0x00000000   Number         0  printfstubs.o ABSOLUTE
    _printf_str                              0x00000000   Number         0  printfstubs.o ABSOLUTE
    _printf_truncate_signed                  0x00000000   Number         0  printfstubs.o ABSOLUTE
    _printf_truncate_unsigned                0x00000000   Number         0  printfstubs.o ABSOLUTE
    _printf_u                                0x00000000   Number         0  printfstubs.o ABSOLUTE
    _printf_wc                               0x00000000   Number         0  printfstubs.o ABSOLUTE
    _printf_wctomb                           0x00000000   Number         0  printfstubs.o ABSOLUTE
    _printf_widthprec                        0x00000000   Number         0  printfstubs.o ABSOLUTE
    _printf_x                                0x00000000   Number         0  printfstubs.o ABSOLUTE
    __cpp_initialize__aeabi_                  - Undefined Weak Reference
    __cxa_finalize                            - Undefined Weak Reference
    __decompress                              - Undefined Weak Reference
    _clock_init                               - Undefined Weak Reference
    _microlib_exit                            - Undefined Weak Reference
    __Vectors_Size                           0x00000170   Number         0  startup_at32f415.o ABSOLUTE
    __Vectors                                0x08004000   Data           4  startup_at32f415.o(RESET)
    __Vectors_End                            0x08004170   Data           0  startup_at32f415.o(RESET)
    __main                                   0x08004171   Thumb Code     0  entry.o(.ARM.Collect$$$$00000000)
    _main_stk                                0x08004171   Thumb Code     0  entry2.o(.ARM.Collect$$$$00000001)
    _main_scatterload                        0x08004175   Thumb Code     0  entry5.o(.ARM.Collect$$$$00000004)
    __main_after_scatterload                 0x08004179   Thumb Code     0  entry5.o(.ARM.Collect$$$$00000004)
    _main_clock                              0x08004179   Thumb Code     0  entry7b.o(.ARM.Collect$$$$00000008)
    _main_cpp_init                           0x08004179   Thumb Code     0  entry8b.o(.ARM.Collect$$$$0000000A)
    _main_init                               0x08004179   Thumb Code     0  entry9a.o(.ARM.Collect$$$$0000000B)
    __rt_final_cpp                           0x08004181   Thumb Code     0  entry10a.o(.ARM.Collect$$$$0000000D)
    __rt_final_exit                          0x08004181   Thumb Code     0  entry11a.o(.ARM.Collect$$$$0000000F)
    Reset_Handler                            0x08004185   Thumb Code     8  startup_at32f415.o(.text)
    ADC1_IRQHandler                          0x0800419f   Thumb Code     0  startup_at32f415.o(.text)
    CAN1_RX0_IRQHandler                      0x0800419f   Thumb Code     0  startup_at32f415.o(.text)
    CAN1_RX1_IRQHandler                      0x0800419f   Thumb Code     0  startup_at32f415.o(.text)
    CAN1_SE_IRQHandler                       0x0800419f   Thumb Code     0  startup_at32f415.o(.text)
    CAN1_TX_IRQHandler                       0x0800419f   Thumb Code     0  startup_at32f415.o(.text)
    CMP1_IRQHandler                          0x0800419f   Thumb Code     0  startup_at32f415.o(.text)
    CMP2_IRQHandler                          0x0800419f   Thumb Code     0  startup_at32f415.o(.text)
    CRM_IRQHandler                           0x0800419f   Thumb Code     0  startup_at32f415.o(.text)
    DMA1_Channel1_IRQHandler                 0x0800419f   Thumb Code     0  startup_at32f415.o(.text)
    DMA1_Channel2_IRQHandler                 0x0800419f   Thumb Code     0  startup_at32f415.o(.text)
    DMA1_Channel3_IRQHandler                 0x0800419f   Thumb Code     0  startup_at32f415.o(.text)
    DMA1_Channel4_IRQHandler                 0x0800419f   Thumb Code     0  startup_at32f415.o(.text)
    DMA1_Channel5_IRQHandler                 0x0800419f   Thumb Code     0  startup_at32f415.o(.text)
    DMA1_Channel6_IRQHandler                 0x0800419f   Thumb Code     0  startup_at32f415.o(.text)
    DMA1_Channel7_IRQHandler                 0x0800419f   Thumb Code     0  startup_at32f415.o(.text)
    DMA2_Channel1_IRQHandler                 0x0800419f   Thumb Code     0  startup_at32f415.o(.text)
    DMA2_Channel2_IRQHandler                 0x0800419f   Thumb Code     0  startup_at32f415.o(.text)
    DMA2_Channel3_IRQHandler                 0x0800419f   Thumb Code     0  startup_at32f415.o(.text)
    DMA2_Channel4_5_IRQHandler               0x0800419f   Thumb Code     0  startup_at32f415.o(.text)
    DMA2_Channel6_7_IRQHandler               0x0800419f   Thumb Code     0  startup_at32f415.o(.text)
    ERTCAlarm_IRQHandler                     0x0800419f   Thumb Code     0  startup_at32f415.o(.text)
    ERTC_WKUP_IRQHandler                     0x0800419f   Thumb Code     0  startup_at32f415.o(.text)
    EXINT0_IRQHandler                        0x0800419f   Thumb Code     0  startup_at32f415.o(.text)
    EXINT15_10_IRQHandler                    0x0800419f   Thumb Code     0  startup_at32f415.o(.text)
    EXINT1_IRQHandler                        0x0800419f   Thumb Code     0  startup_at32f415.o(.text)
    EXINT2_IRQHandler                        0x0800419f   Thumb Code     0  startup_at32f415.o(.text)
    EXINT3_IRQHandler                        0x0800419f   Thumb Code     0  startup_at32f415.o(.text)
    EXINT4_IRQHandler                        0x0800419f   Thumb Code     0  startup_at32f415.o(.text)
    EXINT9_5_IRQHandler                      0x0800419f   Thumb Code     0  startup_at32f415.o(.text)
    FLASH_IRQHandler                         0x0800419f   Thumb Code     0  startup_at32f415.o(.text)
    I2C1_ERR_IRQHandler                      0x0800419f   Thumb Code     0  startup_at32f415.o(.text)
    I2C1_EVT_IRQHandler                      0x0800419f   Thumb Code     0  startup_at32f415.o(.text)
    I2C2_ERR_IRQHandler                      0x0800419f   Thumb Code     0  startup_at32f415.o(.text)
    I2C2_EVT_IRQHandler                      0x0800419f   Thumb Code     0  startup_at32f415.o(.text)
    OTGFS1_IRQHandler                        0x0800419f   Thumb Code     0  startup_at32f415.o(.text)
    OTGFS1_WKUP_IRQHandler                   0x0800419f   Thumb Code     0  startup_at32f415.o(.text)
    PVM_IRQHandler                           0x0800419f   Thumb Code     0  startup_at32f415.o(.text)
    SDIO1_IRQHandler                         0x0800419f   Thumb Code     0  startup_at32f415.o(.text)
    SPI1_IRQHandler                          0x0800419f   Thumb Code     0  startup_at32f415.o(.text)
    SPI2_IRQHandler                          0x0800419f   Thumb Code     0  startup_at32f415.o(.text)
    TAMP_STAMP_IRQHandler                    0x0800419f   Thumb Code     0  startup_at32f415.o(.text)
    TMR1_CH_IRQHandler                       0x0800419f   Thumb Code     0  startup_at32f415.o(.text)
    TMR1_OVF_TMR10_IRQHandler                0x0800419f   Thumb Code     0  startup_at32f415.o(.text)
    TMR1_TRG_HALL_TMR11_IRQHandler           0x0800419f   Thumb Code     0  startup_at32f415.o(.text)
    TMR2_GLOBAL_IRQHandler                   0x0800419f   Thumb Code     0  startup_at32f415.o(.text)
    TMR3_GLOBAL_IRQHandler                   0x0800419f   Thumb Code     0  startup_at32f415.o(.text)
    TMR4_GLOBAL_IRQHandler                   0x0800419f   Thumb Code     0  startup_at32f415.o(.text)
    UART4_IRQHandler                         0x0800419f   Thumb Code     0  startup_at32f415.o(.text)
    UART5_IRQHandler                         0x0800419f   Thumb Code     0  startup_at32f415.o(.text)
    USART2_IRQHandler                        0x0800419f   Thumb Code     0  startup_at32f415.o(.text)
    USART3_IRQHandler                        0x0800419f   Thumb Code     0  startup_at32f415.o(.text)
    WWDT_IRQHandler                          0x0800419f   Thumb Code     0  startup_at32f415.o(.text)
    __I$use$fp                               0x080041a9   Thumb Code     0  iusefp.o(.text)
    __aeabi_dadd                             0x080041a9   Thumb Code   322  dadd.o(.text)
    __aeabi_dsub                             0x080042eb   Thumb Code     6  dadd.o(.text)
    __aeabi_drsub                            0x080042f1   Thumb Code     6  dadd.o(.text)
    __aeabi_dmul                             0x080042f7   Thumb Code   228  dmul.o(.text)
    __aeabi_ddiv                             0x080043db   Thumb Code   222  ddiv.o(.text)
    __scatterload                            0x080044b9   Thumb Code    38  init.o(.text)
    __scatterload_rt2                        0x080044b9   Thumb Code     0  init.o(.text)
    __aeabi_llsl                             0x080044e9   Thumb Code    30  llshl.o(.text)
    _ll_shift_l                              0x080044e9   Thumb Code     0  llshl.o(.text)
    __aeabi_llsr                             0x08004507   Thumb Code    32  llushr.o(.text)
    _ll_ushift_r                             0x08004507   Thumb Code     0  llushr.o(.text)
    __aeabi_lasr                             0x08004527   Thumb Code    36  llsshr.o(.text)
    _ll_sshift_r                             0x08004527   Thumb Code     0  llsshr.o(.text)
    _double_round                            0x0800454b   Thumb Code    30  depilogue.o(.text)
    _double_epilogue                         0x08004569   Thumb Code   156  depilogue.o(.text)
    __aeabi_ui2d                             0x08004605   Thumb Code    26  dfltui.o(.text)
    __aeabi_d2iz                             0x0800461f   Thumb Code    62  dfixi.o(.text)
    __aeabi_memset                           0x0800465d   Thumb Code    14  memseta.o(.text)
    __aeabi_memset4                          0x0800465d   Thumb Code     0  memseta.o(.text)
    __aeabi_memset8                          0x0800465d   Thumb Code     0  memseta.o(.text)
    __aeabi_memclr                           0x0800466b   Thumb Code     4  memseta.o(.text)
    __aeabi_memclr4                          0x0800466b   Thumb Code     0  memseta.o(.text)
    __aeabi_memclr8                          0x0800466b   Thumb Code     0  memseta.o(.text)
    _memset$wrapper                          0x0800466f   Thumb Code    18  memseta.o(.text)
    __aeabi_fadd                             0x08004681   Thumb Code   164  fadd.o(.text)
    __aeabi_fsub                             0x08004725   Thumb Code     6  fadd.o(.text)
    __aeabi_frsub                            0x0800472b   Thumb Code     6  fadd.o(.text)
    __aeabi_fmul                             0x08004731   Thumb Code   100  fmul.o(.text)
    __aeabi_fdiv                             0x08004795   Thumb Code   124  fdiv.o(.text)
    __aeabi_fcmple                           0x08004811   Thumb Code    28  fcmple.o(.text)
    __aeabi_fcmplt                           0x0800482d   Thumb Code    28  fcmplt.o(.text)
    __aeabi_fcmpge                           0x08004849   Thumb Code    28  fcmpge.o(.text)
    __aeabi_fcmpgt                           0x08004865   Thumb Code    28  fcmpgt.o(.text)
    __aeabi_fcmpeq                           0x08004881   Thumb Code    28  fcmpeq.o(.text)
    __aeabi_i2f                              0x0800489d   Thumb Code    18  fflti.o(.text)
    __aeabi_ui2f                             0x080048af   Thumb Code    10  ffltui.o(.text)
    __aeabi_f2iz                             0x080048b9   Thumb Code    50  ffixi.o(.text)
    __aeabi_f2uiz                            0x080048eb   Thumb Code    40  ffixui.o(.text)
    __aeabi_d2uiz                            0x08004913   Thumb Code    50  dfixui.o(.text)
    __aeabi_f2d                              0x08004945   Thumb Code    38  f2d.o(.text)
    __aeabi_d2f                              0x0800496b   Thumb Code    56  d2f.o(.text)
    _float_round                             0x080049a3   Thumb Code    18  fepilogue.o(.text)
    _float_epilogue                          0x080049b5   Thumb Code    92  fepilogue.o(.text)
    BusFault_Handler                         0x08004a11   Thumb Code     2  lto-llvm-cde366.o(.text.BusFault_Handler)
    DebugMon_Handler                         0x08004a13   Thumb Code     2  lto-llvm-cde366.o(.text.DebugMon_Handler)
    HardFault_Handler                        0x08004d39   Thumb Code     2  lto-llvm-cde366.o(.text.HardFault_Handler)
    MemManage_Handler                        0x080067b9   Thumb Code     2  lto-llvm-cde366.o(.text.MemManage_Handler)
    NMI_Handler                              0x080067bb   Thumb Code     2  lto-llvm-cde366.o(.text.NMI_Handler)
    PendSV_Handler                           0x08006c71   Thumb Code     2  lto-llvm-cde366.o(.text.PendSV_Handler)
    SVC_Handler                              0x08006c73   Thumb Code     2  lto-llvm-cde366.o(.text.SVC_Handler)
    SysTick_Handler                          0x08006c75   Thumb Code   368  lto-llvm-cde366.o(.text.SysTick_Handler)
    SystemInit                               0x08006e19   Thumb Code   100  lto-llvm-cde366.o(.text.SystemInit)
    TMR1_BRK_TMR9_IRQHandler                 0x08006e8d   Thumb Code    40  lto-llvm-cde366.o(.text.TMR1_BRK_TMR9_IRQHandler)
    TMR5_GLOBAL_IRQHandler                   0x08006ebd   Thumb Code   992  lto-llvm-cde366.o(.text.TMR5_GLOBAL_IRQHandler)
    USART1_IRQHandler                        0x08007391   Thumb Code    36  lto-llvm-cde366.o(.text.USART1_IRQHandler)
    UsageFault_Handler                       0x080073b9   Thumb Code     2  lto-llvm-cde366.o(.text.UsageFault_Handler)
    main                                     0x08009f19   Thumb Code  2896  lto-llvm-cde366.o(.text.main)
    __scatterload_copy                       0x0800b123   Thumb Code    14  handlers.o(i.__scatterload_copy)
    __scatterload_null                       0x0800b131   Thumb Code     2  handlers.o(i.__scatterload_null)
    __scatterload_zeroinit                   0x0800b133   Thumb Code    14  handlers.o(i.__scatterload_zeroinit)
    Region$$Table$$Base                      0x0801dcf0   Number         0  anon$$obj.o(Region$$Table)
    Region$$Table$$Limit                     0x0801dd10   Number         0  anon$$obj.o(Region$$Table)
    __initial_sp                             0x20000e40   Data           0  startup_at32f415.o(STACK)



==============================================================================

Memory Map of the image

  Image Entry point : 0x08004171

  Load Region LR_IROM1 (Base: 0x08004000, Size: 0x00019e18, Max: 0x00020000, ABSOLUTE)

    Execution Region ER_IROM1 (Exec base: 0x08004000, Load base: 0x08004000, Size: 0x00019d10, Max: 0x00020000, ABSOLUTE)

    Exec Addr    Load Addr    Size         Type   Attr      Idx    E Section Name        Object

    0x08004000   0x08004000   0x00000170   Data   RO           30    RESET               startup_at32f415.o
    0x08004170   0x08004170   0x00000000   Code   RO           66  * .ARM.Collect$$$$00000000  mc_w.l(entry.o)
    0x08004170   0x08004170   0x00000004   Code   RO          357    .ARM.Collect$$$$00000001  mc_w.l(entry2.o)
    0x08004174   0x08004174   0x00000004   Code   RO          360    .ARM.Collect$$$$00000004  mc_w.l(entry5.o)
    0x08004178   0x08004178   0x00000000   Code   RO          362    .ARM.Collect$$$$00000008  mc_w.l(entry7b.o)
    0x08004178   0x08004178   0x00000000   Code   RO          364    .ARM.Collect$$$$0000000A  mc_w.l(entry8b.o)
    0x08004178   0x08004178   0x00000008   Code   RO          365    .ARM.Collect$$$$0000000B  mc_w.l(entry9a.o)
    0x08004180   0x08004180   0x00000000   Code   RO          367    .ARM.Collect$$$$0000000D  mc_w.l(entry10a.o)
    0x08004180   0x08004180   0x00000000   Code   RO          369    .ARM.Collect$$$$0000000F  mc_w.l(entry11a.o)
    0x08004180   0x08004180   0x00000004   Code   RO          358    .ARM.Collect$$$$00002712  mc_w.l(entry2.o)
    0x08004184   0x08004184   0x00000024   Code   RO           31    .text               startup_at32f415.o
    0x080041a8   0x080041a8   0x00000000   Code   RO          396    .text               mc_w.l(iusefp.o)
    0x080041a8   0x080041a8   0x0000014e   Code   RO          397    .text               mf_w.l(dadd.o)
    0x080042f6   0x080042f6   0x000000e4   Code   RO          399    .text               mf_w.l(dmul.o)
    0x080043da   0x080043da   0x000000de   Code   RO          401    .text               mf_w.l(ddiv.o)
    0x080044b8   0x080044b8   0x00000030   Code   RO          411    .text               mc_w.l(init.o)
    0x080044e8   0x080044e8   0x0000001e   Code   RO          414    .text               mc_w.l(llshl.o)
    0x08004506   0x08004506   0x00000020   Code   RO          416    .text               mc_w.l(llushr.o)
    0x08004526   0x08004526   0x00000024   Code   RO          418    .text               mc_w.l(llsshr.o)
    0x0800454a   0x0800454a   0x000000ba   Code   RO          421    .text               mf_w.l(depilogue.o)
    0x08004604   0x08004604   0x0000001a   Code   RO          427    .text               mf_w.l(dfltui.o)
    0x0800461e   0x0800461e   0x0000003e   Code   RO          429    .text               mf_w.l(dfixi.o)
    0x0800465c   0x0800465c   0x00000024   Code   RO          802    .text               mc_w.l(memseta.o)
    0x08004680   0x08004680   0x000000b0   Code   RO          804    .text               mf_w.l(fadd.o)
    0x08004730   0x08004730   0x00000064   Code   RO          806    .text               mf_w.l(fmul.o)
    0x08004794   0x08004794   0x0000007c   Code   RO          808    .text               mf_w.l(fdiv.o)
    0x08004810   0x08004810   0x0000001c   Code   RO          810    .text               mf_w.l(fcmple.o)
    0x0800482c   0x0800482c   0x0000001c   Code   RO          812    .text               mf_w.l(fcmplt.o)
    0x08004848   0x08004848   0x0000001c   Code   RO          814    .text               mf_w.l(fcmpge.o)
    0x08004864   0x08004864   0x0000001c   Code   RO          816    .text               mf_w.l(fcmpgt.o)
    0x08004880   0x08004880   0x0000001c   Code   RO          818    .text               mf_w.l(fcmpeq.o)
    0x0800489c   0x0800489c   0x00000012   Code   RO          820    .text               mf_w.l(fflti.o)
    0x080048ae   0x080048ae   0x0000000a   Code   RO          822    .text               mf_w.l(ffltui.o)
    0x080048b8   0x080048b8   0x00000032   Code   RO          824    .text               mf_w.l(ffixi.o)
    0x080048ea   0x080048ea   0x00000028   Code   RO          826    .text               mf_w.l(ffixui.o)
    0x08004912   0x08004912   0x00000032   Code   RO          828    .text               mf_w.l(dfixui.o)
    0x08004944   0x08004944   0x00000026   Code   RO          830    .text               mf_w.l(f2d.o)
    0x0800496a   0x0800496a   0x00000038   Code   RO          832    .text               mf_w.l(d2f.o)
    0x080049a2   0x080049a2   0x0000006e   Code   RO          834    .text               mf_w.l(fepilogue.o)
    0x08004a10   0x08004a10   0x00000002   Code   RO          454    .text.BusFault_Handler  lto-llvm-cde366.o
    0x08004a12   0x08004a12   0x00000002   Code   RO          460    .text.DebugMon_Handler  lto-llvm-cde366.o
    0x08004a14   0x08004a14   0x000000a4   Code   RO          542    .text.DrawProgressBar  lto-llvm-cde366.o
    0x08004ab8   0x08004ab8   0x0000014a   Code   RO          550    .text.EC11_Analyze  lto-llvm-cde366.o
    0x08004c02   0x08004c02   0x00000136   Code   RO          548    .text.EC11_Scan     lto-llvm-cde366.o
    0x08004d38   0x08004d38   0x00000002   Code   RO          450    .text.HardFault_Handler  lto-llvm-cde366.o
    0x08004d3a   0x08004d3a   0x00000002   PAD
    0x08004d3c   0x08004d3c   0x00000098   Code   RO          528    .text.LCD_Address_Set  lto-llvm-cde366.o
    0x08004dd4   0x08004dd4   0x000000a6   Code   RO          532    .text.LCD_DrawLine  lto-llvm-cde366.o
    0x08004e7a   0x08004e7a   0x0000003c   Code   RO          530    .text.LCD_Fill      lto-llvm-cde366.o
    0x08004eb6   0x08004eb6   0x00000002   PAD
    0x08004eb8   0x08004eb8   0x0000002c   Code   RO          526    .text.LCD_RD_DATA   lto-llvm-cde366.o
    0x08004ee4   0x08004ee4   0x00000110   Code   RO          534    .text.LCD_ShowChar  lto-llvm-cde366.o
    0x08004ff4   0x08004ff4   0x00000092   Code   RO          538    .text.LCD_ShowIntNum  lto-llvm-cde366.o
    0x08005086   0x08005086   0x00000034   Code   RO          536    .text.LCD_ShowString  lto-llvm-cde366.o
    0x080050ba   0x080050ba   0x00000002   PAD
    0x080050bc   0x080050bc   0x0000004c   Code   RO          546    .text.LCD_VISION    lto-llvm-cde366.o
    0x08005108   0x08005108   0x00000024   Code   RO          524    .text.LCD_WR_DATA   lto-llvm-cde366.o
    0x0800512c   0x0800512c   0x00000030   Code   RO          522    .text.LCD_WR_REG    lto-llvm-cde366.o
    0x0800515c   0x0800515c   0x0000165c   Code   RO          500    .text.LcdProc       lto-llvm-cde366.o
    0x080067b8   0x080067b8   0x00000002   Code   RO          452    .text.MemManage_Handler  lto-llvm-cde366.o
    0x080067ba   0x080067ba   0x00000002   Code   RO          448    .text.NMI_Handler   lto-llvm-cde366.o
    0x080067bc   0x080067bc   0x0000000e   Code   RO          564    .text.OUTLINED_FUNCTION_0  lto-llvm-cde366.o
    0x080067ca   0x080067ca   0x00000010   Code   RO          566    .text.OUTLINED_FUNCTION_1  lto-llvm-cde366.o
    0x080067da   0x080067da   0x00000008   Code   RO          584    .text.OUTLINED_FUNCTION_10  lto-llvm-cde366.o
    0x080067e2   0x080067e2   0x00000008   Code   RO          764    .text.OUTLINED_FUNCTION_100  lto-llvm-cde366.o
    0x080067ea   0x080067ea   0x00000008   Code   RO          766    .text.OUTLINED_FUNCTION_101  lto-llvm-cde366.o
    0x080067f2   0x080067f2   0x00000016   Code   RO          768    .text.OUTLINED_FUNCTION_102  lto-llvm-cde366.o
    0x08006808   0x08006808   0x0000000c   Code   RO          586    .text.OUTLINED_FUNCTION_11  lto-llvm-cde366.o
    0x08006814   0x08006814   0x0000000e   Code   RO          588    .text.OUTLINED_FUNCTION_12  lto-llvm-cde366.o
    0x08006822   0x08006822   0x00000016   Code   RO          590    .text.OUTLINED_FUNCTION_13  lto-llvm-cde366.o
    0x08006838   0x08006838   0x00000016   Code   RO          592    .text.OUTLINED_FUNCTION_14  lto-llvm-cde366.o
    0x0800684e   0x0800684e   0x0000000c   Code   RO          594    .text.OUTLINED_FUNCTION_15  lto-llvm-cde366.o
    0x0800685a   0x0800685a   0x0000000c   Code   RO          596    .text.OUTLINED_FUNCTION_16  lto-llvm-cde366.o
    0x08006866   0x08006866   0x0000000a   Code   RO          598    .text.OUTLINED_FUNCTION_17  lto-llvm-cde366.o
    0x08006870   0x08006870   0x0000000e   Code   RO          600    .text.OUTLINED_FUNCTION_18  lto-llvm-cde366.o
    0x0800687e   0x0800687e   0x0000000a   Code   RO          602    .text.OUTLINED_FUNCTION_19  lto-llvm-cde366.o
    0x08006888   0x08006888   0x00000018   Code   RO          568    .text.OUTLINED_FUNCTION_2  lto-llvm-cde366.o
    0x080068a0   0x080068a0   0x0000000a   Code   RO          604    .text.OUTLINED_FUNCTION_20  lto-llvm-cde366.o
    0x080068aa   0x080068aa   0x0000000c   Code   RO          606    .text.OUTLINED_FUNCTION_21  lto-llvm-cde366.o
    0x080068b6   0x080068b6   0x00000008   Code   RO          608    .text.OUTLINED_FUNCTION_22  lto-llvm-cde366.o
    0x080068be   0x080068be   0x0000001e   Code   RO          610    .text.OUTLINED_FUNCTION_23  lto-llvm-cde366.o
    0x080068dc   0x080068dc   0x00000008   Code   RO          612    .text.OUTLINED_FUNCTION_24  lto-llvm-cde366.o
    0x080068e4   0x080068e4   0x0000000c   Code   RO          614    .text.OUTLINED_FUNCTION_25  lto-llvm-cde366.o
    0x080068f0   0x080068f0   0x0000000c   Code   RO          616    .text.OUTLINED_FUNCTION_26  lto-llvm-cde366.o
    0x080068fc   0x080068fc   0x00000008   Code   RO          618    .text.OUTLINED_FUNCTION_27  lto-llvm-cde366.o
    0x08006904   0x08006904   0x0000000c   Code   RO          620    .text.OUTLINED_FUNCTION_28  lto-llvm-cde366.o
    0x08006910   0x08006910   0x00000006   Code   RO          622    .text.OUTLINED_FUNCTION_29  lto-llvm-cde366.o
    0x08006916   0x08006916   0x0000000c   Code   RO          570    .text.OUTLINED_FUNCTION_3  lto-llvm-cde366.o
    0x08006922   0x08006922   0x0000000e   Code   RO          624    .text.OUTLINED_FUNCTION_30  lto-llvm-cde366.o
    0x08006930   0x08006930   0x00000006   Code   RO          626    .text.OUTLINED_FUNCTION_31  lto-llvm-cde366.o
    0x08006936   0x08006936   0x00000018   Code   RO          628    .text.OUTLINED_FUNCTION_32  lto-llvm-cde366.o
    0x0800694e   0x0800694e   0x00000006   Code   RO          630    .text.OUTLINED_FUNCTION_33  lto-llvm-cde366.o
    0x08006954   0x08006954   0x0000000a   Code   RO          632    .text.OUTLINED_FUNCTION_34  lto-llvm-cde366.o
    0x0800695e   0x0800695e   0x00000006   Code   RO          634    .text.OUTLINED_FUNCTION_35  lto-llvm-cde366.o
    0x08006964   0x08006964   0x00000006   Code   RO          636    .text.OUTLINED_FUNCTION_36  lto-llvm-cde366.o
    0x0800696a   0x0800696a   0x00000010   Code   RO          638    .text.OUTLINED_FUNCTION_37  lto-llvm-cde366.o
    0x0800697a   0x0800697a   0x00000010   Code   RO          640    .text.OUTLINED_FUNCTION_38  lto-llvm-cde366.o
    0x0800698a   0x0800698a   0x00000006   Code   RO          642    .text.OUTLINED_FUNCTION_39  lto-llvm-cde366.o
    0x08006990   0x08006990   0x0000001a   Code   RO          572    .text.OUTLINED_FUNCTION_4  lto-llvm-cde366.o
    0x080069aa   0x080069aa   0x00000006   Code   RO          644    .text.OUTLINED_FUNCTION_40  lto-llvm-cde366.o
    0x080069b0   0x080069b0   0x00000014   Code   RO          646    .text.OUTLINED_FUNCTION_41  lto-llvm-cde366.o
    0x080069c4   0x080069c4   0x0000000e   Code   RO          648    .text.OUTLINED_FUNCTION_42  lto-llvm-cde366.o
    0x080069d2   0x080069d2   0x0000000e   Code   RO          650    .text.OUTLINED_FUNCTION_43  lto-llvm-cde366.o
    0x080069e0   0x080069e0   0x00000006   Code   RO          652    .text.OUTLINED_FUNCTION_44  lto-llvm-cde366.o
    0x080069e6   0x080069e6   0x00000006   Code   RO          654    .text.OUTLINED_FUNCTION_45  lto-llvm-cde366.o
    0x080069ec   0x080069ec   0x00000008   Code   RO          656    .text.OUTLINED_FUNCTION_46  lto-llvm-cde366.o
    0x080069f4   0x080069f4   0x0000000c   Code   RO          658    .text.OUTLINED_FUNCTION_47  lto-llvm-cde366.o
    0x08006a00   0x08006a00   0x00000012   Code   RO          660    .text.OUTLINED_FUNCTION_48  lto-llvm-cde366.o
    0x08006a12   0x08006a12   0x0000000a   Code   RO          662    .text.OUTLINED_FUNCTION_49  lto-llvm-cde366.o
    0x08006a1c   0x08006a1c   0x00000012   Code   RO          574    .text.OUTLINED_FUNCTION_5  lto-llvm-cde366.o
    0x08006a2e   0x08006a2e   0x0000000a   Code   RO          664    .text.OUTLINED_FUNCTION_50  lto-llvm-cde366.o
    0x08006a38   0x08006a38   0x0000000c   Code   RO          666    .text.OUTLINED_FUNCTION_51  lto-llvm-cde366.o
    0x08006a44   0x08006a44   0x00000008   Code   RO          668    .text.OUTLINED_FUNCTION_52  lto-llvm-cde366.o
    0x08006a4c   0x08006a4c   0x00000006   Code   RO          670    .text.OUTLINED_FUNCTION_53  lto-llvm-cde366.o
    0x08006a52   0x08006a52   0x00000006   Code   RO          672    .text.OUTLINED_FUNCTION_54  lto-llvm-cde366.o
    0x08006a58   0x08006a58   0x0000000c   Code   RO          674    .text.OUTLINED_FUNCTION_55  lto-llvm-cde366.o
    0x08006a64   0x08006a64   0x00000010   Code   RO          676    .text.OUTLINED_FUNCTION_56  lto-llvm-cde366.o
    0x08006a74   0x08006a74   0x00000010   Code   RO          678    .text.OUTLINED_FUNCTION_57  lto-llvm-cde366.o
    0x08006a84   0x08006a84   0x00000010   Code   RO          680    .text.OUTLINED_FUNCTION_58  lto-llvm-cde366.o
    0x08006a94   0x08006a94   0x00000010   Code   RO          682    .text.OUTLINED_FUNCTION_59  lto-llvm-cde366.o
    0x08006aa4   0x08006aa4   0x0000000c   Code   RO          576    .text.OUTLINED_FUNCTION_6  lto-llvm-cde366.o
    0x08006ab0   0x08006ab0   0x00000006   Code   RO          684    .text.OUTLINED_FUNCTION_60  lto-llvm-cde366.o
    0x08006ab6   0x08006ab6   0x00000006   Code   RO          686    .text.OUTLINED_FUNCTION_61  lto-llvm-cde366.o
    0x08006abc   0x08006abc   0x00000006   Code   RO          688    .text.OUTLINED_FUNCTION_62  lto-llvm-cde366.o
    0x08006ac2   0x08006ac2   0x00000006   Code   RO          690    .text.OUTLINED_FUNCTION_63  lto-llvm-cde366.o
    0x08006ac8   0x08006ac8   0x00000006   Code   RO          692    .text.OUTLINED_FUNCTION_64  lto-llvm-cde366.o
    0x08006ace   0x08006ace   0x00000008   Code   RO          694    .text.OUTLINED_FUNCTION_65  lto-llvm-cde366.o
    0x08006ad6   0x08006ad6   0x00000008   Code   RO          696    .text.OUTLINED_FUNCTION_66  lto-llvm-cde366.o
    0x08006ade   0x08006ade   0x0000000a   Code   RO          698    .text.OUTLINED_FUNCTION_67  lto-llvm-cde366.o
    0x08006ae8   0x08006ae8   0x0000000a   Code   RO          700    .text.OUTLINED_FUNCTION_68  lto-llvm-cde366.o
    0x08006af2   0x08006af2   0x0000000a   Code   RO          702    .text.OUTLINED_FUNCTION_69  lto-llvm-cde366.o
    0x08006afc   0x08006afc   0x0000000a   Code   RO          578    .text.OUTLINED_FUNCTION_7  lto-llvm-cde366.o
    0x08006b06   0x08006b06   0x0000000a   Code   RO          704    .text.OUTLINED_FUNCTION_70  lto-llvm-cde366.o
    0x08006b10   0x08006b10   0x0000000a   Code   RO          706    .text.OUTLINED_FUNCTION_71  lto-llvm-cde366.o
    0x08006b1a   0x08006b1a   0x0000000a   Code   RO          708    .text.OUTLINED_FUNCTION_72  lto-llvm-cde366.o
    0x08006b24   0x08006b24   0x0000000a   Code   RO          710    .text.OUTLINED_FUNCTION_73  lto-llvm-cde366.o
    0x08006b2e   0x08006b2e   0x0000000a   Code   RO          712    .text.OUTLINED_FUNCTION_74  lto-llvm-cde366.o
    0x08006b38   0x08006b38   0x0000000a   Code   RO          714    .text.OUTLINED_FUNCTION_75  lto-llvm-cde366.o
    0x08006b42   0x08006b42   0x0000000a   Code   RO          716    .text.OUTLINED_FUNCTION_76  lto-llvm-cde366.o
    0x08006b4c   0x08006b4c   0x0000000a   Code   RO          718    .text.OUTLINED_FUNCTION_77  lto-llvm-cde366.o
    0x08006b56   0x08006b56   0x0000000a   Code   RO          720    .text.OUTLINED_FUNCTION_78  lto-llvm-cde366.o
    0x08006b60   0x08006b60   0x0000000a   Code   RO          722    .text.OUTLINED_FUNCTION_79  lto-llvm-cde366.o
    0x08006b6a   0x08006b6a   0x0000001a   Code   RO          580    .text.OUTLINED_FUNCTION_8  lto-llvm-cde366.o
    0x08006b84   0x08006b84   0x0000000a   Code   RO          724    .text.OUTLINED_FUNCTION_80  lto-llvm-cde366.o
    0x08006b8e   0x08006b8e   0x0000000a   Code   RO          726    .text.OUTLINED_FUNCTION_81  lto-llvm-cde366.o
    0x08006b98   0x08006b98   0x0000000a   Code   RO          728    .text.OUTLINED_FUNCTION_82  lto-llvm-cde366.o
    0x08006ba2   0x08006ba2   0x0000000a   Code   RO          730    .text.OUTLINED_FUNCTION_83  lto-llvm-cde366.o
    0x08006bac   0x08006bac   0x0000000a   Code   RO          732    .text.OUTLINED_FUNCTION_84  lto-llvm-cde366.o
    0x08006bb6   0x08006bb6   0x0000000a   Code   RO          734    .text.OUTLINED_FUNCTION_85  lto-llvm-cde366.o
    0x08006bc0   0x08006bc0   0x0000000e   Code   RO          736    .text.OUTLINED_FUNCTION_86  lto-llvm-cde366.o
    0x08006bce   0x08006bce   0x0000000a   Code   RO          738    .text.OUTLINED_FUNCTION_87  lto-llvm-cde366.o
    0x08006bd8   0x08006bd8   0x0000000e   Code   RO          740    .text.OUTLINED_FUNCTION_88  lto-llvm-cde366.o
    0x08006be6   0x08006be6   0x0000000e   Code   RO          742    .text.OUTLINED_FUNCTION_89  lto-llvm-cde366.o
    0x08006bf4   0x08006bf4   0x00000012   Code   RO          582    .text.OUTLINED_FUNCTION_9  lto-llvm-cde366.o
    0x08006c06   0x08006c06   0x00000006   Code   RO          744    .text.OUTLINED_FUNCTION_90  lto-llvm-cde366.o
    0x08006c0c   0x08006c0c   0x0000000a   Code   RO          746    .text.OUTLINED_FUNCTION_91  lto-llvm-cde366.o
    0x08006c16   0x08006c16   0x0000000a   Code   RO          748    .text.OUTLINED_FUNCTION_92  lto-llvm-cde366.o
    0x08006c20   0x08006c20   0x0000000e   Code   RO          750    .text.OUTLINED_FUNCTION_93  lto-llvm-cde366.o
    0x08006c2e   0x08006c2e   0x00000006   Code   RO          752    .text.OUTLINED_FUNCTION_94  lto-llvm-cde366.o
    0x08006c34   0x08006c34   0x0000000e   Code   RO          754    .text.OUTLINED_FUNCTION_95  lto-llvm-cde366.o
    0x08006c42   0x08006c42   0x0000000a   Code   RO          756    .text.OUTLINED_FUNCTION_96  lto-llvm-cde366.o
    0x08006c4c   0x08006c4c   0x0000000e   Code   RO          758    .text.OUTLINED_FUNCTION_97  lto-llvm-cde366.o
    0x08006c5a   0x08006c5a   0x0000000e   Code   RO          760    .text.OUTLINED_FUNCTION_98  lto-llvm-cde366.o
    0x08006c68   0x08006c68   0x00000008   Code   RO          762    .text.OUTLINED_FUNCTION_99  lto-llvm-cde366.o
    0x08006c70   0x08006c70   0x00000002   Code   RO          462    .text.PendSV_Handler  lto-llvm-cde366.o
    0x08006c72   0x08006c72   0x00000002   Code   RO          458    .text.SVC_Handler   lto-llvm-cde366.o
    0x08006c74   0x08006c74   0x000001a4   Code   RO          464    .text.SysTick_Handler  lto-llvm-cde366.o
    0x08006e18   0x08006e18   0x00000074   Code   RO          490    .text.SystemInit    lto-llvm-cde366.o
    0x08006e8c   0x08006e8c   0x00000030   Code   RO          466    .text.TMR1_BRK_TMR9_IRQHandler  lto-llvm-cde366.o
    0x08006ebc   0x08006ebc   0x00000424   Code   RO          468    .text.TMR5_GLOBAL_IRQHandler  lto-llvm-cde366.o
    0x080072e0   0x080072e0   0x000000b0   Code   RO          540    .text.TranferPicturetoTFT_LCD  lto-llvm-cde366.o
    0x08007390   0x08007390   0x00000028   Code   RO          508    .text.USART1_IRQHandler  lto-llvm-cde366.o
    0x080073b8   0x080073b8   0x00000002   Code   RO          456    .text.UsageFault_Handler  lto-llvm-cde366.o
    0x080073ba   0x080073ba   0x00000002   PAD
    0x080073bc   0x080073bc   0x00000034   Code   RO          472    .text.adc_ordinary_channel_set  lto-llvm-cde366.o
    0x080073f0   0x080073f0   0x0000000c   Code   RO          512    .text.beep_off      lto-llvm-cde366.o
    0x080073fc   0x080073fc   0x0000000c   Code   RO          510    .text.beep_on       lto-llvm-cde366.o
    0x08007408   0x08007408   0x000000f8   Code   RO          474    .text.crm_clocks_freq_get  lto-llvm-cde366.o
    0x08007500   0x08007500   0x0000002a   Code   RO          492    .text.data_check_len  lto-llvm-cde366.o
    0x0800752a   0x0800752a   0x0000007c   Code   RO          478    .text.dma_init      lto-llvm-cde366.o
    0x080075a6   0x080075a6   0x00000002   PAD
    0x080075a8   0x080075a8   0x0000004c   Code   RO          476    .text.dma_reset     lto-llvm-cde366.o
    0x080075f4   0x080075f4   0x00001424   Code   RO          444    .text.ec11_task     lto-llvm-cde366.o
    0x08008a18   0x08008a18   0x00000150   Code   RO          498    .text.fan_control   lto-llvm-cde366.o
    0x08008b68   0x08008b68   0x00000024   Code   RO          434    .text.feed_dog_task  lto-llvm-cde366.o
    0x08008b8c   0x08008b8c   0x00000024   Code   RO          484    .text.flash_halfword_program  lto-llvm-cde366.o
    0x08008bb0   0x08008bb0   0x00000028   Code   RO          480    .text.flash_operation_status_get  lto-llvm-cde366.o
    0x08008bd8   0x08008bd8   0x0000001c   Code   RO          482    .text.flash_operation_wait_for  lto-llvm-cde366.o
    0x08008bf4   0x08008bf4   0x00000678   Code   RO          440    .text.flash_task    lto-llvm-cde366.o
    0x0800926c   0x0800926c   0x00000028   Code   RO          514    .text.flash_wred_halfword  lto-llvm-cde366.o
    0x08009294   0x08009294   0x00000020   Code   RO          502    .text.get_adcval    lto-llvm-cde366.o
    0x080092b4   0x080092b4   0x00000098   Code   RO          494    .text.get_data_from_a  lto-llvm-cde366.o
    0x0800934c   0x0800934c   0x000000a0   Code   RO          496    .text.get_data_from_b  lto-llvm-cde366.o
    0x080093ec   0x080093ec   0x000000a8   Code   RO          486    .text.gpio_init     lto-llvm-cde366.o
    0x08009494   0x08009494   0x00000038   Code   RO          518    .text.key_set_timing_simple  lto-llvm-cde366.o
    0x080094cc   0x080094cc   0x00000a38   Code   RO          446    .text.key_task      lto-llvm-cde366.o
    0x08009f04   0x08009f04   0x00000014   Code   RO          436    .text.lcd_task      lto-llvm-cde366.o
    0x08009f18   0x08009f18   0x00000bfc   Code   RO          432    .text.main          lto-llvm-cde366.o
    0x0800ab14   0x0800ab14   0x00000024   Code   RO          516    .text.ms_to_scan_count  lto-llvm-cde366.o
    0x0800ab38   0x0800ab38   0x000001e8   Code   RO          438    .text.output_task   lto-llvm-cde366.o
    0x0800ad20   0x0800ad20   0x00000044   Code   RO          520    .text.set_mode      lto-llvm-cde366.o
    0x0800ad64   0x0800ad64   0x00000024   Code   RO          506    .text.spi_byte_write  lto-llvm-cde366.o
    0x0800ad88   0x0800ad88   0x00000108   Code   RO          504    .text.spiflash_read  lto-llvm-cde366.o
    0x0800ae90   0x0800ae90   0x000000d6   Code   RO          488    .text.tmr_output_channel_config  lto-llvm-cde366.o
    0x0800af66   0x0800af66   0x00000002   PAD
    0x0800af68   0x0800af68   0x0000002c   Code   RO          556    .text.tmt_create    lto-llvm-cde366.o
    0x0800af94   0x0800af94   0x0000005c   Code   RO          558    .text.tmt_delete    lto-llvm-cde366.o
    0x0800aff0   0x0800aff0   0x00000034   Code   RO          552    .text.tmt_run       lto-llvm-cde366.o
    0x0800b024   0x0800b024   0x0000002c   Code   RO          562    .text.tmt_run_ctrl  lto-llvm-cde366.o
    0x0800b050   0x0800b050   0x00000030   Code   RO          560    .text.tmt_time_ctrl  lto-llvm-cde366.o
    0x0800b080   0x0800b080   0x00000020   Code   RO          554    .text.tmt_update_tick  lto-llvm-cde366.o
    0x0800b0a0   0x0800b0a0   0x00000064   Code   RO          544    .text.voltage_to_y  lto-llvm-cde366.o
    0x0800b104   0x0800b104   0x0000001c   Code   RO          470    .text.wk_delay_ms   lto-llvm-cde366.o
    0x0800b120   0x0800b120   0x00000002   Code   RO          442    .text.work_task     lto-llvm-cde366.o
    0x0800b122   0x0800b122   0x0000000e   Code   RO          838    i.__scatterload_copy  mc_w.l(handlers.o)
    0x0800b130   0x0800b130   0x00000002   Code   RO          839    i.__scatterload_null  mc_w.l(handlers.o)
    0x0800b132   0x0800b132   0x0000000e   Code   RO          840    i.__scatterload_zeroinit  mc_w.l(handlers.o)
    0x0800b140   0x0800b140   0x000001ec   Data   RO          787    .rodata..Lswitch.table.TranferPicturetoTFT_LCD  lto-llvm-cde366.o
    0x0800b32c   0x0800b32c   0x000001ec   Data   RO          788    .rodata..Lswitch.table.TranferPicturetoTFT_LCD.11  lto-llvm-cde366.o
    0x0800b518   0x0800b518   0x0000000c   Data   RO          773    .rodata..Lswitch.table.get_key.4  lto-llvm-cde366.o
    0x0800b524   0x0800b524   0x0000000c   Data   RO          774    .rodata..Lswitch.table.get_key.5  lto-llvm-cde366.o
    0x0800b530   0x0800b530   0x00000474   Data   RO          779    .rodata.ascii_1206  lto-llvm-cde366.o
    0x0800b9a4   0x0800b9a4   0x000005f0   Data   RO          780    .rodata.ascii_1608  lto-llvm-cde366.o
    0x0800bf94   0x0800bf94   0x000011d0   Data   RO          781    .rodata.ascii_2412  lto-llvm-cde366.o
    0x0800d164   0x0800d164   0x000017c0   Data   RO          782    .rodata.ascii_3216  lto-llvm-cde366.o
    0x0800e924   0x0800e924   0x00005f00   Data   RO          783    .rodata.ascii_6432  lto-llvm-cde366.o
    0x08014824   0x08014824   0x00009470   Data   RO          784    .rodata.ascii_8040  lto-llvm-cde366.o
    0x0801dc94   0x0801dc94   0x00000008   Data   RO          772    .rodata.cst8        lto-llvm-cde366.o
    0x0801dc9c   0x0801dc9c   0x00000029   Data   RO          775    .rodata.off_set_buff  lto-llvm-cde366.o
    0x0801dcc5   0x0801dcc5   0x00000029   Data   RO          776    .rodata.wind_set_20_buff  lto-llvm-cde366.o
    0x0801dcee   0x0801dcee   0x00000002   PAD
    0x0801dcf0   0x0801dcf0   0x00000020   Data   RO          837    Region$$Table       anon$$obj.o


    Execution Region RW_IRAM1 (Exec base: 0x20000000, Load base: 0x0801dd10, Size: 0x00000e40, Max: 0x00008000, ABSOLUTE)

    Exec Addr    Load Addr    Size         Type   Attr      Idx    E Section Name        Object

    0x20000000   0x0801dd10   0x0000006c   Data   RW          791    .data..L_MergedGlobals  lto-llvm-cde366.o
    0x2000006c   0x0801dd7c   0x00000060   Data   RW          792    .data..L_MergedGlobals.298  lto-llvm-cde366.o
    0x200000cc   0x0801dddc   0x00000038   Data   RW          789    .data.air_ec11      lto-llvm-cde366.o
    0x20000104   0x0801de14   0x00000004   PAD
    0x20000108        -       0x00000070   Zero   RW          793    .bss..L_MergedGlobals.299  lto-llvm-cde366.o
    0x20000178        -       0x0000005c   Zero   RW          794    .bss..L_MergedGlobals.300  lto-llvm-cde366.o
    0x200001d4        -       0x00000400   Zero   RW          785    .bss.TranferPicturetoTFT_LCD.Read_data  lto-llvm-cde366.o
    0x200005d4        -       0x00000001   Zero   RW          770    .bss.feed_dog_task.first_in  lto-llvm-cde366.o
    0x200005d5        -       0x00000001   Zero   RW          777    .bss.get_handle_error_state.get_step  lto-llvm-cde366.o
    0x200005d6   0x0801de14   0x00000002   PAD
    0x200005d8        -       0x0000007c   Zero   RW          790    .bss.object         lto-llvm-cde366.o
    0x20000654        -       0x000003ec   Zero   RW          786    .bss.sFWHA01_t      lto-llvm-cde366.o
    0x20000a40        -       0x00000400   Zero   RW           28    STACK               startup_at32f415.o


==============================================================================

Image component sizes


      Code (inc. data)   RO Data    RW Data    ZI Data      Debug   Object Name

     26374       2132      76718        260       2358     214848   lto-llvm-cde366.o
        36          8        368          0       1024        788   startup_at32f415.o

    ----------------------------------------------------------------------
     26422       2140      77120        260       3388     215636   Object Totals
         0          0         32          0          0          0   (incl. Generated)
        12          0          2          0          6          0   (incl. Padding)

    ----------------------------------------------------------------------

      Code (inc. data)   RO Data    RW Data    ZI Data      Debug   Library Member Name

         0          0          0          0          0          0   entry.o
         0          0          0          0          0          0   entry10a.o
         0          0          0          0          0          0   entry11a.o
         8          4          0          0          0          0   entry2.o
         4          0          0          0          0          0   entry5.o
         0          0          0          0          0          0   entry7b.o
         0          0          0          0          0          0   entry8b.o
         8          4          0          0          0          0   entry9a.o
        30          0          0          0          0          0   handlers.o
        48         10          0          0          0         68   init.o
         0          0          0          0          0          0   iusefp.o
        30          0          0          0          0         68   llshl.o
        36          0          0          0          0         68   llsshr.o
        32          0          0          0          0         68   llushr.o
        36          0          0          0          0        108   memseta.o
        56          0          0          0          0         88   d2f.o
       334          0          0          0          0        148   dadd.o
       222          0          0          0          0        100   ddiv.o
       186          0          0          0          0        176   depilogue.o
        62          0          0          0          0         80   dfixi.o
        50          0          0          0          0         76   dfixui.o
        26          0          0          0          0         76   dfltui.o
       228          0          0          0          0         96   dmul.o
        38          0          0          0          0         68   f2d.o
       176          0          0          0          0        140   fadd.o
        28          0          0          0          0         68   fcmpeq.o
        28          0          0          0          0         68   fcmpge.o
        28          0          0          0          0         68   fcmpgt.o
        28          0          0          0          0         68   fcmple.o
        28          0          0          0          0         68   fcmplt.o
       124          0          0          0          0         88   fdiv.o
       110          0          0          0          0        168   fepilogue.o
        50          0          0          0          0         68   ffixi.o
        40          0          0          0          0         68   ffixui.o
        18          0          0          0          0         68   fflti.o
        10          0          0          0          0         68   ffltui.o
       100          0          0          0          0         76   fmul.o

    ----------------------------------------------------------------------
      2202         18          0          0          0       2372   Library Totals
         0          0          0          0          0          0   (incl. Padding)

    ----------------------------------------------------------------------

      Code (inc. data)   RO Data    RW Data    ZI Data      Debug   Library Name

       232         18          0          0          0        380   mc_w.l
      1970          0          0          0          0       1992   mf_w.l

    ----------------------------------------------------------------------
      2202         18          0          0          0       2372   Library Totals

    ----------------------------------------------------------------------

==============================================================================


      Code (inc. data)   RO Data    RW Data    ZI Data      Debug   

     28624       2158      77120        260       3388     216912   Grand Totals
     28624       2158      77120        260       3388     216912   ELF Image Totals
     28624       2158      77120        260          0          0   ROM Totals

==============================================================================

    Total RO  Size (Code + RO Data)               105744 ( 103.27kB)
    Total RW  Size (RW Data + ZI Data)              3648 (   3.56kB)
    Total ROM Size (Code + RO Data + RW Data)     106004 ( 103.52kB)

==============================================================================

