<html>
<body>
<pre>
<h1>µVision Build Log</h1>
<h2>Tool Versions:</h2>
IDE-Version: ¦ÌVision V5.42.0.0
Copyright (C) 2025 ARM Ltd and ARM Germany GmbH. All rights reserved.
License Information: 1 Administrator, 11, LIC=IK1BF-6KR8B-2ZTW4-FMYEQ-TB5KW-HTE2F
 
Tool Versions:
Toolchain:       MDK-ARM Plus  Version: 5.42.0.0
Toolchain Path:  D:\keil5.42\ARM\ARMCLANG\Bin
C Compiler:      ArmClang.exe V6.23
Assembler:       Armasm.exe V6.23
Linker/Locator:  ArmLink.exe V6.23
Library Manager: ArmAr.exe V6.23
Hex Converter:   FromElf.exe V6.23
CPU DLL:         SARMCM3.DLL V5.42.0.0
Dialog DLL:      DCM.DLL V1.17.5.0
Target DLL:      Segger\JL2CM3.dll V2.99.45.0
Dialog DLL:      TCM.DLL V1.56.6.0
 
<h2>Project:</h2>
D:\AT32_project\HA01\AT32F415RBT7\app\project\MDK_V5\AT32F415RBT7_WorkBench.uvprojx
Project File Date:  12/27/2025

<h2>Output:</h2>
*** Using Compiler 'V6.23', folder: 'D:\keil5.42\ARM\ARMCLANG\Bin'
Rebuild target 'AT32F415RBT7_WorkBench'
compiling wk_gpio.c...
compiling wk_spi.c...
compiling wk_wdt.c...
compiling main.c...
compiling wk_tmr.c...
compiling at32f415_wk_config.c...
compiling wk_usart.c...
compiling wk_crc.c...
compiling wk_dma.c...
compiling wk_system.c...
compiling wk_debug.c...
compiling at32f415_debug.c...
compiling wk_adc.c...
compiling at32f415_adc.c...
compiling at32f415_int.c...
compiling at32f415_crm.c...
compiling at32f415_dma.c...
compiling at32f415_flash.c...
compiling at32f415_gpio.c...
compiling at32f415_misc.c...
compiling at32f415_pwc.c...
compiling at32f415_spi.c...
compiling at32f415_usart.c...
compiling at32f415_wdt.c...
assembling startup_at32f415.s...
compiling at32f415_crc.c...
compiling at32f415_tmr.c...
compiling system_at32f415.c...
compiling HA01_handle.c...
compiling beep_handle.c...
compiling iap.c...
compiling flash_handle.c...
../app/key_handle.c(60): warning: excess elements in array initializer [-Wexcess-initializers]
   60 |     KE_NONE,
      |     ^~~~~~~
1 warning generated.
compiling key_handle.c...
compiling PC_comm_handle.c...
compiling output_handle.c...
compiling adc_filter.c...
../app/ec11_handle.c(405): warning: enumeration value 'EC11_END_EVENT' not handled in switch [-Wswitch]
  405 |     switch (ec11_handle_event)
      |             ^~~~~~~~~~~~~~~~~
1 warning generated.
compiling ec11_handle.c...
compiling lcd_handle.c...
compiling fan.c...
compiling beep.c...
compiling at32_spiflash.c...
compiling at32_Usart.c...
compiling flash.c...
compiling key.c...
compiling util_queue.c...
compiling EncoderEC11.c...
compiling PID_operation.c...
compiling tmt.c...
compiling lcd.c...
linking...
Program Size: Code=21656 RO-data=75792 RW-data=192 ZI-data=3344  
FromELF: creating hex file...
After Build - User command #1: fromelf.exe --bin --output .\Listings\AT32F415RBT7_WorkBench.bin .\objects\AT32F415RBT7_WorkBench.axf
After Build - User command #2: D:\AT32_project\FWS2ProMax_TFT2.8-master\app\project\MDK_V5\keil5_disp_size_bar.exe
ram:
  RW_IRAM1 :0x20000000
   32.00 KB :|¡ö¡ö__________________|   10.79 % (    3.45 KB /    32.00 KB) [29232 B]
flash:
  ER_IROM1 :0x8004000
  128.00 KB :|¡ö¡ö¡ö¡ö¡ö¡ö¡ö¡ö¡ö¡ö¡ö¡ö¡ö¡ö______|   74.35 % (   95.16 KB /   128.00 KB) [33624 B]
".\objects\AT32F415RBT7_WorkBench.axf" - 0 Error(s), 2 Warning(s).

<h2>Software Packages used:</h2>

Package Vendor: ArteryTek
                
                ArteryTek::AT32F415_DFP@2.1.6
                ArteryTek AT32F415 Series Device Support,Drivers

<h2>Collection of Component include folders:</h2>
  D:/keil5.42/ArteryTek/AT32F415_DFP/2.1.6/Device/Include

<h2>Collection of Component Files used:</h2>
Build Time Elapsed:  00:00:02
</pre>
</body>
</html>
