<!doctype html public "-//w3c//dtd html 4.0 transitional//en">
<html><head>
<title>Static Call Graph - [.\objects\AT32F415RBT7_WorkBench.axf]</title></head>
<body><HR>
<H1>Static Call Graph for image .\objects\AT32F415RBT7_WorkBench.axf</H1><HR>
<BR><P>#&#060CALLGRAPH&#062# ARM Linker, 6230001: Last Updated: Thu May 14 10:56:24 2026
<BR><P>
<H3>Maximum Stack Usage =        360 bytes + Unknown(Cycles, Untraceable Function Pointers)</H3><H3>
Call chain for Maximum Stack Depth:</H3>
lcd_task &rArr; LcdProc &rArr; show_curve &rArr; LCD_Show_Grid &rArr; TranferPicturetoTFT_LCD &rArr; spiflash_read &rArr; spi_bytes_read &rArr; dma_default_para_init
<P>
<H3>
Mutually Recursive functions
</H3> <LI><a href="#[1e]">ADC1_IRQHandler</a>&nbsp;&nbsp;&nbsp;&rArr;&nbsp;&nbsp;&nbsp;<a href="#[1e]">ADC1_IRQHandler</a><BR>
 <LI><a href="#[6]">BusFault_Handler</a>&nbsp;&nbsp;&nbsp;&rArr;&nbsp;&nbsp;&nbsp;<a href="#[6]">BusFault_Handler</a><BR>
 <LI><a href="#[4]">HardFault_Handler</a>&nbsp;&nbsp;&nbsp;&rArr;&nbsp;&nbsp;&nbsp;<a href="#[4]">HardFault_Handler</a><BR>
 <LI><a href="#[5]">MemManage_Handler</a>&nbsp;&nbsp;&nbsp;&rArr;&nbsp;&nbsp;&nbsp;<a href="#[5]">MemManage_Handler</a><BR>
 <LI><a href="#[7]">UsageFault_Handler</a>&nbsp;&nbsp;&nbsp;&rArr;&nbsp;&nbsp;&nbsp;<a href="#[7]">UsageFault_Handler</a><BR>
</UL>
<P>
<H3>
Function Pointers
</H3><UL>
 <LI><a href="#[1e]">ADC1_IRQHandler</a> from startup_at32f415.o(.text) referenced from startup_at32f415.o(RESET)
 <LI><a href="#[6]">BusFault_Handler</a> from at32f415_int.o(.text.BusFault_Handler) referenced from startup_at32f415.o(RESET)
 <LI><a href="#[20]">CAN1_RX0_IRQHandler</a> from startup_at32f415.o(.text) referenced from startup_at32f415.o(RESET)
 <LI><a href="#[21]">CAN1_RX1_IRQHandler</a> from startup_at32f415.o(.text) referenced from startup_at32f415.o(RESET)
 <LI><a href="#[22]">CAN1_SE_IRQHandler</a> from startup_at32f415.o(.text) referenced from startup_at32f415.o(RESET)
 <LI><a href="#[1f]">CAN1_TX_IRQHandler</a> from startup_at32f415.o(.text) referenced from startup_at32f415.o(RESET)
 <LI><a href="#[40]">CMP1_IRQHandler</a> from startup_at32f415.o(.text) referenced from startup_at32f415.o(RESET)
 <LI><a href="#[41]">CMP2_IRQHandler</a> from startup_at32f415.o(.text) referenced from startup_at32f415.o(RESET)
 <LI><a href="#[11]">CRM_IRQHandler</a> from startup_at32f415.o(.text) referenced from startup_at32f415.o(RESET)
 <LI><a href="#[17]">DMA1_Channel1_IRQHandler</a> from startup_at32f415.o(.text) referenced from startup_at32f415.o(RESET)
 <LI><a href="#[18]">DMA1_Channel2_IRQHandler</a> from startup_at32f415.o(.text) referenced from startup_at32f415.o(RESET)
 <LI><a href="#[19]">DMA1_Channel3_IRQHandler</a> from startup_at32f415.o(.text) referenced from startup_at32f415.o(RESET)
 <LI><a href="#[1a]">DMA1_Channel4_IRQHandler</a> from startup_at32f415.o(.text) referenced from startup_at32f415.o(RESET)
 <LI><a href="#[1b]">DMA1_Channel5_IRQHandler</a> from startup_at32f415.o(.text) referenced from startup_at32f415.o(RESET)
 <LI><a href="#[1c]">DMA1_Channel6_IRQHandler</a> from startup_at32f415.o(.text) referenced from startup_at32f415.o(RESET)
 <LI><a href="#[1d]">DMA1_Channel7_IRQHandler</a> from startup_at32f415.o(.text) referenced from startup_at32f415.o(RESET)
 <LI><a href="#[3b]">DMA2_Channel1_IRQHandler</a> from startup_at32f415.o(.text) referenced from startup_at32f415.o(RESET)
 <LI><a href="#[3c]">DMA2_Channel2_IRQHandler</a> from startup_at32f415.o(.text) referenced from startup_at32f415.o(RESET)
 <LI><a href="#[3d]">DMA2_Channel3_IRQHandler</a> from startup_at32f415.o(.text) referenced from startup_at32f415.o(RESET)
 <LI><a href="#[3e]">DMA2_Channel4_5_IRQHandler</a> from startup_at32f415.o(.text) referenced from startup_at32f415.o(RESET)
 <LI><a href="#[42]">DMA2_Channel6_7_IRQHandler</a> from startup_at32f415.o(.text) referenced from startup_at32f415.o(RESET)
 <LI><a href="#[9]">DebugMon_Handler</a> from at32f415_int.o(.text.DebugMon_Handler) referenced from startup_at32f415.o(RESET)
 <LI><a href="#[47]">EC11_ReadPin</a> from encoderec11.o(.text.EC11_ReadPin) referenced from encoderec11.o(.text.EC11_Scan)
 <LI><a href="#[35]">ERTCAlarm_IRQHandler</a> from startup_at32f415.o(.text) referenced from startup_at32f415.o(RESET)
 <LI><a href="#[f]">ERTC_WKUP_IRQHandler</a> from startup_at32f415.o(.text) referenced from startup_at32f415.o(RESET)
 <LI><a href="#[12]">EXINT0_IRQHandler</a> from startup_at32f415.o(.text) referenced from startup_at32f415.o(RESET)
 <LI><a href="#[34]">EXINT15_10_IRQHandler</a> from startup_at32f415.o(.text) referenced from startup_at32f415.o(RESET)
 <LI><a href="#[13]">EXINT1_IRQHandler</a> from startup_at32f415.o(.text) referenced from startup_at32f415.o(RESET)
 <LI><a href="#[14]">EXINT2_IRQHandler</a> from startup_at32f415.o(.text) referenced from startup_at32f415.o(RESET)
 <LI><a href="#[15]">EXINT3_IRQHandler</a> from startup_at32f415.o(.text) referenced from startup_at32f415.o(RESET)
 <LI><a href="#[16]">EXINT4_IRQHandler</a> from startup_at32f415.o(.text) referenced from startup_at32f415.o(RESET)
 <LI><a href="#[23]">EXINT9_5_IRQHandler</a> from startup_at32f415.o(.text) referenced from startup_at32f415.o(RESET)
 <LI><a href="#[10]">FLASH_IRQHandler</a> from startup_at32f415.o(.text) referenced from startup_at32f415.o(RESET)
 <LI><a href="#[4]">HardFault_Handler</a> from at32f415_int.o(.text.HardFault_Handler) referenced from startup_at32f415.o(RESET)
 <LI><a href="#[2c]">I2C1_ERR_IRQHandler</a> from startup_at32f415.o(.text) referenced from startup_at32f415.o(RESET)
 <LI><a href="#[2b]">I2C1_EVT_IRQHandler</a> from startup_at32f415.o(.text) referenced from startup_at32f415.o(RESET)
 <LI><a href="#[2e]">I2C2_ERR_IRQHandler</a> from startup_at32f415.o(.text) referenced from startup_at32f415.o(RESET)
 <LI><a href="#[2d]">I2C2_EVT_IRQHandler</a> from startup_at32f415.o(.text) referenced from startup_at32f415.o(RESET)
 <LI><a href="#[49]">LCD_DrawLine</a> from lcd.o(.text.LCD_DrawLine) referenced from lcd.o(.text.LCD_DrawRectangle)
 <LI><a href="#[46]">LCD_Fill</a> from lcd.o(.text.LCD_Fill) referenced from lcd.o(.text.DrawProgressBar)
 <LI><a href="#[4c]">LCD_RD_DATA</a> from lcd.o(.text.LCD_RD_DATA) referenced from lcd.o(.text.LCD_Init)
 <LI><a href="#[4e]">LCD_ShowString</a> from lcd.o(.text.LCD_ShowString) referenced from lcd.o(.text.LCD_Show_Grid)
 <LI><a href="#[4d]">LCD_WR_DATA</a> from lcd.o(.text.LCD_WR_DATA) referenced from lcd.o(.text.LCD_Scan_Dir)
 <LI><a href="#[4b]">LCD_WR_REG</a> from lcd.o(.text.LCD_WR_REG) referenced from lcd.o(.text.LCD_Init)
 <LI><a href="#[5]">MemManage_Handler</a> from at32f415_int.o(.text.MemManage_Handler) referenced from startup_at32f415.o(RESET)
 <LI><a href="#[3]">NMI_Handler</a> from at32f415_int.o(.text.NMI_Handler) referenced from startup_at32f415.o(RESET)
 <LI><a href="#[3f]">OTGFS1_IRQHandler</a> from startup_at32f415.o(.text) referenced from startup_at32f415.o(RESET)
 <LI><a href="#[36]">OTGFS1_WKUP_IRQHandler</a> from startup_at32f415.o(.text) referenced from startup_at32f415.o(RESET)
 <LI><a href="#[d]">PVM_IRQHandler</a> from startup_at32f415.o(.text) referenced from startup_at32f415.o(RESET)
 <LI><a href="#[a]">PendSV_Handler</a> from at32f415_int.o(.text.PendSV_Handler) referenced from startup_at32f415.o(RESET)
 <LI><a href="#[2]">Reset_Handler</a> from startup_at32f415.o(.text) referenced from startup_at32f415.o(RESET)
 <LI><a href="#[37]">SDIO1_IRQHandler</a> from startup_at32f415.o(.text) referenced from startup_at32f415.o(RESET)
 <LI><a href="#[2f]">SPI1_IRQHandler</a> from startup_at32f415.o(.text) referenced from startup_at32f415.o(RESET)
 <LI><a href="#[30]">SPI2_IRQHandler</a> from startup_at32f415.o(.text) referenced from startup_at32f415.o(RESET)
 <LI><a href="#[8]">SVC_Handler</a> from at32f415_int.o(.text.SVC_Handler) referenced from startup_at32f415.o(RESET)
 <LI><a href="#[b]">SysTick_Handler</a> from at32f415_int.o(.text.SysTick_Handler) referenced from startup_at32f415.o(RESET)
 <LI><a href="#[44]">SystemInit</a> from system_at32f415.o(.text.SystemInit) referenced from startup_at32f415.o(.text)
 <LI><a href="#[e]">TAMP_STAMP_IRQHandler</a> from startup_at32f415.o(.text) referenced from startup_at32f415.o(RESET)
 <LI><a href="#[24]">TMR1_BRK_TMR9_IRQHandler</a> from at32f415_int.o(.text.TMR1_BRK_TMR9_IRQHandler) referenced from startup_at32f415.o(RESET)
 <LI><a href="#[27]">TMR1_CH_IRQHandler</a> from startup_at32f415.o(.text) referenced from startup_at32f415.o(RESET)
 <LI><a href="#[25]">TMR1_OVF_TMR10_IRQHandler</a> from startup_at32f415.o(.text) referenced from startup_at32f415.o(RESET)
 <LI><a href="#[26]">TMR1_TRG_HALL_TMR11_IRQHandler</a> from startup_at32f415.o(.text) referenced from startup_at32f415.o(RESET)
 <LI><a href="#[28]">TMR2_GLOBAL_IRQHandler</a> from startup_at32f415.o(.text) referenced from startup_at32f415.o(RESET)
 <LI><a href="#[29]">TMR3_GLOBAL_IRQHandler</a> from startup_at32f415.o(.text) referenced from startup_at32f415.o(RESET)
 <LI><a href="#[2a]">TMR4_GLOBAL_IRQHandler</a> from startup_at32f415.o(.text) referenced from startup_at32f415.o(RESET)
 <LI><a href="#[38]">TMR5_GLOBAL_IRQHandler</a> from at32f415_int.o(.text.TMR5_GLOBAL_IRQHandler) referenced from startup_at32f415.o(RESET)
 <LI><a href="#[59]">TranferPicturetoTFT_LCD</a> from lcd.o(.text.TranferPicturetoTFT_LCD) referenced from lcd_handle.o(.text.show_icon)
 <LI><a href="#[39]">UART4_IRQHandler</a> from startup_at32f415.o(.text) referenced from startup_at32f415.o(RESET)
 <LI><a href="#[3a]">UART5_IRQHandler</a> from startup_at32f415.o(.text) referenced from startup_at32f415.o(RESET)
 <LI><a href="#[31]">USART1_IRQHandler</a> from at32_usart.o(.text.USART1_IRQHandler) referenced from startup_at32f415.o(RESET)
 <LI><a href="#[32]">USART2_IRQHandler</a> from startup_at32f415.o(.text) referenced from startup_at32f415.o(RESET)
 <LI><a href="#[33]">USART3_IRQHandler</a> from startup_at32f415.o(.text) referenced from startup_at32f415.o(RESET)
 <LI><a href="#[7]">UsageFault_Handler</a> from at32f415_int.o(.text.UsageFault_Handler) referenced from startup_at32f415.o(RESET)
 <LI><a href="#[c]">WWDT_IRQHandler</a> from startup_at32f415.o(.text) referenced from startup_at32f415.o(RESET)
 <LI><a href="#[45]">__main</a> from entry.o(.ARM.Collect$$$$00000000) referenced from startup_at32f415.o(.text)
 <LI><a href="#[1]">beep_off</a> from beep.o(.text.beep_off) referenced 2 times from beep.o(.data.sbeep)
 <LI><a href="#[0]">beep_on</a> from beep.o(.text.beep_on) referenced 2 times from beep.o(.data.sbeep)
 <LI><a href="#[62]">crm_periph_clock_enable</a> from at32f415_crm.o(.text.crm_periph_clock_enable) referenced from at32f415_wk_config.o(.text.wk_periph_clock_config)
 <LI><a href="#[57]">ec11_task</a> from main.o(.text.ec11_task) referenced from main.o(.text.main)
 <LI><a href="#[52]">feed_dog_task</a> from main.o(.text.feed_dog_task) referenced from main.o(.text.main)
 <LI><a href="#[48]">flash_halfword_program</a> from at32f415_flash.o(.text.flash_halfword_program) referenced from flash_handle.o(.text.FlashProc)
 <LI><a href="#[55]">flash_task</a> from main.o(.text.flash_task) referenced from main.o(.text.main)
 <LI><a href="#[4f]">flash_wred_halfword</a> from flash.o(.text.flash_wred_halfword) referenced from flash_handle.o(.text.get_data_from_b)
 <LI><a href="#[61]">gpio_bits_reset</a> from at32f415_gpio.o(.text.gpio_bits_reset) referenced from wk_gpio.o(.text.wk_gpio_config)
 <LI><a href="#[63]">gpio_init</a> from at32f415_gpio.o(.text.gpio_init) referenced from wk_spi.o(.text.wk_spi1_init)
 <LI><a href="#[50]">key_set_timing_simple</a> from key.o(.text.key_set_timing_simple) referenced from key_handle.o(.text.get_key)
 <LI><a href="#[58]">key_task</a> from main.o(.text.key_task) referenced from main.o(.text.main)
 <LI><a href="#[53]">lcd_task</a> from main.o(.text.lcd_task) referenced from main.o(.text.main)
 <LI><a href="#[43]">main</a> from main.o(.text.main) referenced from entry9a.o(.ARM.Collect$$$$0000000B)
 <LI><a href="#[51]">ms_to_scan_count</a> from key.o(.text.ms_to_scan_count) referenced from key.o(.text.key_set_timing)
 <LI><a href="#[54]">output_task</a> from main.o(.text.output_task) referenced from main.o(.text.main)
 <LI><a href="#[5a]">spi_byte_write</a> from at32_spiflash.o(.text.spi_byte_write) referenced from at32_spiflash.o(.text.spiflash_read)
 <LI><a href="#[5e]">tmt_create</a> from tmt.o(.text.tmt_create) referenced from tmt.o(.text.tmt_init)
 <LI><a href="#[5d]">tmt_delete</a> from tmt.o(.text.tmt_delete) referenced from tmt.o(.text.tmt_init)
 <LI><a href="#[60]">tmt_run</a> from tmt.o(.text.tmt_run) referenced from tmt.o(.text.tmt_init)
 <LI><a href="#[5b]">tmt_run_ctrl</a> from tmt.o(.text.tmt_run_ctrl) referenced from tmt.o(.text.tmt_init)
 <LI><a href="#[5c]">tmt_time_ctrl</a> from tmt.o(.text.tmt_time_ctrl) referenced from tmt.o(.text.tmt_init)
 <LI><a href="#[5f]">tmt_update_tick</a> from tmt.o(.text.tmt_update_tick) referenced from tmt.o(.text.tmt_init)
 <LI><a href="#[4a]">wk_delay_ms</a> from wk_system.o(.text.wk_delay_ms) referenced from lcd.o(.text.LCD_Init)
 <LI><a href="#[56]">work_task</a> from main.o(.text.work_task) referenced from main.o(.text.main)
</UL>
<P>
<H3>
Global Symbols
</H3>
<P><STRONG><a name="[45]"></a>__main</STRONG> (Thumb, 0 bytes, Stack size unknown bytes, entry.o(.ARM.Collect$$$$00000000))
<BR>[Address Reference Count : 1]<UL><LI> startup_at32f415.o(.text)
</UL>
<P><STRONG><a name="[1b4]"></a>_main_stk</STRONG> (Thumb, 0 bytes, Stack size unknown bytes, entry2.o(.ARM.Collect$$$$00000001))

<P><STRONG><a name="[64]"></a>_main_scatterload</STRONG> (Thumb, 0 bytes, Stack size unknown bytes, entry5.o(.ARM.Collect$$$$00000004))
<BR><BR>[Calls]<UL><LI><a href="#[65]">&gt;&gt;</a>&nbsp;&nbsp;&nbsp;__scatterload
</UL>

<P><STRONG><a name="[7f]"></a>__main_after_scatterload</STRONG> (Thumb, 0 bytes, Stack size unknown bytes, entry5.o(.ARM.Collect$$$$00000004))
<BR><BR>[Called By]<UL><LI><a href="#[65]">&gt;&gt;</a>&nbsp;&nbsp;&nbsp;__scatterload
</UL>

<P><STRONG><a name="[1b5]"></a>_main_clock</STRONG> (Thumb, 0 bytes, Stack size unknown bytes, entry7b.o(.ARM.Collect$$$$00000008))

<P><STRONG><a name="[1b6]"></a>_main_cpp_init</STRONG> (Thumb, 0 bytes, Stack size unknown bytes, entry8b.o(.ARM.Collect$$$$0000000A))

<P><STRONG><a name="[1b7]"></a>_main_init</STRONG> (Thumb, 0 bytes, Stack size unknown bytes, entry9a.o(.ARM.Collect$$$$0000000B))

<P><STRONG><a name="[1b8]"></a>__rt_final_cpp</STRONG> (Thumb, 0 bytes, Stack size unknown bytes, entry10a.o(.ARM.Collect$$$$0000000D))

<P><STRONG><a name="[1b9]"></a>__rt_final_exit</STRONG> (Thumb, 0 bytes, Stack size unknown bytes, entry11a.o(.ARM.Collect$$$$0000000F))

<P><STRONG><a name="[2]"></a>Reset_Handler</STRONG> (Thumb, 8 bytes, Stack size 0 bytes, startup_at32f415.o(.text))
<BR>[Address Reference Count : 1]<UL><LI> startup_at32f415.o(RESET)
</UL>
<P><STRONG><a name="[1e]"></a>ADC1_IRQHandler</STRONG> (Thumb, 0 bytes, Stack size 0 bytes, startup_at32f415.o(.text))
<BR><BR>[Calls]<UL><LI><a href="#[1e]">&gt;&gt;</a>&nbsp;&nbsp;&nbsp;ADC1_IRQHandler
</UL>
<BR>[Called By]<UL><LI><a href="#[1e]">&gt;&gt;</a>&nbsp;&nbsp;&nbsp;ADC1_IRQHandler
</UL>
<BR>[Address Reference Count : 1]<UL><LI> startup_at32f415.o(RESET)
</UL>
<P><STRONG><a name="[20]"></a>CAN1_RX0_IRQHandler</STRONG> (Thumb, 0 bytes, Stack size 0 bytes, startup_at32f415.o(.text))
<BR>[Address Reference Count : 1]<UL><LI> startup_at32f415.o(RESET)
</UL>
<P><STRONG><a name="[21]"></a>CAN1_RX1_IRQHandler</STRONG> (Thumb, 0 bytes, Stack size 0 bytes, startup_at32f415.o(.text))
<BR>[Address Reference Count : 1]<UL><LI> startup_at32f415.o(RESET)
</UL>
<P><STRONG><a name="[22]"></a>CAN1_SE_IRQHandler</STRONG> (Thumb, 0 bytes, Stack size 0 bytes, startup_at32f415.o(.text))
<BR>[Address Reference Count : 1]<UL><LI> startup_at32f415.o(RESET)
</UL>
<P><STRONG><a name="[1f]"></a>CAN1_TX_IRQHandler</STRONG> (Thumb, 0 bytes, Stack size 0 bytes, startup_at32f415.o(.text))
<BR>[Address Reference Count : 1]<UL><LI> startup_at32f415.o(RESET)
</UL>
<P><STRONG><a name="[40]"></a>CMP1_IRQHandler</STRONG> (Thumb, 0 bytes, Stack size 0 bytes, startup_at32f415.o(.text))
<BR>[Address Reference Count : 1]<UL><LI> startup_at32f415.o(RESET)
</UL>
<P><STRONG><a name="[41]"></a>CMP2_IRQHandler</STRONG> (Thumb, 0 bytes, Stack size 0 bytes, startup_at32f415.o(.text))
<BR>[Address Reference Count : 1]<UL><LI> startup_at32f415.o(RESET)
</UL>
<P><STRONG><a name="[11]"></a>CRM_IRQHandler</STRONG> (Thumb, 0 bytes, Stack size 0 bytes, startup_at32f415.o(.text))
<BR>[Address Reference Count : 1]<UL><LI> startup_at32f415.o(RESET)
</UL>
<P><STRONG><a name="[17]"></a>DMA1_Channel1_IRQHandler</STRONG> (Thumb, 0 bytes, Stack size 0 bytes, startup_at32f415.o(.text))
<BR>[Address Reference Count : 1]<UL><LI> startup_at32f415.o(RESET)
</UL>
<P><STRONG><a name="[18]"></a>DMA1_Channel2_IRQHandler</STRONG> (Thumb, 0 bytes, Stack size 0 bytes, startup_at32f415.o(.text))
<BR>[Address Reference Count : 1]<UL><LI> startup_at32f415.o(RESET)
</UL>
<P><STRONG><a name="[19]"></a>DMA1_Channel3_IRQHandler</STRONG> (Thumb, 0 bytes, Stack size 0 bytes, startup_at32f415.o(.text))
<BR>[Address Reference Count : 1]<UL><LI> startup_at32f415.o(RESET)
</UL>
<P><STRONG><a name="[1a]"></a>DMA1_Channel4_IRQHandler</STRONG> (Thumb, 0 bytes, Stack size 0 bytes, startup_at32f415.o(.text))
<BR>[Address Reference Count : 1]<UL><LI> startup_at32f415.o(RESET)
</UL>
<P><STRONG><a name="[1b]"></a>DMA1_Channel5_IRQHandler</STRONG> (Thumb, 0 bytes, Stack size 0 bytes, startup_at32f415.o(.text))
<BR>[Address Reference Count : 1]<UL><LI> startup_at32f415.o(RESET)
</UL>
<P><STRONG><a name="[1c]"></a>DMA1_Channel6_IRQHandler</STRONG> (Thumb, 0 bytes, Stack size 0 bytes, startup_at32f415.o(.text))
<BR>[Address Reference Count : 1]<UL><LI> startup_at32f415.o(RESET)
</UL>
<P><STRONG><a name="[1d]"></a>DMA1_Channel7_IRQHandler</STRONG> (Thumb, 0 bytes, Stack size 0 bytes, startup_at32f415.o(.text))
<BR>[Address Reference Count : 1]<UL><LI> startup_at32f415.o(RESET)
</UL>
<P><STRONG><a name="[3b]"></a>DMA2_Channel1_IRQHandler</STRONG> (Thumb, 0 bytes, Stack size 0 bytes, startup_at32f415.o(.text))
<BR>[Address Reference Count : 1]<UL><LI> startup_at32f415.o(RESET)
</UL>
<P><STRONG><a name="[3c]"></a>DMA2_Channel2_IRQHandler</STRONG> (Thumb, 0 bytes, Stack size 0 bytes, startup_at32f415.o(.text))
<BR>[Address Reference Count : 1]<UL><LI> startup_at32f415.o(RESET)
</UL>
<P><STRONG><a name="[3d]"></a>DMA2_Channel3_IRQHandler</STRONG> (Thumb, 0 bytes, Stack size 0 bytes, startup_at32f415.o(.text))
<BR>[Address Reference Count : 1]<UL><LI> startup_at32f415.o(RESET)
</UL>
<P><STRONG><a name="[3e]"></a>DMA2_Channel4_5_IRQHandler</STRONG> (Thumb, 0 bytes, Stack size 0 bytes, startup_at32f415.o(.text))
<BR>[Address Reference Count : 1]<UL><LI> startup_at32f415.o(RESET)
</UL>
<P><STRONG><a name="[42]"></a>DMA2_Channel6_7_IRQHandler</STRONG> (Thumb, 0 bytes, Stack size 0 bytes, startup_at32f415.o(.text))
<BR>[Address Reference Count : 1]<UL><LI> startup_at32f415.o(RESET)
</UL>
<P><STRONG><a name="[35]"></a>ERTCAlarm_IRQHandler</STRONG> (Thumb, 0 bytes, Stack size 0 bytes, startup_at32f415.o(.text))
<BR>[Address Reference Count : 1]<UL><LI> startup_at32f415.o(RESET)
</UL>
<P><STRONG><a name="[f]"></a>ERTC_WKUP_IRQHandler</STRONG> (Thumb, 0 bytes, Stack size 0 bytes, startup_at32f415.o(.text))
<BR>[Address Reference Count : 1]<UL><LI> startup_at32f415.o(RESET)
</UL>
<P><STRONG><a name="[12]"></a>EXINT0_IRQHandler</STRONG> (Thumb, 0 bytes, Stack size 0 bytes, startup_at32f415.o(.text))
<BR>[Address Reference Count : 1]<UL><LI> startup_at32f415.o(RESET)
</UL>
<P><STRONG><a name="[34]"></a>EXINT15_10_IRQHandler</STRONG> (Thumb, 0 bytes, Stack size 0 bytes, startup_at32f415.o(.text))
<BR>[Address Reference Count : 1]<UL><LI> startup_at32f415.o(RESET)
</UL>
<P><STRONG><a name="[13]"></a>EXINT1_IRQHandler</STRONG> (Thumb, 0 bytes, Stack size 0 bytes, startup_at32f415.o(.text))
<BR>[Address Reference Count : 1]<UL><LI> startup_at32f415.o(RESET)
</UL>
<P><STRONG><a name="[14]"></a>EXINT2_IRQHandler</STRONG> (Thumb, 0 bytes, Stack size 0 bytes, startup_at32f415.o(.text))
<BR>[Address Reference Count : 1]<UL><LI> startup_at32f415.o(RESET)
</UL>
<P><STRONG><a name="[15]"></a>EXINT3_IRQHandler</STRONG> (Thumb, 0 bytes, Stack size 0 bytes, startup_at32f415.o(.text))
<BR>[Address Reference Count : 1]<UL><LI> startup_at32f415.o(RESET)
</UL>
<P><STRONG><a name="[16]"></a>EXINT4_IRQHandler</STRONG> (Thumb, 0 bytes, Stack size 0 bytes, startup_at32f415.o(.text))
<BR>[Address Reference Count : 1]<UL><LI> startup_at32f415.o(RESET)
</UL>
<P><STRONG><a name="[23]"></a>EXINT9_5_IRQHandler</STRONG> (Thumb, 0 bytes, Stack size 0 bytes, startup_at32f415.o(.text))
<BR>[Address Reference Count : 1]<UL><LI> startup_at32f415.o(RESET)
</UL>
<P><STRONG><a name="[10]"></a>FLASH_IRQHandler</STRONG> (Thumb, 0 bytes, Stack size 0 bytes, startup_at32f415.o(.text))
<BR>[Address Reference Count : 1]<UL><LI> startup_at32f415.o(RESET)
</UL>
<P><STRONG><a name="[2c]"></a>I2C1_ERR_IRQHandler</STRONG> (Thumb, 0 bytes, Stack size 0 bytes, startup_at32f415.o(.text))
<BR>[Address Reference Count : 1]<UL><LI> startup_at32f415.o(RESET)
</UL>
<P><STRONG><a name="[2b]"></a>I2C1_EVT_IRQHandler</STRONG> (Thumb, 0 bytes, Stack size 0 bytes, startup_at32f415.o(.text))
<BR>[Address Reference Count : 1]<UL><LI> startup_at32f415.o(RESET)
</UL>
<P><STRONG><a name="[2e]"></a>I2C2_ERR_IRQHandler</STRONG> (Thumb, 0 bytes, Stack size 0 bytes, startup_at32f415.o(.text))
<BR>[Address Reference Count : 1]<UL><LI> startup_at32f415.o(RESET)
</UL>
<P><STRONG><a name="[2d]"></a>I2C2_EVT_IRQHandler</STRONG> (Thumb, 0 bytes, Stack size 0 bytes, startup_at32f415.o(.text))
<BR>[Address Reference Count : 1]<UL><LI> startup_at32f415.o(RESET)
</UL>
<P><STRONG><a name="[3f]"></a>OTGFS1_IRQHandler</STRONG> (Thumb, 0 bytes, Stack size 0 bytes, startup_at32f415.o(.text))
<BR>[Address Reference Count : 1]<UL><LI> startup_at32f415.o(RESET)
</UL>
<P><STRONG><a name="[36]"></a>OTGFS1_WKUP_IRQHandler</STRONG> (Thumb, 0 bytes, Stack size 0 bytes, startup_at32f415.o(.text))
<BR>[Address Reference Count : 1]<UL><LI> startup_at32f415.o(RESET)
</UL>
<P><STRONG><a name="[d]"></a>PVM_IRQHandler</STRONG> (Thumb, 0 bytes, Stack size 0 bytes, startup_at32f415.o(.text))
<BR>[Address Reference Count : 1]<UL><LI> startup_at32f415.o(RESET)
</UL>
<P><STRONG><a name="[37]"></a>SDIO1_IRQHandler</STRONG> (Thumb, 0 bytes, Stack size 0 bytes, startup_at32f415.o(.text))
<BR>[Address Reference Count : 1]<UL><LI> startup_at32f415.o(RESET)
</UL>
<P><STRONG><a name="[2f]"></a>SPI1_IRQHandler</STRONG> (Thumb, 0 bytes, Stack size 0 bytes, startup_at32f415.o(.text))
<BR>[Address Reference Count : 1]<UL><LI> startup_at32f415.o(RESET)
</UL>
<P><STRONG><a name="[30]"></a>SPI2_IRQHandler</STRONG> (Thumb, 0 bytes, Stack size 0 bytes, startup_at32f415.o(.text))
<BR>[Address Reference Count : 1]<UL><LI> startup_at32f415.o(RESET)
</UL>
<P><STRONG><a name="[e]"></a>TAMP_STAMP_IRQHandler</STRONG> (Thumb, 0 bytes, Stack size 0 bytes, startup_at32f415.o(.text))
<BR>[Address Reference Count : 1]<UL><LI> startup_at32f415.o(RESET)
</UL>
<P><STRONG><a name="[27]"></a>TMR1_CH_IRQHandler</STRONG> (Thumb, 0 bytes, Stack size 0 bytes, startup_at32f415.o(.text))
<BR>[Address Reference Count : 1]<UL><LI> startup_at32f415.o(RESET)
</UL>
<P><STRONG><a name="[25]"></a>TMR1_OVF_TMR10_IRQHandler</STRONG> (Thumb, 0 bytes, Stack size 0 bytes, startup_at32f415.o(.text))
<BR>[Address Reference Count : 1]<UL><LI> startup_at32f415.o(RESET)
</UL>
<P><STRONG><a name="[26]"></a>TMR1_TRG_HALL_TMR11_IRQHandler</STRONG> (Thumb, 0 bytes, Stack size 0 bytes, startup_at32f415.o(.text))
<BR>[Address Reference Count : 1]<UL><LI> startup_at32f415.o(RESET)
</UL>
<P><STRONG><a name="[28]"></a>TMR2_GLOBAL_IRQHandler</STRONG> (Thumb, 0 bytes, Stack size 0 bytes, startup_at32f415.o(.text))
<BR>[Address Reference Count : 1]<UL><LI> startup_at32f415.o(RESET)
</UL>
<P><STRONG><a name="[29]"></a>TMR3_GLOBAL_IRQHandler</STRONG> (Thumb, 0 bytes, Stack size 0 bytes, startup_at32f415.o(.text))
<BR>[Address Reference Count : 1]<UL><LI> startup_at32f415.o(RESET)
</UL>
<P><STRONG><a name="[2a]"></a>TMR4_GLOBAL_IRQHandler</STRONG> (Thumb, 0 bytes, Stack size 0 bytes, startup_at32f415.o(.text))
<BR>[Address Reference Count : 1]<UL><LI> startup_at32f415.o(RESET)
</UL>
<P><STRONG><a name="[39]"></a>UART4_IRQHandler</STRONG> (Thumb, 0 bytes, Stack size 0 bytes, startup_at32f415.o(.text))
<BR>[Address Reference Count : 1]<UL><LI> startup_at32f415.o(RESET)
</UL>
<P><STRONG><a name="[3a]"></a>UART5_IRQHandler</STRONG> (Thumb, 0 bytes, Stack size 0 bytes, startup_at32f415.o(.text))
<BR>[Address Reference Count : 1]<UL><LI> startup_at32f415.o(RESET)
</UL>
<P><STRONG><a name="[32]"></a>USART2_IRQHandler</STRONG> (Thumb, 0 bytes, Stack size 0 bytes, startup_at32f415.o(.text))
<BR>[Address Reference Count : 1]<UL><LI> startup_at32f415.o(RESET)
</UL>
<P><STRONG><a name="[33]"></a>USART3_IRQHandler</STRONG> (Thumb, 0 bytes, Stack size 0 bytes, startup_at32f415.o(.text))
<BR>[Address Reference Count : 1]<UL><LI> startup_at32f415.o(RESET)
</UL>
<P><STRONG><a name="[c]"></a>WWDT_IRQHandler</STRONG> (Thumb, 0 bytes, Stack size 0 bytes, startup_at32f415.o(.text))
<BR>[Address Reference Count : 1]<UL><LI> startup_at32f415.o(RESET)
</UL>
<P><STRONG><a name="[67]"></a>__aeabi_memset</STRONG> (Thumb, 14 bytes, Stack size 0 bytes, memseta.o(.text), UNUSED)
<BR><BR>[Called By]<UL><LI><a href="#[68]">&gt;&gt;</a>&nbsp;&nbsp;&nbsp;_memset$wrapper
<LI><a href="#[66]">&gt;&gt;</a>&nbsp;&nbsp;&nbsp;__aeabi_memclr
</UL>

<P><STRONG><a name="[88]"></a>__aeabi_memset4</STRONG> (Thumb, 0 bytes, Stack size 0 bytes, memseta.o(.text))
<BR><BR>[Called By]<UL><LI><a href="#[87]">&gt;&gt;</a>&nbsp;&nbsp;&nbsp;FWHA01_Init
</UL>

<P><STRONG><a name="[1ba]"></a>__aeabi_memset8</STRONG> (Thumb, 0 bytes, Stack size 0 bytes, memseta.o(.text), UNUSED)

<P><STRONG><a name="[66]"></a>__aeabi_memclr</STRONG> (Thumb, 4 bytes, Stack size 0 bytes, memseta.o(.text), UNUSED)
<BR><BR>[Calls]<UL><LI><a href="#[67]">&gt;&gt;</a>&nbsp;&nbsp;&nbsp;__aeabi_memset
</UL>

<P><STRONG><a name="[89]"></a>__aeabi_memclr4</STRONG> (Thumb, 0 bytes, Stack size 0 bytes, memseta.o(.text))
<BR><BR>[Called By]<UL><LI><a href="#[118]">&gt;&gt;</a>&nbsp;&nbsp;&nbsp;dma_default_para_init
<LI><a href="#[87]">&gt;&gt;</a>&nbsp;&nbsp;&nbsp;FWHA01_Init
</UL>

<P><STRONG><a name="[1bb]"></a>__aeabi_memclr8</STRONG> (Thumb, 0 bytes, Stack size 0 bytes, memseta.o(.text), UNUSED)

<P><STRONG><a name="[68]"></a>_memset$wrapper</STRONG> (Thumb, 18 bytes, Stack size 8 bytes, memseta.o(.text), UNUSED)
<BR><BR>[Calls]<UL><LI><a href="#[67]">&gt;&gt;</a>&nbsp;&nbsp;&nbsp;__aeabi_memset
</UL>

<P><STRONG><a name="[69]"></a>__aeabi_fadd</STRONG> (Thumb, 164 bytes, Stack size 16 bytes, fadd.o(.text))
<BR><BR>[Stack]<UL><LI>Max Depth = 20<LI>Call Chain = __aeabi_fadd &rArr; _float_epilogue
</UL>
<BR>[Calls]<UL><LI><a href="#[6b]">&gt;&gt;</a>&nbsp;&nbsp;&nbsp;_float_round
<LI><a href="#[6a]">&gt;&gt;</a>&nbsp;&nbsp;&nbsp;_float_epilogue
</UL>
<BR>[Called By]<UL><LI><a href="#[fb]">&gt;&gt;</a>&nbsp;&nbsp;&nbsp;pwm_control
<LI><a href="#[24]">&gt;&gt;</a>&nbsp;&nbsp;&nbsp;TMR1_BRK_TMR9_IRQHandler
<LI><a href="#[b]">&gt;&gt;</a>&nbsp;&nbsp;&nbsp;SysTick_Handler
<LI><a href="#[b5]">&gt;&gt;</a>&nbsp;&nbsp;&nbsp;LcdProc
<LI><a href="#[119]">&gt;&gt;</a>&nbsp;&nbsp;&nbsp;ec11_event_handle
<LI><a href="#[d3]">&gt;&gt;</a>&nbsp;&nbsp;&nbsp;OUTLINED_FUNCTION_1
<LI><a href="#[cf]">&gt;&gt;</a>&nbsp;&nbsp;&nbsp;OUTLINED_FUNCTION_0
<LI><a href="#[f1]">&gt;&gt;</a>&nbsp;&nbsp;&nbsp;OUTLINED_FUNCTION_9
<LI><a href="#[e9]">&gt;&gt;</a>&nbsp;&nbsp;&nbsp;OUTLINED_FUNCTION_24
<LI><a href="#[dc]">&gt;&gt;</a>&nbsp;&nbsp;&nbsp;OUTLINED_FUNCTION_17
<LI><a href="#[d4]">&gt;&gt;</a>&nbsp;&nbsp;&nbsp;OUTLINED_FUNCTION_10
<LI><a href="#[e0]">&gt;&gt;</a>&nbsp;&nbsp;&nbsp;OUTLINED_FUNCTION_2
<LI><a href="#[d5]">&gt;&gt;</a>&nbsp;&nbsp;&nbsp;OUTLINED_FUNCTION_11
<LI><a href="#[c4]">&gt;&gt;</a>&nbsp;&nbsp;&nbsp;show_curve
<LI><a href="#[c8]">&gt;&gt;</a>&nbsp;&nbsp;&nbsp;OUTLINED_FUNCTION_16
<LI><a href="#[f2]">&gt;&gt;</a>&nbsp;&nbsp;&nbsp;PID_Position_Calc
<LI><a href="#[6c]">&gt;&gt;</a>&nbsp;&nbsp;&nbsp;__aeabi_fsub
<LI><a href="#[15c]">&gt;&gt;</a>&nbsp;&nbsp;&nbsp;move_average_filter
<LI><a href="#[ee]">&gt;&gt;</a>&nbsp;&nbsp;&nbsp;OUTLINED_FUNCTION_4
<LI><a href="#[120]">&gt;&gt;</a>&nbsp;&nbsp;&nbsp;event_handle
<LI><a href="#[138]">&gt;&gt;</a>&nbsp;&nbsp;&nbsp;get_key
<LI><a href="#[d7]">&gt;&gt;</a>&nbsp;&nbsp;&nbsp;OUTLINED_FUNCTION_12
<LI><a href="#[db]">&gt;&gt;</a>&nbsp;&nbsp;&nbsp;OUTLINED_FUNCTION_15
<LI><a href="#[cd]">&gt;&gt;</a>&nbsp;&nbsp;&nbsp;OUTLINED_FUNCTION_0
<LI><a href="#[d9]">&gt;&gt;</a>&nbsp;&nbsp;&nbsp;OUTLINED_FUNCTION_13
<LI><a href="#[ec]">&gt;&gt;</a>&nbsp;&nbsp;&nbsp;OUTLINED_FUNCTION_3
<LI><a href="#[ab]">&gt;&gt;</a>&nbsp;&nbsp;&nbsp;voltage_to_y
<LI><a href="#[6d]">&gt;&gt;</a>&nbsp;&nbsp;&nbsp;__aeabi_frsub
</UL>

<P><STRONG><a name="[6c]"></a>__aeabi_fsub</STRONG> (Thumb, 6 bytes, Stack size 0 bytes, fadd.o(.text))
<BR><BR>[Stack]<UL><LI>Max Depth = 20<LI>Call Chain = __aeabi_fsub &rArr; __aeabi_fadd &rArr; _float_epilogue
</UL>
<BR>[Calls]<UL><LI><a href="#[69]">&gt;&gt;</a>&nbsp;&nbsp;&nbsp;__aeabi_fadd
</UL>
<BR>[Called By]<UL><LI><a href="#[fb]">&gt;&gt;</a>&nbsp;&nbsp;&nbsp;pwm_control
<LI><a href="#[b5]">&gt;&gt;</a>&nbsp;&nbsp;&nbsp;LcdProc
<LI><a href="#[e7]">&gt;&gt;</a>&nbsp;&nbsp;&nbsp;OUTLINED_FUNCTION_23
<LI><a href="#[f2]">&gt;&gt;</a>&nbsp;&nbsp;&nbsp;PID_Position_Calc
<LI><a href="#[ab]">&gt;&gt;</a>&nbsp;&nbsp;&nbsp;voltage_to_y
</UL>

<P><STRONG><a name="[6d]"></a>__aeabi_frsub</STRONG> (Thumb, 6 bytes, Stack size 0 bytes, fadd.o(.text), UNUSED)
<BR><BR>[Calls]<UL><LI><a href="#[69]">&gt;&gt;</a>&nbsp;&nbsp;&nbsp;__aeabi_fadd
</UL>

<P><STRONG><a name="[82]"></a>__aeabi_fmul</STRONG> (Thumb, 100 bytes, Stack size 8 bytes, fmul.o(.text))
<BR><BR>[Stack]<UL><LI>Max Depth = 8<LI>Call Chain = __aeabi_fmul
</UL>
<BR>[Called By]<UL><LI><a href="#[fb]">&gt;&gt;</a>&nbsp;&nbsp;&nbsp;pwm_control
<LI><a href="#[b5]">&gt;&gt;</a>&nbsp;&nbsp;&nbsp;LcdProc
<LI><a href="#[119]">&gt;&gt;</a>&nbsp;&nbsp;&nbsp;ec11_event_handle
<LI><a href="#[dd]">&gt;&gt;</a>&nbsp;&nbsp;&nbsp;OUTLINED_FUNCTION_18
<LI><a href="#[81]">&gt;&gt;</a>&nbsp;&nbsp;&nbsp;DrawProgressBar_2
<LI><a href="#[f2]">&gt;&gt;</a>&nbsp;&nbsp;&nbsp;PID_Position_Calc
<LI><a href="#[120]">&gt;&gt;</a>&nbsp;&nbsp;&nbsp;event_handle
<LI><a href="#[138]">&gt;&gt;</a>&nbsp;&nbsp;&nbsp;get_key
<LI><a href="#[ab]">&gt;&gt;</a>&nbsp;&nbsp;&nbsp;voltage_to_y
</UL>

<P><STRONG><a name="[6e]"></a>__aeabi_fdiv</STRONG> (Thumb, 124 bytes, Stack size 8 bytes, fdiv.o(.text))
<BR><BR>[Stack]<UL><LI>Max Depth = 8<LI>Call Chain = __aeabi_fdiv
</UL>
<BR>[Calls]<UL><LI><a href="#[6b]">&gt;&gt;</a>&nbsp;&nbsp;&nbsp;_float_round
</UL>
<BR>[Called By]<UL><LI><a href="#[b5]">&gt;&gt;</a>&nbsp;&nbsp;&nbsp;LcdProc
<LI><a href="#[119]">&gt;&gt;</a>&nbsp;&nbsp;&nbsp;ec11_event_handle
<LI><a href="#[81]">&gt;&gt;</a>&nbsp;&nbsp;&nbsp;DrawProgressBar_2
<LI><a href="#[120]">&gt;&gt;</a>&nbsp;&nbsp;&nbsp;event_handle
<LI><a href="#[138]">&gt;&gt;</a>&nbsp;&nbsp;&nbsp;get_key
<LI><a href="#[ab]">&gt;&gt;</a>&nbsp;&nbsp;&nbsp;voltage_to_y
</UL>

<P><STRONG><a name="[6f]"></a>__aeabi_dadd</STRONG> (Thumb, 322 bytes, Stack size 48 bytes, dadd.o(.text))
<BR><BR>[Stack]<UL><LI>Max Depth = 88<LI>Call Chain = __aeabi_dadd &rArr; _double_epilogue &rArr; _double_round
</UL>
<BR>[Calls]<UL><LI><a href="#[71]">&gt;&gt;</a>&nbsp;&nbsp;&nbsp;__aeabi_lasr
<LI><a href="#[70]">&gt;&gt;</a>&nbsp;&nbsp;&nbsp;__aeabi_llsl
<LI><a href="#[73]">&gt;&gt;</a>&nbsp;&nbsp;&nbsp;_double_round
<LI><a href="#[72]">&gt;&gt;</a>&nbsp;&nbsp;&nbsp;_double_epilogue
</UL>
<BR>[Called By]<UL><LI><a href="#[f5]">&gt;&gt;</a>&nbsp;&nbsp;&nbsp;fan_control
<LI><a href="#[b]">&gt;&gt;</a>&nbsp;&nbsp;&nbsp;SysTick_Handler
<LI><a href="#[ab]">&gt;&gt;</a>&nbsp;&nbsp;&nbsp;voltage_to_y
<LI><a href="#[75]">&gt;&gt;</a>&nbsp;&nbsp;&nbsp;__aeabi_drsub
<LI><a href="#[74]">&gt;&gt;</a>&nbsp;&nbsp;&nbsp;__aeabi_dsub
</UL>

<P><STRONG><a name="[74]"></a>__aeabi_dsub</STRONG> (Thumb, 6 bytes, Stack size 0 bytes, dadd.o(.text), UNUSED)
<BR><BR>[Calls]<UL><LI><a href="#[6f]">&gt;&gt;</a>&nbsp;&nbsp;&nbsp;__aeabi_dadd
</UL>

<P><STRONG><a name="[75]"></a>__aeabi_drsub</STRONG> (Thumb, 6 bytes, Stack size 0 bytes, dadd.o(.text), UNUSED)
<BR><BR>[Calls]<UL><LI><a href="#[6f]">&gt;&gt;</a>&nbsp;&nbsp;&nbsp;__aeabi_dadd
</UL>

<P><STRONG><a name="[76]"></a>__aeabi_dmul</STRONG> (Thumb, 228 bytes, Stack size 48 bytes, dmul.o(.text))
<BR><BR>[Stack]<UL><LI>Max Depth = 88<LI>Call Chain = __aeabi_dmul &rArr; _double_epilogue &rArr; _double_round
</UL>
<BR>[Calls]<UL><LI><a href="#[72]">&gt;&gt;</a>&nbsp;&nbsp;&nbsp;_double_epilogue
</UL>
<BR>[Called By]<UL><LI><a href="#[f5]">&gt;&gt;</a>&nbsp;&nbsp;&nbsp;fan_control
<LI><a href="#[b]">&gt;&gt;</a>&nbsp;&nbsp;&nbsp;SysTick_Handler
<LI><a href="#[c4]">&gt;&gt;</a>&nbsp;&nbsp;&nbsp;show_curve
</UL>

<P><STRONG><a name="[77]"></a>__aeabi_ddiv</STRONG> (Thumb, 222 bytes, Stack size 32 bytes, ddiv.o(.text))
<BR><BR>[Stack]<UL><LI>Max Depth = 40<LI>Call Chain = __aeabi_ddiv &rArr; _double_round
</UL>
<BR>[Calls]<UL><LI><a href="#[73]">&gt;&gt;</a>&nbsp;&nbsp;&nbsp;_double_round
</UL>
<BR>[Called By]<UL><LI><a href="#[b]">&gt;&gt;</a>&nbsp;&nbsp;&nbsp;SysTick_Handler
</UL>

<P><STRONG><a name="[aa]"></a>__aeabi_fcmple</STRONG> (Thumb, 28 bytes, Stack size 0 bytes, fcmple.o(.text))
<BR><BR>[Called By]<UL><LI><a href="#[fb]">&gt;&gt;</a>&nbsp;&nbsp;&nbsp;pwm_control
<LI><a href="#[b]">&gt;&gt;</a>&nbsp;&nbsp;&nbsp;SysTick_Handler
<LI><a href="#[b5]">&gt;&gt;</a>&nbsp;&nbsp;&nbsp;LcdProc
<LI><a href="#[10f]">&gt;&gt;</a>&nbsp;&nbsp;&nbsp;air_handle
<LI><a href="#[108]">&gt;&gt;</a>&nbsp;&nbsp;&nbsp;air_ec11_get_event
<LI><a href="#[11f]">&gt;&gt;</a>&nbsp;&nbsp;&nbsp;temp_ec11_get_event
<LI><a href="#[e5]">&gt;&gt;</a>&nbsp;&nbsp;&nbsp;OUTLINED_FUNCTION_22
<LI><a href="#[a8]">&gt;&gt;</a>&nbsp;&nbsp;&nbsp;LCD_Show_Curve
<LI><a href="#[f2]">&gt;&gt;</a>&nbsp;&nbsp;&nbsp;PID_Position_Calc
<LI><a href="#[144]">&gt;&gt;</a>&nbsp;&nbsp;&nbsp;linear_correction
<LI><a href="#[f3]">&gt;&gt;</a>&nbsp;&nbsp;&nbsp;abs_limit
</UL>

<P><STRONG><a name="[b6]"></a>__aeabi_fcmplt</STRONG> (Thumb, 28 bytes, Stack size 0 bytes, fcmplt.o(.text))
<BR><BR>[Called By]<UL><LI><a href="#[f5]">&gt;&gt;</a>&nbsp;&nbsp;&nbsp;fan_control
<LI><a href="#[b5]">&gt;&gt;</a>&nbsp;&nbsp;&nbsp;LcdProc
<LI><a href="#[119]">&gt;&gt;</a>&nbsp;&nbsp;&nbsp;ec11_event_handle
<LI><a href="#[eb]">&gt;&gt;</a>&nbsp;&nbsp;&nbsp;OUTLINED_FUNCTION_26
<LI><a href="#[e3]">&gt;&gt;</a>&nbsp;&nbsp;&nbsp;OUTLINED_FUNCTION_20
<LI><a href="#[c4]">&gt;&gt;</a>&nbsp;&nbsp;&nbsp;show_curve
<LI><a href="#[f2]">&gt;&gt;</a>&nbsp;&nbsp;&nbsp;PID_Position_Calc
<LI><a href="#[ef]">&gt;&gt;</a>&nbsp;&nbsp;&nbsp;OUTLINED_FUNCTION_5
<LI><a href="#[120]">&gt;&gt;</a>&nbsp;&nbsp;&nbsp;event_handle
<LI><a href="#[da]">&gt;&gt;</a>&nbsp;&nbsp;&nbsp;OUTLINED_FUNCTION_14
<LI><a href="#[ab]">&gt;&gt;</a>&nbsp;&nbsp;&nbsp;voltage_to_y
</UL>

<P><STRONG><a name="[a9]"></a>__aeabi_fcmpge</STRONG> (Thumb, 28 bytes, Stack size 0 bytes, fcmpge.o(.text))
<BR><BR>[Called By]<UL><LI><a href="#[fb]">&gt;&gt;</a>&nbsp;&nbsp;&nbsp;pwm_control
<LI><a href="#[f5]">&gt;&gt;</a>&nbsp;&nbsp;&nbsp;fan_control
<LI><a href="#[b5]">&gt;&gt;</a>&nbsp;&nbsp;&nbsp;LcdProc
<LI><a href="#[e4]">&gt;&gt;</a>&nbsp;&nbsp;&nbsp;OUTLINED_FUNCTION_21
<LI><a href="#[ea]">&gt;&gt;</a>&nbsp;&nbsp;&nbsp;OUTLINED_FUNCTION_25
<LI><a href="#[a8]">&gt;&gt;</a>&nbsp;&nbsp;&nbsp;LCD_Show_Curve
<LI><a href="#[f2]">&gt;&gt;</a>&nbsp;&nbsp;&nbsp;PID_Position_Calc
<LI><a href="#[cc]">&gt;&gt;</a>&nbsp;&nbsp;&nbsp;OUTLINED_FUNCTION_0
<LI><a href="#[f3]">&gt;&gt;</a>&nbsp;&nbsp;&nbsp;abs_limit
</UL>

<P><STRONG><a name="[c7]"></a>__aeabi_fcmpgt</STRONG> (Thumb, 28 bytes, Stack size 0 bytes, fcmpgt.o(.text))
<BR><BR>[Called By]<UL><LI><a href="#[fb]">&gt;&gt;</a>&nbsp;&nbsp;&nbsp;pwm_control
<LI><a href="#[38]">&gt;&gt;</a>&nbsp;&nbsp;&nbsp;TMR5_GLOBAL_IRQHandler
<LI><a href="#[b]">&gt;&gt;</a>&nbsp;&nbsp;&nbsp;SysTick_Handler
<LI><a href="#[15d]">&gt;&gt;</a>&nbsp;&nbsp;&nbsp;output_handle
<LI><a href="#[b5]">&gt;&gt;</a>&nbsp;&nbsp;&nbsp;LcdProc
<LI><a href="#[10f]">&gt;&gt;</a>&nbsp;&nbsp;&nbsp;air_handle
<LI><a href="#[119]">&gt;&gt;</a>&nbsp;&nbsp;&nbsp;ec11_event_handle
<LI><a href="#[de]">&gt;&gt;</a>&nbsp;&nbsp;&nbsp;OUTLINED_FUNCTION_19
<LI><a href="#[f2]">&gt;&gt;</a>&nbsp;&nbsp;&nbsp;PID_Position_Calc
<LI><a href="#[144]">&gt;&gt;</a>&nbsp;&nbsp;&nbsp;linear_correction
<LI><a href="#[120]">&gt;&gt;</a>&nbsp;&nbsp;&nbsp;event_handle
<LI><a href="#[d2]">&gt;&gt;</a>&nbsp;&nbsp;&nbsp;OUTLINED_FUNCTION_1
<LI><a href="#[ab]">&gt;&gt;</a>&nbsp;&nbsp;&nbsp;voltage_to_y
</UL>

<P><STRONG><a name="[8c]"></a>__aeabi_fcmpeq</STRONG> (Thumb, 28 bytes, Stack size 0 bytes, fcmpeq.o(.text))
<BR><BR>[Called By]<UL><LI><a href="#[fb]">&gt;&gt;</a>&nbsp;&nbsp;&nbsp;pwm_control
<LI><a href="#[b]">&gt;&gt;</a>&nbsp;&nbsp;&nbsp;SysTick_Handler
<LI><a href="#[8a]">&gt;&gt;</a>&nbsp;&nbsp;&nbsp;FlashProc
<LI><a href="#[15d]">&gt;&gt;</a>&nbsp;&nbsp;&nbsp;output_handle
<LI><a href="#[b5]">&gt;&gt;</a>&nbsp;&nbsp;&nbsp;LcdProc
<LI><a href="#[c4]">&gt;&gt;</a>&nbsp;&nbsp;&nbsp;show_curve
<LI><a href="#[b9]">&gt;&gt;</a>&nbsp;&nbsp;&nbsp;show_cal_temp
<LI><a href="#[c1]">&gt;&gt;</a>&nbsp;&nbsp;&nbsp;OUTLINED_FUNCTION_14
<LI><a href="#[c0]">&gt;&gt;</a>&nbsp;&nbsp;&nbsp;OUTLINED_FUNCTION_8
</UL>

<P><STRONG><a name="[78]"></a>__aeabi_i2f</STRONG> (Thumb, 18 bytes, Stack size 0 bytes, fflti.o(.text))
<BR><BR>[Stack]<UL><LI>Max Depth = 4<LI>Call Chain = __aeabi_i2f &rArr; _float_epilogue
</UL>
<BR>[Calls]<UL><LI><a href="#[6a]">&gt;&gt;</a>&nbsp;&nbsp;&nbsp;_float_epilogue
</UL>
<BR>[Called By]<UL><LI><a href="#[fb]">&gt;&gt;</a>&nbsp;&nbsp;&nbsp;pwm_control
<LI><a href="#[b5]">&gt;&gt;</a>&nbsp;&nbsp;&nbsp;LcdProc
<LI><a href="#[c4]">&gt;&gt;</a>&nbsp;&nbsp;&nbsp;show_curve
<LI><a href="#[ab]">&gt;&gt;</a>&nbsp;&nbsp;&nbsp;voltage_to_y
</UL>

<P><STRONG><a name="[79]"></a>__aeabi_ui2f</STRONG> (Thumb, 10 bytes, Stack size 0 bytes, ffltui.o(.text))
<BR><BR>[Stack]<UL><LI>Max Depth = 4<LI>Call Chain = __aeabi_ui2f &rArr; _float_epilogue
</UL>
<BR>[Calls]<UL><LI><a href="#[6a]">&gt;&gt;</a>&nbsp;&nbsp;&nbsp;_float_epilogue
</UL>
<BR>[Called By]<UL><LI><a href="#[fb]">&gt;&gt;</a>&nbsp;&nbsp;&nbsp;pwm_control
<LI><a href="#[8a]">&gt;&gt;</a>&nbsp;&nbsp;&nbsp;FlashProc
<LI><a href="#[c4]">&gt;&gt;</a>&nbsp;&nbsp;&nbsp;show_curve
<LI><a href="#[81]">&gt;&gt;</a>&nbsp;&nbsp;&nbsp;DrawProgressBar_2
<LI><a href="#[bc]">&gt;&gt;</a>&nbsp;&nbsp;&nbsp;OUTLINED_FUNCTION_1
<LI><a href="#[ba]">&gt;&gt;</a>&nbsp;&nbsp;&nbsp;OUTLINED_FUNCTION_3
<LI><a href="#[15c]">&gt;&gt;</a>&nbsp;&nbsp;&nbsp;move_average_filter
<LI><a href="#[92]">&gt;&gt;</a>&nbsp;&nbsp;&nbsp;get_data_from_b
<LI><a href="#[91]">&gt;&gt;</a>&nbsp;&nbsp;&nbsp;get_data_from_a
</UL>

<P><STRONG><a name="[7a]"></a>__aeabi_ui2d</STRONG> (Thumb, 26 bytes, Stack size 16 bytes, dfltui.o(.text))
<BR><BR>[Stack]<UL><LI>Max Depth = 56<LI>Call Chain = __aeabi_ui2d &rArr; _double_epilogue &rArr; _double_round
</UL>
<BR>[Calls]<UL><LI><a href="#[72]">&gt;&gt;</a>&nbsp;&nbsp;&nbsp;_double_epilogue
</UL>
<BR>[Called By]<UL><LI><a href="#[b]">&gt;&gt;</a>&nbsp;&nbsp;&nbsp;SysTick_Handler
<LI><a href="#[c4]">&gt;&gt;</a>&nbsp;&nbsp;&nbsp;show_curve
</UL>

<P><STRONG><a name="[83]"></a>__aeabi_f2iz</STRONG> (Thumb, 50 bytes, Stack size 0 bytes, ffixi.o(.text))
<BR><BR>[Called By]<UL><LI><a href="#[fb]">&gt;&gt;</a>&nbsp;&nbsp;&nbsp;pwm_control
<LI><a href="#[8a]">&gt;&gt;</a>&nbsp;&nbsp;&nbsp;FlashProc
<LI><a href="#[b5]">&gt;&gt;</a>&nbsp;&nbsp;&nbsp;LcdProc
<LI><a href="#[c4]">&gt;&gt;</a>&nbsp;&nbsp;&nbsp;show_curve
<LI><a href="#[b9]">&gt;&gt;</a>&nbsp;&nbsp;&nbsp;show_cal_temp
<LI><a href="#[81]">&gt;&gt;</a>&nbsp;&nbsp;&nbsp;DrawProgressBar_2
<LI><a href="#[bd]">&gt;&gt;</a>&nbsp;&nbsp;&nbsp;OUTLINED_FUNCTION_10
<LI><a href="#[bb]">&gt;&gt;</a>&nbsp;&nbsp;&nbsp;OUTLINED_FUNCTION_15
<LI><a href="#[15c]">&gt;&gt;</a>&nbsp;&nbsp;&nbsp;move_average_filter
</UL>

<P><STRONG><a name="[fc]"></a>__aeabi_f2uiz</STRONG> (Thumb, 40 bytes, Stack size 0 bytes, ffixui.o(.text))
<BR><BR>[Called By]<UL><LI><a href="#[38]">&gt;&gt;</a>&nbsp;&nbsp;&nbsp;TMR5_GLOBAL_IRQHandler
</UL>

<P><STRONG><a name="[7b]"></a>__aeabi_d2iz</STRONG> (Thumb, 62 bytes, Stack size 16 bytes, dfixi.o(.text))
<BR><BR>[Stack]<UL><LI>Max Depth = 16<LI>Call Chain = __aeabi_d2iz
</UL>
<BR>[Calls]<UL><LI><a href="#[7c]">&gt;&gt;</a>&nbsp;&nbsp;&nbsp;__aeabi_llsr
</UL>
<BR>[Called By]<UL><LI><a href="#[c4]">&gt;&gt;</a>&nbsp;&nbsp;&nbsp;show_curve
<LI><a href="#[ab]">&gt;&gt;</a>&nbsp;&nbsp;&nbsp;voltage_to_y
</UL>

<P><STRONG><a name="[7d]"></a>__aeabi_d2uiz</STRONG> (Thumb, 50 bytes, Stack size 8 bytes, dfixui.o(.text))
<BR><BR>[Stack]<UL><LI>Max Depth = 8<LI>Call Chain = __aeabi_d2uiz
</UL>
<BR>[Calls]<UL><LI><a href="#[7c]">&gt;&gt;</a>&nbsp;&nbsp;&nbsp;__aeabi_llsr
</UL>
<BR>[Called By]<UL><LI><a href="#[f5]">&gt;&gt;</a>&nbsp;&nbsp;&nbsp;fan_control
</UL>

<P><STRONG><a name="[125]"></a>__aeabi_f2d</STRONG> (Thumb, 38 bytes, Stack size 0 bytes, f2d.o(.text))
<BR><BR>[Called By]<UL><LI><a href="#[f5]">&gt;&gt;</a>&nbsp;&nbsp;&nbsp;fan_control
<LI><a href="#[c4]">&gt;&gt;</a>&nbsp;&nbsp;&nbsp;show_curve
<LI><a href="#[ab]">&gt;&gt;</a>&nbsp;&nbsp;&nbsp;voltage_to_y
</UL>

<P><STRONG><a name="[7e]"></a>__aeabi_d2f</STRONG> (Thumb, 56 bytes, Stack size 8 bytes, d2f.o(.text))
<BR><BR>[Stack]<UL><LI>Max Depth = 8<LI>Call Chain = __aeabi_d2f
</UL>
<BR>[Calls]<UL><LI><a href="#[6b]">&gt;&gt;</a>&nbsp;&nbsp;&nbsp;_float_round
</UL>
<BR>[Called By]<UL><LI><a href="#[f5]">&gt;&gt;</a>&nbsp;&nbsp;&nbsp;fan_control
<LI><a href="#[b]">&gt;&gt;</a>&nbsp;&nbsp;&nbsp;SysTick_Handler
</UL>

<P><STRONG><a name="[70]"></a>__aeabi_llsl</STRONG> (Thumb, 30 bytes, Stack size 0 bytes, llshl.o(.text))
<BR><BR>[Called By]<UL><LI><a href="#[6f]">&gt;&gt;</a>&nbsp;&nbsp;&nbsp;__aeabi_dadd
<LI><a href="#[72]">&gt;&gt;</a>&nbsp;&nbsp;&nbsp;_double_epilogue
</UL>

<P><STRONG><a name="[1bc]"></a>_ll_shift_l</STRONG> (Thumb, 0 bytes, Stack size 0 bytes, llshl.o(.text), UNUSED)

<P><STRONG><a name="[7c]"></a>__aeabi_llsr</STRONG> (Thumb, 32 bytes, Stack size 0 bytes, llushr.o(.text))
<BR><BR>[Called By]<UL><LI><a href="#[7b]">&gt;&gt;</a>&nbsp;&nbsp;&nbsp;__aeabi_d2iz
<LI><a href="#[7d]">&gt;&gt;</a>&nbsp;&nbsp;&nbsp;__aeabi_d2uiz
<LI><a href="#[72]">&gt;&gt;</a>&nbsp;&nbsp;&nbsp;_double_epilogue
</UL>

<P><STRONG><a name="[1bd]"></a>_ll_ushift_r</STRONG> (Thumb, 0 bytes, Stack size 0 bytes, llushr.o(.text), UNUSED)

<P><STRONG><a name="[71]"></a>__aeabi_lasr</STRONG> (Thumb, 36 bytes, Stack size 0 bytes, llsshr.o(.text))
<BR><BR>[Called By]<UL><LI><a href="#[6f]">&gt;&gt;</a>&nbsp;&nbsp;&nbsp;__aeabi_dadd
</UL>

<P><STRONG><a name="[1be]"></a>_ll_sshift_r</STRONG> (Thumb, 0 bytes, Stack size 0 bytes, llsshr.o(.text), UNUSED)

<P><STRONG><a name="[1bf]"></a>__I$use$fp</STRONG> (Thumb, 0 bytes, Stack size 0 bytes, iusefp.o(.text), UNUSED)

<P><STRONG><a name="[6b]"></a>_float_round</STRONG> (Thumb, 18 bytes, Stack size 0 bytes, fepilogue.o(.text))
<BR><BR>[Called By]<UL><LI><a href="#[7e]">&gt;&gt;</a>&nbsp;&nbsp;&nbsp;__aeabi_d2f
<LI><a href="#[69]">&gt;&gt;</a>&nbsp;&nbsp;&nbsp;__aeabi_fadd
<LI><a href="#[6e]">&gt;&gt;</a>&nbsp;&nbsp;&nbsp;__aeabi_fdiv
</UL>

<P><STRONG><a name="[6a]"></a>_float_epilogue</STRONG> (Thumb, 92 bytes, Stack size 4 bytes, fepilogue.o(.text))
<BR><BR>[Stack]<UL><LI>Max Depth = 4<LI>Call Chain = _float_epilogue
</UL>
<BR>[Called By]<UL><LI><a href="#[69]">&gt;&gt;</a>&nbsp;&nbsp;&nbsp;__aeabi_fadd
<LI><a href="#[78]">&gt;&gt;</a>&nbsp;&nbsp;&nbsp;__aeabi_i2f
<LI><a href="#[79]">&gt;&gt;</a>&nbsp;&nbsp;&nbsp;__aeabi_ui2f
</UL>

<P><STRONG><a name="[73]"></a>_double_round</STRONG> (Thumb, 30 bytes, Stack size 8 bytes, depilogue.o(.text))
<BR><BR>[Stack]<UL><LI>Max Depth = 8<LI>Call Chain = _double_round
</UL>
<BR>[Called By]<UL><LI><a href="#[77]">&gt;&gt;</a>&nbsp;&nbsp;&nbsp;__aeabi_ddiv
<LI><a href="#[6f]">&gt;&gt;</a>&nbsp;&nbsp;&nbsp;__aeabi_dadd
<LI><a href="#[72]">&gt;&gt;</a>&nbsp;&nbsp;&nbsp;_double_epilogue
</UL>

<P><STRONG><a name="[72]"></a>_double_epilogue</STRONG> (Thumb, 156 bytes, Stack size 32 bytes, depilogue.o(.text))
<BR><BR>[Stack]<UL><LI>Max Depth = 40<LI>Call Chain = _double_epilogue &rArr; _double_round
</UL>
<BR>[Calls]<UL><LI><a href="#[7c]">&gt;&gt;</a>&nbsp;&nbsp;&nbsp;__aeabi_llsr
<LI><a href="#[70]">&gt;&gt;</a>&nbsp;&nbsp;&nbsp;__aeabi_llsl
<LI><a href="#[73]">&gt;&gt;</a>&nbsp;&nbsp;&nbsp;_double_round
</UL>
<BR>[Called By]<UL><LI><a href="#[6f]">&gt;&gt;</a>&nbsp;&nbsp;&nbsp;__aeabi_dadd
<LI><a href="#[76]">&gt;&gt;</a>&nbsp;&nbsp;&nbsp;__aeabi_dmul
<LI><a href="#[7a]">&gt;&gt;</a>&nbsp;&nbsp;&nbsp;__aeabi_ui2d
</UL>

<P><STRONG><a name="[65]"></a>__scatterload</STRONG> (Thumb, 38 bytes, Stack size 0 bytes, init.o(.text))
<BR><BR>[Calls]<UL><LI><a href="#[7f]">&gt;&gt;</a>&nbsp;&nbsp;&nbsp;__main_after_scatterload
</UL>
<BR>[Called By]<UL><LI><a href="#[64]">&gt;&gt;</a>&nbsp;&nbsp;&nbsp;_main_scatterload
</UL>

<P><STRONG><a name="[1c0]"></a>__scatterload_rt2</STRONG> (Thumb, 0 bytes, Stack size 0 bytes, init.o(.text), UNUSED)

<P><STRONG><a name="[1c1]"></a>__decompress</STRONG> (Thumb, 0 bytes, Stack size unknown bytes, __dczerorl2.o(.text), UNUSED)

<P><STRONG><a name="[1c2]"></a>__decompress1</STRONG> (Thumb, 86 bytes, Stack size unknown bytes, __dczerorl2.o(.text), UNUSED)

<P><STRONG><a name="[113]"></a>BeepProc</STRONG> (Thumb, 108 bytes, Stack size 8 bytes, beep.o(.text.BeepProc))
<BR><BR>[Stack]<UL><LI>Max Depth = 8<LI>Call Chain = BeepProc
</UL>
<BR>[Called By]<UL><LI><a href="#[f4]">&gt;&gt;</a>&nbsp;&nbsp;&nbsp;beep_handle
</UL>

<P><STRONG><a name="[6]"></a>BusFault_Handler</STRONG> (Thumb, 2 bytes, Stack size 0 bytes, at32f415_int.o(.text.BusFault_Handler))
<BR><BR>[Calls]<UL><LI><a href="#[6]">&gt;&gt;</a>&nbsp;&nbsp;&nbsp;BusFault_Handler
</UL>
<BR>[Called By]<UL><LI><a href="#[6]">&gt;&gt;</a>&nbsp;&nbsp;&nbsp;BusFault_Handler
</UL>
<BR>[Address Reference Count : 1]<UL><LI> startup_at32f415.o(RESET)
</UL>
<P><STRONG><a name="[9]"></a>DebugMon_Handler</STRONG> (Thumb, 2 bytes, Stack size 0 bytes, at32f415_int.o(.text.DebugMon_Handler))
<BR>[Address Reference Count : 1]<UL><LI> startup_at32f415.o(RESET)
</UL>
<P><STRONG><a name="[80]"></a>DrawProgressBar</STRONG> (Thumb, 196 bytes, Stack size 48 bytes, lcd.o(.text.DrawProgressBar))
<BR><BR>[Stack]<UL><LI>Max Depth = 168<LI>Call Chain = DrawProgressBar &rArr; TranferPicturetoTFT_LCD &rArr; spiflash_read &rArr; spi_bytes_read &rArr; dma_default_para_init
</UL>
<BR>[Calls]<UL><LI><a href="#[59]">&gt;&gt;</a>&nbsp;&nbsp;&nbsp;TranferPicturetoTFT_LCD
</UL>
<BR>[Called By]<UL><LI><a href="#[c4]">&gt;&gt;</a>&nbsp;&nbsp;&nbsp;show_curve
</UL>

<P><STRONG><a name="[81]"></a>DrawProgressBar_2</STRONG> (Thumb, 100 bytes, Stack size 32 bytes, lcd.o(.text.DrawProgressBar_2))
<BR><BR>[Stack]<UL><LI>Max Depth = 104<LI>Call Chain = DrawProgressBar_2 &rArr; LCD_Fill &rArr; LCD_Address_Set
</UL>
<BR>[Calls]<UL><LI><a href="#[46]">&gt;&gt;</a>&nbsp;&nbsp;&nbsp;LCD_Fill
<LI><a href="#[6e]">&gt;&gt;</a>&nbsp;&nbsp;&nbsp;__aeabi_fdiv
<LI><a href="#[82]">&gt;&gt;</a>&nbsp;&nbsp;&nbsp;__aeabi_fmul
<LI><a href="#[79]">&gt;&gt;</a>&nbsp;&nbsp;&nbsp;__aeabi_ui2f
<LI><a href="#[83]">&gt;&gt;</a>&nbsp;&nbsp;&nbsp;__aeabi_f2iz
</UL>
<BR>[Called By]<UL><LI><a href="#[b5]">&gt;&gt;</a>&nbsp;&nbsp;&nbsp;LcdProc
</UL>

<P><STRONG><a name="[84]"></a>EC11_Analyze</STRONG> (Thumb, 330 bytes, Stack size 16 bytes, encoderec11.o(.text.EC11_Analyze))
<BR><BR>[Stack]<UL><LI>Max Depth = 16<LI>Call Chain = EC11_Analyze
</UL>
<BR>[Calls]<UL><LI><a href="#[85]">&gt;&gt;</a>&nbsp;&nbsp;&nbsp;OUTLINED_FUNCTION_0
</UL>
<BR>[Called By]<UL><LI><a href="#[11d]">&gt;&gt;</a>&nbsp;&nbsp;&nbsp;ec11_handle
</UL>

<P><STRONG><a name="[11e]"></a>EC11_Scan</STRONG> (Thumb, 232 bytes, Stack size 16 bytes, encoderec11.o(.text.EC11_Scan))
<BR><BR>[Stack]<UL><LI>Max Depth = 16<LI>Call Chain = EC11_Scan
</UL>
<BR>[Called By]<UL><LI><a href="#[11d]">&gt;&gt;</a>&nbsp;&nbsp;&nbsp;ec11_handle
</UL>

<P><STRONG><a name="[87]"></a>FWHA01_Init</STRONG> (Thumb, 200 bytes, Stack size 24 bytes, ha01_handle.o(.text.FWHA01_Init))
<BR><BR>[Stack]<UL><LI>Max Depth = 24<LI>Call Chain = FWHA01_Init
</UL>
<BR>[Calls]<UL><LI><a href="#[89]">&gt;&gt;</a>&nbsp;&nbsp;&nbsp;__aeabi_memclr4
<LI><a href="#[88]">&gt;&gt;</a>&nbsp;&nbsp;&nbsp;__aeabi_memset4
</UL>
<BR>[Called By]<UL><LI><a href="#[43]">&gt;&gt;</a>&nbsp;&nbsp;&nbsp;main
</UL>

<P><STRONG><a name="[8a]"></a>FlashProc</STRONG> (Thumb, 1124 bytes, Stack size 32 bytes, flash_handle.o(.text.FlashProc))
<BR><BR>[Stack]<UL><LI>Max Depth = 60<LI>Call Chain = FlashProc &rArr; data_check_len &rArr; flash_wred_halfword
</UL>
<BR>[Calls]<UL><LI><a href="#[48]">&gt;&gt;</a>&nbsp;&nbsp;&nbsp;flash_halfword_program
<LI><a href="#[8e]">&gt;&gt;</a>&nbsp;&nbsp;&nbsp;flash_sector_erase
<LI><a href="#[8b]">&gt;&gt;</a>&nbsp;&nbsp;&nbsp;flash_lock
<LI><a href="#[8d]">&gt;&gt;</a>&nbsp;&nbsp;&nbsp;flash_unlock
<LI><a href="#[8c]">&gt;&gt;</a>&nbsp;&nbsp;&nbsp;__aeabi_fcmpeq
<LI><a href="#[94]">&gt;&gt;</a>&nbsp;&nbsp;&nbsp;check_data_all
<LI><a href="#[93]">&gt;&gt;</a>&nbsp;&nbsp;&nbsp;get_reset_data
<LI><a href="#[92]">&gt;&gt;</a>&nbsp;&nbsp;&nbsp;get_data_from_b
<LI><a href="#[91]">&gt;&gt;</a>&nbsp;&nbsp;&nbsp;get_data_from_a
<LI><a href="#[79]">&gt;&gt;</a>&nbsp;&nbsp;&nbsp;__aeabi_ui2f
<LI><a href="#[83]">&gt;&gt;</a>&nbsp;&nbsp;&nbsp;__aeabi_f2iz
<LI><a href="#[90]">&gt;&gt;</a>&nbsp;&nbsp;&nbsp;data_check_len
<LI><a href="#[4f]">&gt;&gt;</a>&nbsp;&nbsp;&nbsp;flash_wred_halfword
<LI><a href="#[8f]">&gt;&gt;</a>&nbsp;&nbsp;&nbsp;OUTLINED_FUNCTION_2
</UL>
<BR>[Called By]<UL><LI><a href="#[55]">&gt;&gt;</a>&nbsp;&nbsp;&nbsp;flash_task
</UL>

<P><STRONG><a name="[4]"></a>HardFault_Handler</STRONG> (Thumb, 2 bytes, Stack size 0 bytes, at32f415_int.o(.text.HardFault_Handler))
<BR><BR>[Calls]<UL><LI><a href="#[4]">&gt;&gt;</a>&nbsp;&nbsp;&nbsp;HardFault_Handler
</UL>
<BR>[Called By]<UL><LI><a href="#[4]">&gt;&gt;</a>&nbsp;&nbsp;&nbsp;HardFault_Handler
</UL>
<BR>[Address Reference Count : 1]<UL><LI> startup_at32f415.o(RESET)
</UL>
<P><STRONG><a name="[95]"></a>LCD_Address_Set</STRONG> (Thumb, 148 bytes, Stack size 40 bytes, lcd.o(.text.LCD_Address_Set))
<BR><BR>[Stack]<UL><LI>Max Depth = 40<LI>Call Chain = LCD_Address_Set
</UL>
<BR>[Calls]<UL><LI><a href="#[96]">&gt;&gt;</a>&nbsp;&nbsp;&nbsp;OUTLINED_FUNCTION_8
</UL>
<BR>[Called By]<UL><LI><a href="#[46]">&gt;&gt;</a>&nbsp;&nbsp;&nbsp;LCD_Fill
<LI><a href="#[a1]">&gt;&gt;</a>&nbsp;&nbsp;&nbsp;LCD_ShowChar
<LI><a href="#[9a]">&gt;&gt;</a>&nbsp;&nbsp;&nbsp;LCD_DrawPoint
<LI><a href="#[97]">&gt;&gt;</a>&nbsp;&nbsp;&nbsp;LCD_Clear
<LI><a href="#[e8]">&gt;&gt;</a>&nbsp;&nbsp;&nbsp;OUTLINED_FUNCTION_23
</UL>

<P><STRONG><a name="[97]"></a>LCD_Clear</STRONG> (Thumb, 60 bytes, Stack size 24 bytes, lcd.o(.text.LCD_Clear))
<BR><BR>[Stack]<UL><LI>Max Depth = 64<LI>Call Chain = LCD_Clear &rArr; LCD_Address_Set
</UL>
<BR>[Calls]<UL><LI><a href="#[95]">&gt;&gt;</a>&nbsp;&nbsp;&nbsp;LCD_Address_Set
<LI><a href="#[4d]">&gt;&gt;</a>&nbsp;&nbsp;&nbsp;LCD_WR_DATA
</UL>
<BR>[Called By]<UL><LI><a href="#[9d]">&gt;&gt;</a>&nbsp;&nbsp;&nbsp;LCD_Init
</UL>

<P><STRONG><a name="[98]"></a>LCD_Display_Dir</STRONG> (Thumb, 52 bytes, Stack size 0 bytes, lcd.o(.text.LCD_Display_Dir))
<BR><BR>[Stack]<UL><LI>Max Depth = 32<LI>Call Chain = LCD_Display_Dir &rArr; LCD_Scan_Dir &rArr; LCD_WriteReg &rArr; LCD_WR_REG
</UL>
<BR>[Calls]<UL><LI><a href="#[99]">&gt;&gt;</a>&nbsp;&nbsp;&nbsp;LCD_Scan_Dir
</UL>
<BR>[Called By]<UL><LI><a href="#[9d]">&gt;&gt;</a>&nbsp;&nbsp;&nbsp;LCD_Init
</UL>

<P><STRONG><a name="[49]"></a>LCD_DrawLine</STRONG> (Thumb, 158 bytes, Stack size 48 bytes, lcd.o(.text.LCD_DrawLine))
<BR><BR>[Stack]<UL><LI>Max Depth = 96<LI>Call Chain = LCD_DrawLine &rArr; LCD_DrawPoint &rArr; LCD_Address_Set
</UL>
<BR>[Calls]<UL><LI><a href="#[9a]">&gt;&gt;</a>&nbsp;&nbsp;&nbsp;LCD_DrawPoint
</UL>
<BR>[Called By]<UL><LI><a href="#[ae]">&gt;&gt;</a>&nbsp;&nbsp;&nbsp;LCD_Show_Grid
<LI><a href="#[a8]">&gt;&gt;</a>&nbsp;&nbsp;&nbsp;LCD_Show_Curve
<LI><a href="#[ad]">&gt;&gt;</a>&nbsp;&nbsp;&nbsp;OUTLINED_FUNCTION_26
</UL>
<BR>[Address Reference Count : 1]<UL><LI> lcd.o(.text.LCD_DrawRectangle)
</UL>
<P><STRONG><a name="[9a]"></a>LCD_DrawPoint</STRONG> (Thumb, 22 bytes, Stack size 8 bytes, lcd.o(.text.LCD_DrawPoint))
<BR><BR>[Stack]<UL><LI>Max Depth = 48<LI>Call Chain = LCD_DrawPoint &rArr; LCD_Address_Set
</UL>
<BR>[Calls]<UL><LI><a href="#[95]">&gt;&gt;</a>&nbsp;&nbsp;&nbsp;LCD_Address_Set
<LI><a href="#[4d]">&gt;&gt;</a>&nbsp;&nbsp;&nbsp;LCD_WR_DATA
</UL>
<BR>[Called By]<UL><LI><a href="#[a1]">&gt;&gt;</a>&nbsp;&nbsp;&nbsp;LCD_ShowChar
<LI><a href="#[49]">&gt;&gt;</a>&nbsp;&nbsp;&nbsp;LCD_DrawLine
</UL>

<P><STRONG><a name="[9b]"></a>LCD_DrawRectangle</STRONG> (Thumb, 64 bytes, Stack size 32 bytes, lcd.o(.text.LCD_DrawRectangle))
<BR><BR>[Stack]<UL><LI>Max Depth = 32<LI>Call Chain = LCD_DrawRectangle
</UL>
<BR>[Calls]<UL><LI><a href="#[9c]">&gt;&gt;</a>&nbsp;&nbsp;&nbsp;OUTLINED_FUNCTION_20
</UL>
<BR>[Called By]<UL><LI><a href="#[ae]">&gt;&gt;</a>&nbsp;&nbsp;&nbsp;LCD_Show_Grid
</UL>

<P><STRONG><a name="[46]"></a>LCD_Fill</STRONG> (Thumb, 60 bytes, Stack size 32 bytes, lcd.o(.text.LCD_Fill))
<BR><BR>[Stack]<UL><LI>Max Depth = 72<LI>Call Chain = LCD_Fill &rArr; LCD_Address_Set
</UL>
<BR>[Calls]<UL><LI><a href="#[95]">&gt;&gt;</a>&nbsp;&nbsp;&nbsp;LCD_Address_Set
<LI><a href="#[4d]">&gt;&gt;</a>&nbsp;&nbsp;&nbsp;LCD_WR_DATA
</UL>
<BR>[Called By]<UL><LI><a href="#[c4]">&gt;&gt;</a>&nbsp;&nbsp;&nbsp;show_curve
<LI><a href="#[81]">&gt;&gt;</a>&nbsp;&nbsp;&nbsp;DrawProgressBar_2
</UL>
<BR>[Address Reference Count : 1]<UL><LI> lcd.o(.text.DrawProgressBar)
</UL>
<P><STRONG><a name="[9d]"></a>LCD_Init</STRONG> (Thumb, 368 bytes, Stack size 24 bytes, lcd.o(.text.LCD_Init))
<BR><BR>[Stack]<UL><LI>Max Depth = 88<LI>Call Chain = LCD_Init &rArr; LCD_Clear &rArr; LCD_Address_Set
</UL>
<BR>[Calls]<UL><LI><a href="#[9e]">&gt;&gt;</a>&nbsp;&nbsp;&nbsp;gpio_bits_set
<LI><a href="#[98]">&gt;&gt;</a>&nbsp;&nbsp;&nbsp;LCD_Display_Dir
<LI><a href="#[97]">&gt;&gt;</a>&nbsp;&nbsp;&nbsp;LCD_Clear
</UL>
<BR>[Called By]<UL><LI><a href="#[43]">&gt;&gt;</a>&nbsp;&nbsp;&nbsp;main
</UL>

<P><STRONG><a name="[4c]"></a>LCD_RD_DATA</STRONG> (Thumb, 44 bytes, Stack size 8 bytes, lcd.o(.text.LCD_RD_DATA))
<BR><BR>[Stack]<UL><LI>Max Depth = 44<LI>Call Chain = LCD_RD_DATA &rArr; set_mode &rArr; gpio_init
</UL>
<BR>[Calls]<UL><LI><a href="#[9f]">&gt;&gt;</a>&nbsp;&nbsp;&nbsp;set_mode
</UL>
<BR>[Address Reference Count : 1]<UL><LI> lcd.o(.text.LCD_Init)
</UL>
<P><STRONG><a name="[99]"></a>LCD_Scan_Dir</STRONG> (Thumb, 152 bytes, Stack size 16 bytes, lcd.o(.text.LCD_Scan_Dir))
<BR><BR>[Stack]<UL><LI>Max Depth = 32<LI>Call Chain = LCD_Scan_Dir &rArr; LCD_WriteReg &rArr; LCD_WR_REG
</UL>
<BR>[Calls]<UL><LI><a href="#[a0]">&gt;&gt;</a>&nbsp;&nbsp;&nbsp;LCD_WriteReg
<LI><a href="#[4b]">&gt;&gt;</a>&nbsp;&nbsp;&nbsp;LCD_WR_REG
</UL>
<BR>[Called By]<UL><LI><a href="#[98]">&gt;&gt;</a>&nbsp;&nbsp;&nbsp;LCD_Display_Dir
</UL>

<P><STRONG><a name="[a1]"></a>LCD_ShowChar</STRONG> (Thumb, 300 bytes, Stack size 72 bytes, lcd.o(.text.LCD_ShowChar))
<BR><BR>[Stack]<UL><LI>Max Depth = 120<LI>Call Chain = LCD_ShowChar &rArr; LCD_DrawPoint &rArr; LCD_Address_Set
</UL>
<BR>[Calls]<UL><LI><a href="#[9a]">&gt;&gt;</a>&nbsp;&nbsp;&nbsp;LCD_DrawPoint
<LI><a href="#[95]">&gt;&gt;</a>&nbsp;&nbsp;&nbsp;LCD_Address_Set
<LI><a href="#[4d]">&gt;&gt;</a>&nbsp;&nbsp;&nbsp;LCD_WR_DATA
</UL>
<BR>[Called By]<UL><LI><a href="#[4e]">&gt;&gt;</a>&nbsp;&nbsp;&nbsp;LCD_ShowString
<LI><a href="#[b2]">&gt;&gt;</a>&nbsp;&nbsp;&nbsp;OUTLINED_FUNCTION_13
<LI><a href="#[a6]">&gt;&gt;</a>&nbsp;&nbsp;&nbsp;OUTLINED_FUNCTION_2
</UL>

<P><STRONG><a name="[a2]"></a>LCD_ShowIntNum</STRONG> (Thumb, 92 bytes, Stack size 56 bytes, lcd.o(.text.LCD_ShowIntNum))
<BR><BR>[Stack]<UL><LI>Max Depth = 176<LI>Call Chain = LCD_ShowIntNum &rArr; OUTLINED_FUNCTION_2 &rArr; LCD_ShowChar &rArr; LCD_DrawPoint &rArr; LCD_Address_Set
</UL>
<BR>[Calls]<UL><LI><a href="#[a6]">&gt;&gt;</a>&nbsp;&nbsp;&nbsp;OUTLINED_FUNCTION_2
<LI><a href="#[a5]">&gt;&gt;</a>&nbsp;&nbsp;&nbsp;OUTLINED_FUNCTION_4
<LI><a href="#[a4]">&gt;&gt;</a>&nbsp;&nbsp;&nbsp;OUTLINED_FUNCTION_11
<LI><a href="#[a3]">&gt;&gt;</a>&nbsp;&nbsp;&nbsp;OUTLINED_FUNCTION_14
<LI><a href="#[a7]">&gt;&gt;</a>&nbsp;&nbsp;&nbsp;OUTLINED_FUNCTION_21
</UL>
<BR>[Called By]<UL><LI><a href="#[b5]">&gt;&gt;</a>&nbsp;&nbsp;&nbsp;LcdProc
<LI><a href="#[c6]">&gt;&gt;</a>&nbsp;&nbsp;&nbsp;OUTLINED_FUNCTION_4
<LI><a href="#[b8]">&gt;&gt;</a>&nbsp;&nbsp;&nbsp;OUTLINED_FUNCTION_11
</UL>

<P><STRONG><a name="[4e]"></a>LCD_ShowString</STRONG> (Thumb, 60 bytes, Stack size 48 bytes, lcd.o(.text.LCD_ShowString))
<BR><BR>[Stack]<UL><LI>Max Depth = 168<LI>Call Chain = LCD_ShowString &rArr; LCD_ShowChar &rArr; LCD_DrawPoint &rArr; LCD_Address_Set
</UL>
<BR>[Calls]<UL><LI><a href="#[a1]">&gt;&gt;</a>&nbsp;&nbsp;&nbsp;LCD_ShowChar
</UL>
<BR>[Called By]<UL><LI><a href="#[114]">&gt;&gt;</a>&nbsp;&nbsp;&nbsp;check_flash_updata
</UL>
<BR>[Address Reference Count : 1]<UL><LI> lcd.o(.text.LCD_Show_Grid)
</UL>
<P><STRONG><a name="[a8]"></a>LCD_Show_Curve</STRONG> (Thumb, 280 bytes, Stack size 48 bytes, lcd.o(.text.LCD_Show_Curve))
<BR><BR>[Stack]<UL><LI>Max Depth = 160<LI>Call Chain = LCD_Show_Curve &rArr; voltage_to_y &rArr; __aeabi_dadd &rArr; _double_epilogue &rArr; _double_round
</UL>
<BR>[Calls]<UL><LI><a href="#[aa]">&gt;&gt;</a>&nbsp;&nbsp;&nbsp;__aeabi_fcmple
<LI><a href="#[a9]">&gt;&gt;</a>&nbsp;&nbsp;&nbsp;__aeabi_fcmpge
<LI><a href="#[ab]">&gt;&gt;</a>&nbsp;&nbsp;&nbsp;voltage_to_y
<LI><a href="#[49]">&gt;&gt;</a>&nbsp;&nbsp;&nbsp;LCD_DrawLine
<LI><a href="#[ad]">&gt;&gt;</a>&nbsp;&nbsp;&nbsp;OUTLINED_FUNCTION_26
<LI><a href="#[ac]">&gt;&gt;</a>&nbsp;&nbsp;&nbsp;OUTLINED_FUNCTION_17
</UL>
<BR>[Called By]<UL><LI><a href="#[c4]">&gt;&gt;</a>&nbsp;&nbsp;&nbsp;show_curve
</UL>

<P><STRONG><a name="[ae]"></a>LCD_Show_Grid</STRONG> (Thumb, 348 bytes, Stack size 64 bytes, lcd.o(.text.LCD_Show_Grid))
<BR><BR>[Stack]<UL><LI>Max Depth = 184<LI>Call Chain = LCD_Show_Grid &rArr; TranferPicturetoTFT_LCD &rArr; spiflash_read &rArr; spi_bytes_read &rArr; dma_default_para_init
</UL>
<BR>[Calls]<UL><LI><a href="#[59]">&gt;&gt;</a>&nbsp;&nbsp;&nbsp;TranferPicturetoTFT_LCD
<LI><a href="#[9b]">&gt;&gt;</a>&nbsp;&nbsp;&nbsp;LCD_DrawRectangle
<LI><a href="#[49]">&gt;&gt;</a>&nbsp;&nbsp;&nbsp;LCD_DrawLine
<LI><a href="#[b0]">&gt;&gt;</a>&nbsp;&nbsp;&nbsp;OUTLINED_FUNCTION_7
<LI><a href="#[af]">&gt;&gt;</a>&nbsp;&nbsp;&nbsp;OUTLINED_FUNCTION_6
<LI><a href="#[ac]">&gt;&gt;</a>&nbsp;&nbsp;&nbsp;OUTLINED_FUNCTION_17
</UL>
<BR>[Called By]<UL><LI><a href="#[c4]">&gt;&gt;</a>&nbsp;&nbsp;&nbsp;show_curve
</UL>

<P><STRONG><a name="[b1]"></a>LCD_VISION</STRONG> (Thumb, 60 bytes, Stack size 48 bytes, lcd.o(.text.LCD_VISION))
<BR><BR>[Stack]<UL><LI>Max Depth = 168<LI>Call Chain = LCD_VISION &rArr; OUTLINED_FUNCTION_13 &rArr; LCD_ShowChar &rArr; LCD_DrawPoint &rArr; LCD_Address_Set
</UL>
<BR>[Calls]<UL><LI><a href="#[b2]">&gt;&gt;</a>&nbsp;&nbsp;&nbsp;OUTLINED_FUNCTION_13
</UL>
<BR>[Called By]<UL><LI><a href="#[be]">&gt;&gt;</a>&nbsp;&nbsp;&nbsp;show_icon
<LI><a href="#[b7]">&gt;&gt;</a>&nbsp;&nbsp;&nbsp;show_navigation_bar
</UL>

<P><STRONG><a name="[b3]"></a>LCD_VISION_1</STRONG> (Thumb, 60 bytes, Stack size 48 bytes, lcd.o(.text.LCD_VISION_1))
<BR><BR>[Stack]<UL><LI>Max Depth = 168<LI>Call Chain = LCD_VISION_1 &rArr; OUTLINED_FUNCTION_13 &rArr; LCD_ShowChar &rArr; LCD_DrawPoint &rArr; LCD_Address_Set
</UL>
<BR>[Calls]<UL><LI><a href="#[b2]">&gt;&gt;</a>&nbsp;&nbsp;&nbsp;OUTLINED_FUNCTION_13
</UL>
<BR>[Called By]<UL><LI><a href="#[be]">&gt;&gt;</a>&nbsp;&nbsp;&nbsp;show_icon
</UL>

<P><STRONG><a name="[4d]"></a>LCD_WR_DATA</STRONG> (Thumb, 24 bytes, Stack size 0 bytes, lcd.o(.text.LCD_WR_DATA))
<BR><BR>[Calls]<UL><LI><a href="#[b4]">&gt;&gt;</a>&nbsp;&nbsp;&nbsp;OUTLINED_FUNCTION_25
</UL>
<BR>[Called By]<UL><LI><a href="#[46]">&gt;&gt;</a>&nbsp;&nbsp;&nbsp;LCD_Fill
<LI><a href="#[a0]">&gt;&gt;</a>&nbsp;&nbsp;&nbsp;LCD_WriteReg
<LI><a href="#[a1]">&gt;&gt;</a>&nbsp;&nbsp;&nbsp;LCD_ShowChar
<LI><a href="#[9a]">&gt;&gt;</a>&nbsp;&nbsp;&nbsp;LCD_DrawPoint
<LI><a href="#[97]">&gt;&gt;</a>&nbsp;&nbsp;&nbsp;LCD_Clear
<LI><a href="#[e6]">&gt;&gt;</a>&nbsp;&nbsp;&nbsp;OUTLINED_FUNCTION_22
</UL>
<BR>[Address Reference Count : 1]<UL><LI> lcd.o(.text.LCD_Scan_Dir)
</UL>
<P><STRONG><a name="[4b]"></a>LCD_WR_REG</STRONG> (Thumb, 40 bytes, Stack size 8 bytes, lcd.o(.text.LCD_WR_REG))
<BR><BR>[Stack]<UL><LI>Max Depth = 8<LI>Call Chain = LCD_WR_REG
</UL>
<BR>[Called By]<UL><LI><a href="#[99]">&gt;&gt;</a>&nbsp;&nbsp;&nbsp;LCD_Scan_Dir
<LI><a href="#[a0]">&gt;&gt;</a>&nbsp;&nbsp;&nbsp;LCD_WriteReg
</UL>
<BR>[Address Reference Count : 1]<UL><LI> lcd.o(.text.LCD_Init)
</UL>
<P><STRONG><a name="[a0]"></a>LCD_WriteReg</STRONG> (Thumb, 18 bytes, Stack size 8 bytes, lcd.o(.text.LCD_WriteReg))
<BR><BR>[Stack]<UL><LI>Max Depth = 16<LI>Call Chain = LCD_WriteReg &rArr; LCD_WR_REG
</UL>
<BR>[Calls]<UL><LI><a href="#[4d]">&gt;&gt;</a>&nbsp;&nbsp;&nbsp;LCD_WR_DATA
<LI><a href="#[4b]">&gt;&gt;</a>&nbsp;&nbsp;&nbsp;LCD_WR_REG
</UL>
<BR>[Called By]<UL><LI><a href="#[99]">&gt;&gt;</a>&nbsp;&nbsp;&nbsp;LCD_Scan_Dir
</UL>

<P><STRONG><a name="[b5]"></a>LcdProc</STRONG> (Thumb, 2560 bytes, Stack size 128 bytes, lcd_handle.o(.text.LcdProc))
<BR><BR>[Stack]<UL><LI>Max Depth = 360<LI>Call Chain = LcdProc &rArr; show_curve &rArr; LCD_Show_Grid &rArr; TranferPicturetoTFT_LCD &rArr; spiflash_read &rArr; spi_bytes_read &rArr; dma_default_para_init
</UL>
<BR>[Calls]<UL><LI><a href="#[aa]">&gt;&gt;</a>&nbsp;&nbsp;&nbsp;__aeabi_fcmple
<LI><a href="#[c7]">&gt;&gt;</a>&nbsp;&nbsp;&nbsp;__aeabi_fcmpgt
<LI><a href="#[69]">&gt;&gt;</a>&nbsp;&nbsp;&nbsp;__aeabi_fadd
<LI><a href="#[8c]">&gt;&gt;</a>&nbsp;&nbsp;&nbsp;__aeabi_fcmpeq
<LI><a href="#[59]">&gt;&gt;</a>&nbsp;&nbsp;&nbsp;TranferPicturetoTFT_LCD
<LI><a href="#[c4]">&gt;&gt;</a>&nbsp;&nbsp;&nbsp;show_curve
<LI><a href="#[bf]">&gt;&gt;</a>&nbsp;&nbsp;&nbsp;page_switch
<LI><a href="#[be]">&gt;&gt;</a>&nbsp;&nbsp;&nbsp;show_icon
<LI><a href="#[b9]">&gt;&gt;</a>&nbsp;&nbsp;&nbsp;show_cal_temp
<LI><a href="#[81]">&gt;&gt;</a>&nbsp;&nbsp;&nbsp;DrawProgressBar_2
<LI><a href="#[a2]">&gt;&gt;</a>&nbsp;&nbsp;&nbsp;LCD_ShowIntNum
<LI><a href="#[b7]">&gt;&gt;</a>&nbsp;&nbsp;&nbsp;show_navigation_bar
<LI><a href="#[c8]">&gt;&gt;</a>&nbsp;&nbsp;&nbsp;OUTLINED_FUNCTION_16
<LI><a href="#[c6]">&gt;&gt;</a>&nbsp;&nbsp;&nbsp;OUTLINED_FUNCTION_4
<LI><a href="#[c5]">&gt;&gt;</a>&nbsp;&nbsp;&nbsp;OUTLINED_FUNCTION_2
<LI><a href="#[c3]">&gt;&gt;</a>&nbsp;&nbsp;&nbsp;OUTLINED_FUNCTION_9
<LI><a href="#[c2]">&gt;&gt;</a>&nbsp;&nbsp;&nbsp;OUTLINED_FUNCTION_13
<LI><a href="#[c1]">&gt;&gt;</a>&nbsp;&nbsp;&nbsp;OUTLINED_FUNCTION_14
<LI><a href="#[c0]">&gt;&gt;</a>&nbsp;&nbsp;&nbsp;OUTLINED_FUNCTION_8
<LI><a href="#[bd]">&gt;&gt;</a>&nbsp;&nbsp;&nbsp;OUTLINED_FUNCTION_10
<LI><a href="#[bc]">&gt;&gt;</a>&nbsp;&nbsp;&nbsp;OUTLINED_FUNCTION_1
<LI><a href="#[bb]">&gt;&gt;</a>&nbsp;&nbsp;&nbsp;OUTLINED_FUNCTION_15
<LI><a href="#[ba]">&gt;&gt;</a>&nbsp;&nbsp;&nbsp;OUTLINED_FUNCTION_3
<LI><a href="#[b8]">&gt;&gt;</a>&nbsp;&nbsp;&nbsp;OUTLINED_FUNCTION_11
<LI><a href="#[6c]">&gt;&gt;</a>&nbsp;&nbsp;&nbsp;__aeabi_fsub
<LI><a href="#[78]">&gt;&gt;</a>&nbsp;&nbsp;&nbsp;__aeabi_i2f
<LI><a href="#[b6]">&gt;&gt;</a>&nbsp;&nbsp;&nbsp;__aeabi_fcmplt
<LI><a href="#[6e]">&gt;&gt;</a>&nbsp;&nbsp;&nbsp;__aeabi_fdiv
<LI><a href="#[82]">&gt;&gt;</a>&nbsp;&nbsp;&nbsp;__aeabi_fmul
<LI><a href="#[a9]">&gt;&gt;</a>&nbsp;&nbsp;&nbsp;__aeabi_fcmpge
<LI><a href="#[83]">&gt;&gt;</a>&nbsp;&nbsp;&nbsp;__aeabi_f2iz
</UL>
<BR>[Called By]<UL><LI><a href="#[53]">&gt;&gt;</a>&nbsp;&nbsp;&nbsp;lcd_task
</UL>

<P><STRONG><a name="[5]"></a>MemManage_Handler</STRONG> (Thumb, 2 bytes, Stack size 0 bytes, at32f415_int.o(.text.MemManage_Handler))
<BR><BR>[Calls]<UL><LI><a href="#[5]">&gt;&gt;</a>&nbsp;&nbsp;&nbsp;MemManage_Handler
</UL>
<BR>[Called By]<UL><LI><a href="#[5]">&gt;&gt;</a>&nbsp;&nbsp;&nbsp;MemManage_Handler
</UL>
<BR>[Address Reference Count : 1]<UL><LI> startup_at32f415.o(RESET)
</UL>
<P><STRONG><a name="[3]"></a>NMI_Handler</STRONG> (Thumb, 2 bytes, Stack size 0 bytes, at32f415_int.o(.text.NMI_Handler))
<BR>[Address Reference Count : 1]<UL><LI> startup_at32f415.o(RESET)
</UL>
<P><STRONG><a name="[15f]"></a>PID_Clear</STRONG> (Thumb, 14 bytes, Stack size 0 bytes, pid_operation.o(.text.PID_Clear))
<BR><BR>[Called By]<UL><LI><a href="#[fb]">&gt;&gt;</a>&nbsp;&nbsp;&nbsp;pwm_control
</UL>

<P><STRONG><a name="[159]"></a>PID_Init</STRONG> (Thumb, 26 bytes, Stack size 8 bytes, pid_operation.o(.text.PID_Init))
<BR><BR>[Stack]<UL><LI>Max Depth = 8<LI>Call Chain = PID_Init
</UL>
<BR>[Called By]<UL><LI><a href="#[43]">&gt;&gt;</a>&nbsp;&nbsp;&nbsp;main
</UL>

<P><STRONG><a name="[f2]"></a>PID_Position_Calc</STRONG> (Thumb, 180 bytes, Stack size 24 bytes, pid_operation.o(.text.PID_Position_Calc))
<BR><BR>[Stack]<UL><LI>Max Depth = 44<LI>Call Chain = PID_Position_Calc &rArr; __aeabi_fadd &rArr; _float_epilogue
</UL>
<BR>[Calls]<UL><LI><a href="#[aa]">&gt;&gt;</a>&nbsp;&nbsp;&nbsp;__aeabi_fcmple
<LI><a href="#[c7]">&gt;&gt;</a>&nbsp;&nbsp;&nbsp;__aeabi_fcmpgt
<LI><a href="#[69]">&gt;&gt;</a>&nbsp;&nbsp;&nbsp;__aeabi_fadd
<LI><a href="#[6c]">&gt;&gt;</a>&nbsp;&nbsp;&nbsp;__aeabi_fsub
<LI><a href="#[b6]">&gt;&gt;</a>&nbsp;&nbsp;&nbsp;__aeabi_fcmplt
<LI><a href="#[82]">&gt;&gt;</a>&nbsp;&nbsp;&nbsp;__aeabi_fmul
<LI><a href="#[a9]">&gt;&gt;</a>&nbsp;&nbsp;&nbsp;__aeabi_fcmpge
<LI><a href="#[f3]">&gt;&gt;</a>&nbsp;&nbsp;&nbsp;abs_limit
</UL>
<BR>[Called By]<UL><LI><a href="#[fb]">&gt;&gt;</a>&nbsp;&nbsp;&nbsp;pwm_control
</UL>

<P><STRONG><a name="[a]"></a>PendSV_Handler</STRONG> (Thumb, 2 bytes, Stack size 0 bytes, at32f415_int.o(.text.PendSV_Handler))
<BR>[Address Reference Count : 1]<UL><LI> startup_at32f415.o(RESET)
</UL>
<P><STRONG><a name="[8]"></a>SVC_Handler</STRONG> (Thumb, 2 bytes, Stack size 0 bytes, at32f415_int.o(.text.SVC_Handler))
<BR>[Address Reference Count : 1]<UL><LI> startup_at32f415.o(RESET)
</UL>
<P><STRONG><a name="[b]"></a>SysTick_Handler</STRONG> (Thumb, 272 bytes, Stack size 16 bytes, at32f415_int.o(.text.SysTick_Handler))
<BR><BR>[Stack]<UL><LI>Max Depth = 120<LI>Call Chain = SysTick_Handler &rArr; fan_control &rArr; __aeabi_dadd &rArr; _double_epilogue &rArr; _double_round
</UL>
<BR>[Calls]<UL><LI><a href="#[f7]">&gt;&gt;</a>&nbsp;&nbsp;&nbsp;wk_timebase_handler
<LI><a href="#[aa]">&gt;&gt;</a>&nbsp;&nbsp;&nbsp;__aeabi_fcmple
<LI><a href="#[c7]">&gt;&gt;</a>&nbsp;&nbsp;&nbsp;__aeabi_fcmpgt
<LI><a href="#[7e]">&gt;&gt;</a>&nbsp;&nbsp;&nbsp;__aeabi_d2f
<LI><a href="#[77]">&gt;&gt;</a>&nbsp;&nbsp;&nbsp;__aeabi_ddiv
<LI><a href="#[6f]">&gt;&gt;</a>&nbsp;&nbsp;&nbsp;__aeabi_dadd
<LI><a href="#[76]">&gt;&gt;</a>&nbsp;&nbsp;&nbsp;__aeabi_dmul
<LI><a href="#[7a]">&gt;&gt;</a>&nbsp;&nbsp;&nbsp;__aeabi_ui2d
<LI><a href="#[f6]">&gt;&gt;</a>&nbsp;&nbsp;&nbsp;get_adcval
<LI><a href="#[69]">&gt;&gt;</a>&nbsp;&nbsp;&nbsp;__aeabi_fadd
<LI><a href="#[8c]">&gt;&gt;</a>&nbsp;&nbsp;&nbsp;__aeabi_fcmpeq
<LI><a href="#[f5]">&gt;&gt;</a>&nbsp;&nbsp;&nbsp;fan_control
<LI><a href="#[f4]">&gt;&gt;</a>&nbsp;&nbsp;&nbsp;beep_handle
</UL>
<BR>[Address Reference Count : 1]<UL><LI> startup_at32f415.o(RESET)
</UL>
<P><STRONG><a name="[44]"></a>SystemInit</STRONG> (Thumb, 100 bytes, Stack size 0 bytes, system_at32f415.o(.text.SystemInit))
<BR>[Address Reference Count : 1]<UL><LI> startup_at32f415.o(.text)
</UL>
<P><STRONG><a name="[24]"></a>TMR1_BRK_TMR9_IRQHandler</STRONG> (Thumb, 44 bytes, Stack size 16 bytes, at32f415_int.o(.text.TMR1_BRK_TMR9_IRQHandler))
<BR><BR>[Stack]<UL><LI>Max Depth = 36<LI>Call Chain = TMR1_BRK_TMR9_IRQHandler &rArr; __aeabi_fadd &rArr; _float_epilogue
</UL>
<BR>[Calls]<UL><LI><a href="#[f9]">&gt;&gt;</a>&nbsp;&nbsp;&nbsp;tmr_flag_clear
<LI><a href="#[f8]">&gt;&gt;</a>&nbsp;&nbsp;&nbsp;tmr_interrupt_flag_get
<LI><a href="#[69]">&gt;&gt;</a>&nbsp;&nbsp;&nbsp;__aeabi_fadd
</UL>
<BR>[Address Reference Count : 1]<UL><LI> startup_at32f415.o(RESET)
</UL>
<P><STRONG><a name="[38]"></a>TMR5_GLOBAL_IRQHandler</STRONG> (Thumb, 84 bytes, Stack size 16 bytes, at32f415_int.o(.text.TMR5_GLOBAL_IRQHandler))
<BR><BR>[Stack]<UL><LI>Max Depth = 92<LI>Call Chain = TMR5_GLOBAL_IRQHandler &rArr; pwm_control &rArr; PID_Position_Calc &rArr; __aeabi_fadd &rArr; _float_epilogue
</UL>
<BR>[Calls]<UL><LI><a href="#[fe]">&gt;&gt;</a>&nbsp;&nbsp;&nbsp;tmr_counter_enable
<LI><a href="#[fd]">&gt;&gt;</a>&nbsp;&nbsp;&nbsp;tmr_channel_value_set
<LI><a href="#[fc]">&gt;&gt;</a>&nbsp;&nbsp;&nbsp;__aeabi_f2uiz
<LI><a href="#[fb]">&gt;&gt;</a>&nbsp;&nbsp;&nbsp;pwm_control
<LI><a href="#[fa]">&gt;&gt;</a>&nbsp;&nbsp;&nbsp;tmr_flag_get
<LI><a href="#[f9]">&gt;&gt;</a>&nbsp;&nbsp;&nbsp;tmr_flag_clear
<LI><a href="#[c7]">&gt;&gt;</a>&nbsp;&nbsp;&nbsp;__aeabi_fcmpgt
</UL>
<BR>[Address Reference Count : 1]<UL><LI> startup_at32f415.o(RESET)
</UL>
<P><STRONG><a name="[59]"></a>TranferPicturetoTFT_LCD</STRONG> (Thumb, 152 bytes, Stack size 24 bytes, lcd.o(.text.TranferPicturetoTFT_LCD))
<BR><BR>[Stack]<UL><LI>Max Depth = 120<LI>Call Chain = TranferPicturetoTFT_LCD &rArr; spiflash_read &rArr; spi_bytes_read &rArr; dma_default_para_init
</UL>
<BR>[Calls]<UL><LI><a href="#[ff]">&gt;&gt;</a>&nbsp;&nbsp;&nbsp;spiflash_read
<LI><a href="#[e6]">&gt;&gt;</a>&nbsp;&nbsp;&nbsp;OUTLINED_FUNCTION_22
<LI><a href="#[e8]">&gt;&gt;</a>&nbsp;&nbsp;&nbsp;OUTLINED_FUNCTION_23
</UL>
<BR>[Called By]<UL><LI><a href="#[b5]">&gt;&gt;</a>&nbsp;&nbsp;&nbsp;LcdProc
<LI><a href="#[c9]">&gt;&gt;</a>&nbsp;&nbsp;&nbsp;OUTLINED_FUNCTION_0
<LI><a href="#[80]">&gt;&gt;</a>&nbsp;&nbsp;&nbsp;DrawProgressBar
<LI><a href="#[ae]">&gt;&gt;</a>&nbsp;&nbsp;&nbsp;LCD_Show_Grid
<LI><a href="#[bf]">&gt;&gt;</a>&nbsp;&nbsp;&nbsp;page_switch
<LI><a href="#[be]">&gt;&gt;</a>&nbsp;&nbsp;&nbsp;show_icon
<LI><a href="#[b7]">&gt;&gt;</a>&nbsp;&nbsp;&nbsp;show_navigation_bar
<LI><a href="#[ce]">&gt;&gt;</a>&nbsp;&nbsp;&nbsp;OUTLINED_FUNCTION_0
<LI><a href="#[f0]">&gt;&gt;</a>&nbsp;&nbsp;&nbsp;OUTLINED_FUNCTION_7
<LI><a href="#[d8]">&gt;&gt;</a>&nbsp;&nbsp;&nbsp;OUTLINED_FUNCTION_12
<LI><a href="#[c3]">&gt;&gt;</a>&nbsp;&nbsp;&nbsp;OUTLINED_FUNCTION_9
<LI><a href="#[c2]">&gt;&gt;</a>&nbsp;&nbsp;&nbsp;OUTLINED_FUNCTION_13
</UL>
<BR>[Address Reference Count : 1]<UL><LI> lcd_handle.o(.text.show_icon)
</UL>
<P><STRONG><a name="[31]"></a>USART1_IRQHandler</STRONG> (Thumb, 100 bytes, Stack size 24 bytes, at32_usart.o(.text.USART1_IRQHandler))
<BR><BR>[Stack]<UL><LI>Max Depth = 40<LI>Call Chain = USART1_IRQHandler &rArr; queue_write
</UL>
<BR>[Calls]<UL><LI><a href="#[104]">&gt;&gt;</a>&nbsp;&nbsp;&nbsp;queue_read
<LI><a href="#[102]">&gt;&gt;</a>&nbsp;&nbsp;&nbsp;queue_write
<LI><a href="#[103]">&gt;&gt;</a>&nbsp;&nbsp;&nbsp;usart_flag_clear
<LI><a href="#[100]">&gt;&gt;</a>&nbsp;&nbsp;&nbsp;usart_flag_get
<LI><a href="#[101]">&gt;&gt;</a>&nbsp;&nbsp;&nbsp;usart_data_receive
<LI><a href="#[105]">&gt;&gt;</a>&nbsp;&nbsp;&nbsp;usart_data_transmit
</UL>
<BR>[Address Reference Count : 1]<UL><LI> startup_at32f415.o(RESET)
</UL>
<P><STRONG><a name="[7]"></a>UsageFault_Handler</STRONG> (Thumb, 2 bytes, Stack size 0 bytes, at32f415_int.o(.text.UsageFault_Handler))
<BR><BR>[Calls]<UL><LI><a href="#[7]">&gt;&gt;</a>&nbsp;&nbsp;&nbsp;UsageFault_Handler
</UL>
<BR>[Called By]<UL><LI><a href="#[7]">&gt;&gt;</a>&nbsp;&nbsp;&nbsp;UsageFault_Handler
</UL>
<BR>[Address Reference Count : 1]<UL><LI> startup_at32f415.o(RESET)
</UL>
<P><STRONG><a name="[f3]"></a>abs_limit</STRONG> (Thumb, 46 bytes, Stack size 16 bytes, pid_operation.o(.text.abs_limit))
<BR><BR>[Stack]<UL><LI>Max Depth = 16<LI>Call Chain = abs_limit
</UL>
<BR>[Calls]<UL><LI><a href="#[aa]">&gt;&gt;</a>&nbsp;&nbsp;&nbsp;__aeabi_fcmple
<LI><a href="#[a9]">&gt;&gt;</a>&nbsp;&nbsp;&nbsp;__aeabi_fcmpge
</UL>
<BR>[Called By]<UL><LI><a href="#[f2]">&gt;&gt;</a>&nbsp;&nbsp;&nbsp;PID_Position_Calc
</UL>

<P><STRONG><a name="[181]"></a>adc_base_config</STRONG> (Thumb, 68 bytes, Stack size 0 bytes, at32f415_adc.o(.text.adc_base_config))
<BR><BR>[Called By]<UL><LI><a href="#[153]">&gt;&gt;</a>&nbsp;&nbsp;&nbsp;wk_adc1_init
</UL>

<P><STRONG><a name="[180]"></a>adc_base_default_para_init</STRONG> (Thumb, 8 bytes, Stack size 0 bytes, at32f415_adc.o(.text.adc_base_default_para_init))
<BR><BR>[Called By]<UL><LI><a href="#[153]">&gt;&gt;</a>&nbsp;&nbsp;&nbsp;wk_adc1_init
</UL>

<P><STRONG><a name="[185]"></a>adc_calibration_init</STRONG> (Thumb, 10 bytes, Stack size 0 bytes, at32f415_adc.o(.text.adc_calibration_init))
<BR><BR>[Called By]<UL><LI><a href="#[153]">&gt;&gt;</a>&nbsp;&nbsp;&nbsp;wk_adc1_init
</UL>

<P><STRONG><a name="[186]"></a>adc_calibration_init_status_get</STRONG> (Thumb, 8 bytes, Stack size 0 bytes, at32f415_adc.o(.text.adc_calibration_init_status_get))
<BR><BR>[Called By]<UL><LI><a href="#[153]">&gt;&gt;</a>&nbsp;&nbsp;&nbsp;wk_adc1_init
</UL>

<P><STRONG><a name="[187]"></a>adc_calibration_start</STRONG> (Thumb, 10 bytes, Stack size 0 bytes, at32f415_adc.o(.text.adc_calibration_start))
<BR><BR>[Called By]<UL><LI><a href="#[153]">&gt;&gt;</a>&nbsp;&nbsp;&nbsp;wk_adc1_init
</UL>

<P><STRONG><a name="[188]"></a>adc_calibration_status_get</STRONG> (Thumb, 8 bytes, Stack size 0 bytes, at32f415_adc.o(.text.adc_calibration_status_get))
<BR><BR>[Called By]<UL><LI><a href="#[153]">&gt;&gt;</a>&nbsp;&nbsp;&nbsp;wk_adc1_init
</UL>

<P><STRONG><a name="[184]"></a>adc_enable</STRONG> (Thumb, 10 bytes, Stack size 0 bytes, at32f415_adc.o(.text.adc_enable))
<BR><BR>[Called By]<UL><LI><a href="#[153]">&gt;&gt;</a>&nbsp;&nbsp;&nbsp;wk_adc1_init
</UL>

<P><STRONG><a name="[12b]"></a>adc_flag_get</STRONG> (Thumb, 10 bytes, Stack size 0 bytes, at32f415_adc.o(.text.adc_flag_get))
<BR><BR>[Called By]<UL><LI><a href="#[f6]">&gt;&gt;</a>&nbsp;&nbsp;&nbsp;get_adcval
</UL>

<P><STRONG><a name="[106]"></a>adc_ordinary_channel_set</STRONG> (Thumb, 86 bytes, Stack size 16 bytes, at32f415_adc.o(.text.adc_ordinary_channel_set))
<BR><BR>[Stack]<UL><LI>Max Depth = 16<LI>Call Chain = adc_ordinary_channel_set
</UL>
<BR>[Calls]<UL><LI><a href="#[107]">&gt;&gt;</a>&nbsp;&nbsp;&nbsp;OUTLINED_FUNCTION_0
</UL>
<BR>[Called By]<UL><LI><a href="#[f6]">&gt;&gt;</a>&nbsp;&nbsp;&nbsp;get_adcval
<LI><a href="#[153]">&gt;&gt;</a>&nbsp;&nbsp;&nbsp;wk_adc1_init
</UL>

<P><STRONG><a name="[12c]"></a>adc_ordinary_conversion_data_get</STRONG> (Thumb, 6 bytes, Stack size 0 bytes, at32f415_adc.o(.text.adc_ordinary_conversion_data_get))
<BR><BR>[Called By]<UL><LI><a href="#[f6]">&gt;&gt;</a>&nbsp;&nbsp;&nbsp;get_adcval
</UL>

<P><STRONG><a name="[182]"></a>adc_ordinary_conversion_trigger_set</STRONG> (Thumb, 54 bytes, Stack size 8 bytes, at32f415_adc.o(.text.adc_ordinary_conversion_trigger_set))
<BR><BR>[Stack]<UL><LI>Max Depth = 8<LI>Call Chain = adc_ordinary_conversion_trigger_set
</UL>
<BR>[Called By]<UL><LI><a href="#[153]">&gt;&gt;</a>&nbsp;&nbsp;&nbsp;wk_adc1_init
</UL>

<P><STRONG><a name="[183]"></a>adc_ordinary_part_mode_enable</STRONG> (Thumb, 18 bytes, Stack size 0 bytes, at32f415_adc.o(.text.adc_ordinary_part_mode_enable))
<BR><BR>[Called By]<UL><LI><a href="#[153]">&gt;&gt;</a>&nbsp;&nbsp;&nbsp;wk_adc1_init
</UL>

<P><STRONG><a name="[12a]"></a>adc_ordinary_software_trigger_enable</STRONG> (Thumb, 18 bytes, Stack size 0 bytes, at32f415_adc.o(.text.adc_ordinary_software_trigger_enable))
<BR><BR>[Called By]<UL><LI><a href="#[f6]">&gt;&gt;</a>&nbsp;&nbsp;&nbsp;get_adcval
</UL>

<P><STRONG><a name="[17f]"></a>adc_tempersensor_vintrv_enable</STRONG> (Thumb, 20 bytes, Stack size 0 bytes, at32f415_adc.o(.text.adc_tempersensor_vintrv_enable))
<BR><BR>[Called By]<UL><LI><a href="#[153]">&gt;&gt;</a>&nbsp;&nbsp;&nbsp;wk_adc1_init
</UL>

<P><STRONG><a name="[108]"></a>air_ec11_get_event</STRONG> (Thumb, 1092 bytes, Stack size 16 bytes, ec11_handle.o(.text.air_ec11_get_event))
<BR><BR>[Stack]<UL><LI>Max Depth = 36<LI>Call Chain = air_ec11_get_event &rArr; OUTLINED_FUNCTION_11 &rArr; __aeabi_fadd &rArr; _float_epilogue
</UL>
<BR>[Calls]<UL><LI><a href="#[aa]">&gt;&gt;</a>&nbsp;&nbsp;&nbsp;__aeabi_fcmple
<LI><a href="#[10e]">&gt;&gt;</a>&nbsp;&nbsp;&nbsp;OUTLINED_FUNCTION_15
<LI><a href="#[10d]">&gt;&gt;</a>&nbsp;&nbsp;&nbsp;OUTLINED_FUNCTION_16
<LI><a href="#[ea]">&gt;&gt;</a>&nbsp;&nbsp;&nbsp;OUTLINED_FUNCTION_25
<LI><a href="#[d5]">&gt;&gt;</a>&nbsp;&nbsp;&nbsp;OUTLINED_FUNCTION_11
<LI><a href="#[e7]">&gt;&gt;</a>&nbsp;&nbsp;&nbsp;OUTLINED_FUNCTION_23
<LI><a href="#[10c]">&gt;&gt;</a>&nbsp;&nbsp;&nbsp;OUTLINED_FUNCTION_14
<LI><a href="#[10b]">&gt;&gt;</a>&nbsp;&nbsp;&nbsp;OUTLINED_FUNCTION_4
<LI><a href="#[10a]">&gt;&gt;</a>&nbsp;&nbsp;&nbsp;OUTLINED_FUNCTION_8
<LI><a href="#[109]">&gt;&gt;</a>&nbsp;&nbsp;&nbsp;OUTLINED_FUNCTION_27
</UL>
<BR>[Called By]<UL><LI><a href="#[11d]">&gt;&gt;</a>&nbsp;&nbsp;&nbsp;ec11_handle
</UL>

<P><STRONG><a name="[10f]"></a>air_handle</STRONG> (Thumb, 440 bytes, Stack size 16 bytes, ec11_handle.o(.text.air_handle))
<BR><BR>[Stack]<UL><LI>Max Depth = 36<LI>Call Chain = air_handle &rArr; OUTLINED_FUNCTION_1 &rArr; __aeabi_fadd &rArr; _float_epilogue
</UL>
<BR>[Calls]<UL><LI><a href="#[aa]">&gt;&gt;</a>&nbsp;&nbsp;&nbsp;__aeabi_fcmple
<LI><a href="#[c7]">&gt;&gt;</a>&nbsp;&nbsp;&nbsp;__aeabi_fcmpgt
<LI><a href="#[112]">&gt;&gt;</a>&nbsp;&nbsp;&nbsp;OUTLINED_FUNCTION_6
<LI><a href="#[d3]">&gt;&gt;</a>&nbsp;&nbsp;&nbsp;OUTLINED_FUNCTION_1
<LI><a href="#[111]">&gt;&gt;</a>&nbsp;&nbsp;&nbsp;OUTLINED_FUNCTION_3
<LI><a href="#[110]">&gt;&gt;</a>&nbsp;&nbsp;&nbsp;OUTLINED_FUNCTION_7
<LI><a href="#[cf]">&gt;&gt;</a>&nbsp;&nbsp;&nbsp;OUTLINED_FUNCTION_0
<LI><a href="#[eb]">&gt;&gt;</a>&nbsp;&nbsp;&nbsp;OUTLINED_FUNCTION_26
<LI><a href="#[ea]">&gt;&gt;</a>&nbsp;&nbsp;&nbsp;OUTLINED_FUNCTION_25
</UL>
<BR>[Called By]<UL><LI><a href="#[11d]">&gt;&gt;</a>&nbsp;&nbsp;&nbsp;ec11_handle
</UL>

<P><STRONG><a name="[f4]"></a>beep_handle</STRONG> (Thumb, 8 bytes, Stack size 0 bytes, beep_handle.o(.text.beep_handle))
<BR><BR>[Stack]<UL><LI>Max Depth = 8<LI>Call Chain = beep_handle &rArr; BeepProc
</UL>
<BR>[Calls]<UL><LI><a href="#[113]">&gt;&gt;</a>&nbsp;&nbsp;&nbsp;BeepProc
</UL>
<BR>[Called By]<UL><LI><a href="#[b]">&gt;&gt;</a>&nbsp;&nbsp;&nbsp;SysTick_Handler
</UL>

<P><STRONG><a name="[94]"></a>check_data_all</STRONG> (Thumb, 368 bytes, Stack size 16 bytes, flash_handle.o(.text.check_data_all))
<BR><BR>[Stack]<UL><LI>Max Depth = 16<LI>Call Chain = check_data_all
</UL>
<BR>[Calls]<UL><LI><a href="#[cc]">&gt;&gt;</a>&nbsp;&nbsp;&nbsp;OUTLINED_FUNCTION_0
<LI><a href="#[d2]">&gt;&gt;</a>&nbsp;&nbsp;&nbsp;OUTLINED_FUNCTION_1
</UL>
<BR>[Called By]<UL><LI><a href="#[8a]">&gt;&gt;</a>&nbsp;&nbsp;&nbsp;FlashProc
</UL>

<P><STRONG><a name="[114]"></a>check_flash_updata</STRONG> (Thumb, 76 bytes, Stack size 24 bytes, main.o(.text.check_flash_updata))
<BR><BR>[Stack]<UL><LI>Max Depth = 192<LI>Call Chain = check_flash_updata &rArr; LCD_ShowString &rArr; LCD_ShowChar &rArr; LCD_DrawPoint &rArr; LCD_Address_Set
</UL>
<BR>[Calls]<UL><LI><a href="#[115]">&gt;&gt;</a>&nbsp;&nbsp;&nbsp;spi_enable
<LI><a href="#[4e]">&gt;&gt;</a>&nbsp;&nbsp;&nbsp;LCD_ShowString
<LI><a href="#[86]">&gt;&gt;</a>&nbsp;&nbsp;&nbsp;gpio_input_data_bit_read
</UL>
<BR>[Called By]<UL><LI><a href="#[43]">&gt;&gt;</a>&nbsp;&nbsp;&nbsp;main
</UL>

<P><STRONG><a name="[18e]"></a>crc_data_reset</STRONG> (Thumb, 12 bytes, Stack size 0 bytes, at32f415_crc.o(.text.crc_data_reset))
<BR><BR>[Called By]<UL><LI><a href="#[157]">&gt;&gt;</a>&nbsp;&nbsp;&nbsp;wk_crc_init
</UL>

[...]
</UL>
<BR>[Called By]<UL><LI><a href="#[be]">&gt;&gt;</a>&nbsp;&nbsp;&nbsp;show_icon
</UL>

<P><STRONG><a name="[f0]"></a>OUTLINED_FUNCTION_7</STRONG> (Thumb, 16 bytes, Stack size 0 bytes, lcd_handle.o(.text.OUTLINED_FUNCTION_7))
<BR><BR>[Stack]<UL><LI>Max Depth = 120<LI>Call Chain = OUTLINED_FUNCTION_7 &rArr; TranferPicturetoTFT_LCD &rArr; spiflash_read &rArr; spi_bytes_read &rArr; dma_default_para_init
</UL>
<BR>[Calls]<UL><LI><a href="#[59]">&gt;&gt;</a>&nbsp;&nbsp;&nbsp;TranferPicturetoTFT_LCD
</UL>
<BR>[Called By]<UL><LI><a href="#[be]">&gt;&gt;</a>&nbsp;&nbsp;&nbsp;show_icon
</UL>

<P><STRONG><a name="[ce]"></a>OUTLINED_FUNCTION_0</STRONG> (Thumb, 14 bytes, Stack size 0 bytes, lcd_handle.o(.text.OUTLINED_FUNCTION_0))
<BR><BR>[Stack]<UL><LI>Max Depth = 120<LI>Call Chain = OUTLINED_FUNCTION_0 &rArr; TranferPicturetoTFT_LCD &rArr; spiflash_read &rArr; spi_bytes_read &rArr; dma_default_para_init
</UL>
<BR>[Calls]<UL><LI><a href="#[59]">&gt;&gt;</a>&nbsp;&nbsp;&nbsp;TranferPicturetoTFT_LCD
</UL>
<BR>[Called By]<UL><LI><a href="#[be]">&gt;&gt;</a>&nbsp;&nbsp;&nbsp;show_icon
</UL>

<P><STRONG><a name="[163]"></a>OUTLINED_FUNCTION_6</STRONG> (Thumb, 10 bytes, Stack size 0 bytes, lcd_handle.o(.text.OUTLINED_FUNCTION_6))
<BR><BR>[Called By]<UL><LI><a href="#[be]">&gt;&gt;</a>&nbsp;&nbsp;&nbsp;show_icon
</UL>

<P><STRONG><a name="[109]"></a>OUTLINED_FUNCTION_27</STRONG> (Thumb, 12 bytes, Stack size 0 bytes, ec11_handle.o(.text.OUTLINED_FUNCTION_27))
<BR><BR>[Called By]<UL><LI><a href="#[108]">&gt;&gt;</a>&nbsp;&nbsp;&nbsp;air_ec11_get_event
<LI><a href="#[11f]">&gt;&gt;</a>&nbsp;&nbsp;&nbsp;temp_ec11_get_event
</UL>

<P><STRONG><a name="[10a]"></a>OUTLINED_FUNCTION_8</STRONG> (Thumb, 18 bytes, Stack size 0 bytes, ec11_handle.o(.text.OUTLINED_FUNCTION_8))
<BR><BR>[Called By]<UL><LI><a href="#[108]">&gt;&gt;</a>&nbsp;&nbsp;&nbsp;air_ec11_get_event
<LI><a href="#[11f]">&gt;&gt;</a>&nbsp;&nbsp;&nbsp;temp_ec11_get_event
</UL>

<P><STRONG><a name="[10b]"></a>OUTLINED_FUNCTION_4</STRONG> (Thumb, 30 bytes, Stack size 0 bytes, ec11_handle.o(.text.OUTLINED_FUNCTION_4))
<BR><BR>[Called By]<UL><LI><a href="#[108]">&gt;&gt;</a>&nbsp;&nbsp;&nbsp;air_ec11_get_event
<LI><a href="#[11f]">&gt;&gt;</a>&nbsp;&nbsp;&nbsp;temp_ec11_get_event
</UL>

<P><STRONG><a name="[10c]"></a>OUTLINED_FUNCTION_14</STRONG> (Thumb, 16 bytes, Stack size 0 bytes, ec11_handle.o(.text.OUTLINED_FUNCTION_14))
<BR><BR>[Called By]<UL><LI><a href="#[108]">&gt;&gt;</a>&nbsp;&nbsp;&nbsp;air_ec11_get_event
<LI><a href="#[11f]">&gt;&gt;</a>&nbsp;&nbsp;&nbsp;temp_ec11_get_event
</UL>

<P><STRONG><a name="[e7]"></a>OUTLINED_FUNCTION_23</STRONG> (Thumb, 10 bytes, Stack size 0 bytes, ec11_handle.o(.text.OUTLINED_FUNCTION_23))
<BR><BR>[Stack]<UL><LI>Max Depth = 20<LI>Call Chain = OUTLINED_FUNCTION_23 &rArr; __aeabi_fsub &rArr; __aeabi_fadd &rArr; _float_epilogue
</UL>
<BR>[Calls]<UL><LI><a href="#[6c]">&gt;&gt;</a>&nbsp;&nbsp;&nbsp;__aeabi_fsub
</UL>
<BR>[Called By]<UL><LI><a href="#[108]">&gt;&gt;</a>&nbsp;&nbsp;&nbsp;air_ec11_get_event
<LI><a href="#[11f]">&gt;&gt;</a>&nbsp;&nbsp;&nbsp;temp_ec11_get_event
</UL>

<P><STRONG><a name="[d5]"></a>OUTLINED_FUNCTION_11</STRONG> (Thumb, 6 bytes, Stack size 0 bytes, ec11_handle.o(.text.OUTLINED_FUNCTION_11))
<BR><BR>[Stack]<UL><LI>Max Depth = 20<LI>Call Chain = OUTLINED_FUNCTION_11 &rArr; __aeabi_fadd &rArr; _float_epilogue
</UL>
<BR>[Calls]<UL><LI><a href="#[69]">&gt;&gt;</a>&nbsp;&nbsp;&nbsp;__aeabi_fadd
</UL>
<BR>[Called By]<UL><LI><a href="#[108]">&gt;&gt;</a>&nbsp;&nbsp;&nbsp;air_ec11_get_event
<LI><a href="#[119]">&gt;&gt;</a>&nbsp;&nbsp;&nbsp;ec11_event_handle
<LI><a href="#[11f]">&gt;&gt;</a>&nbsp;&nbsp;&nbsp;temp_ec11_get_event
</UL>

<P><STRONG><a name="[ea]"></a>OUTLINED_FUNCTION_25</STRONG> (Thumb, 6 bytes, Stack size 0 bytes, ec11_handle.o(.text.OUTLINED_FUNCTION_25))
<BR><BR>[Calls]<UL><LI><a href="#[a9]">&gt;&gt;</a>&nbsp;&nbsp;&nbsp;__aeabi_fcmpge
</UL>
<BR>[Called By]<UL><LI><a href="#[10f]">&gt;&gt;</a>&nbsp;&nbsp;&nbsp;air_handle
<LI><a href="#[108]">&gt;&gt;</a>&nbsp;&nbsp;&nbsp;air_ec11_get_event
<LI><a href="#[11f]">&gt;&gt;</a>&nbsp;&nbsp;&nbsp;temp_ec11_get_event
</UL>

<P><STRONG><a name="[10d]"></a>OUTLINED_FUNCTION_16</STRONG> (Thumb, 16 bytes, Stack size 0 bytes, ec11_handle.o(.text.OUTLINED_FUNCTION_16))
<BR><BR>[Called By]<UL><LI><a href="#[108]">&gt;&gt;</a>&nbsp;&nbsp;&nbsp;air_ec11_get_event
<LI><a href="#[11f]">&gt;&gt;</a>&nbsp;&nbsp;&nbsp;temp_ec11_get_event
</UL>

<P><STRONG><a name="[10e]"></a>OUTLINED_FUNCTION_15</STRONG> (Thumb, 16 bytes, Stack size 0 bytes, ec11_handle.o(.text.OUTLINED_FUNCTION_15))
<BR><BR>[Called By]<UL><LI><a href="#[108]">&gt;&gt;</a>&nbsp;&nbsp;&nbsp;air_ec11_get_event
<LI><a href="#[11f]">&gt;&gt;</a>&nbsp;&nbsp;&nbsp;temp_ec11_get_event
</UL>

<P><STRONG><a name="[e0]"></a>OUTLINED_FUNCTION_2</STRONG> (Thumb, 8 bytes, Stack size 0 bytes, ec11_handle.o(.text.OUTLINED_FUNCTION_2))
<BR><BR>[Stack]<UL><LI>Max Depth = 20<LI>Call Chain = OUTLINED_FUNCTION_2 &rArr; __aeabi_fadd &rArr; _float_epilogue
</UL>
<BR>[Calls]<UL><LI><a href="#[69]">&gt;&gt;</a>&nbsp;&nbsp;&nbsp;__aeabi_fadd
</UL>
<BR>[Called By]<UL><LI><a href="#[119]">&gt;&gt;</a>&nbsp;&nbsp;&nbsp;ec11_event_handle
</UL>

<P><STRONG><a name="[d4]"></a>OUTLINED_FUNCTION_10</STRONG> (Thumb, 8 bytes, Stack size 0 bytes, ec11_handle.o(.text.OUTLINED_FUNCTION_10))
<BR><BR>[Stack]<UL><LI>Max Depth = 20<LI>Call Chain = OUTLINED_FUNCTION_10 &rArr; __aeabi_fadd &rArr; _float_epilogue
</UL>
<BR>[Calls]<UL><LI><a href="#[69]">&gt;&gt;</a>&nbsp;&nbsp;&nbsp;__aeabi_fadd
</UL>
<BR>[Called By]<UL><LI><a href="#[119]">&gt;&gt;</a>&nbsp;&nbsp;&nbsp;ec11_event_handle
</UL>

<P><STRONG><a name="[e4]"></a>OUTLINED_FUNCTION_21</STRONG> (Thumb, 10 bytes, Stack size 0 bytes, ec11_handle.o(.text.OUTLINED_FUNCTION_21))
<BR><BR>[Calls]<UL><LI><a href="#[a9]">&gt;&gt;</a>&nbsp;&nbsp;&nbsp;__aeabi_fcmpge
</UL>
<BR>[Called By]<UL><LI><a href="#[119]">&gt;&gt;</a>&nbsp;&nbsp;&nbsp;ec11_event_handle
</UL>

<P><STRONG><a name="[dd]"></a>OUTLINED_FUNCTION_18</STRONG> (Thumb, 10 bytes, Stack size 0 bytes, ec11_handle.o(.text.OUTLINED_FUNCTION_18))
<BR><BR>[Stack]<UL><LI>Max Depth = 8<LI>Call Chain = OUTLINED_FUNCTION_18 &rArr; __aeabi_fmul
</UL>
<BR>[Calls]<UL><LI><a href="#[82]">&gt;&gt;</a>&nbsp;&nbsp;&nbsp;__aeabi_fmul
</UL>
<BR>[Called By]<UL><LI><a href="#[119]">&gt;&gt;</a>&nbsp;&nbsp;&nbsp;ec11_event_handle
</UL>

<P><STRONG><a name="[dc]"></a>OUTLINED_FUNCTION_17</STRONG> (Thumb, 10 bytes, Stack size 0 bytes, ec11_handle.o(.text.OUTLINED_FUNCTION_17))
<BR><BR>[Stack]<UL><LI>Max Depth = 20<LI>Call Chain = OUTLINED_FUNCTION_17 &rArr; __aeabi_fadd &rArr; _float_epilogue
</UL>
<BR>[Calls]<UL><LI><a href="#[69]">&gt;&gt;</a>&nbsp;&nbsp;&nbsp;__aeabi_fadd
</UL>
<BR>[Called By]<UL><LI><a href="#[119]">&gt;&gt;</a>&nbsp;&nbsp;&nbsp;ec11_event_handle
</UL>

<P><STRONG><a name="[de]"></a>OUTLINED_FUNCTION_19</STRONG> (Thumb, 10 bytes, Stack size 0 bytes, ec11_handle.o(.text.OUTLINED_FUNCTION_19))
<BR><BR>[Calls]<UL><LI><a href="#[c7]">&gt;&gt;</a>&nbsp;&nbsp;&nbsp;__aeabi_fcmpgt
</UL>
<BR>[Called By]<UL><LI><a href="#[119]">&gt;&gt;</a>&nbsp;&nbsp;&nbsp;ec11_event_handle
</UL>

<P><STRONG><a name="[11a]"></a>OUTLINED_FUNCTION_5</STRONG> (Thumb, 12 bytes, Stack size 0 bytes, ec11_handle.o(.text.OUTLINED_FUNCTION_5))
<BR><BR>[Called By]<UL><LI><a href="#[119]">&gt;&gt;</a>&nbsp;&nbsp;&nbsp;ec11_event_handle
</UL>

<P><STRONG><a name="[11b]"></a>OUTLINED_FUNCTION_12</STRONG> (Thumb, 10 bytes, Stack size 0 bytes, ec11_handle.o(.text.OUTLINED_FUNCTION_12))
<BR><BR>[Called By]<UL><LI><a href="#[119]">&gt;&gt;</a>&nbsp;&nbsp;&nbsp;ec11_event_handle
</UL>

<P><STRONG><a name="[e9]"></a>OUTLINED_FUNCTION_24</STRONG> (Thumb, 10 bytes, Stack size 0 bytes, ec11_handle.o(.text.OUTLINED_FUNCTION_24))
<BR><BR>[Stack]<UL><LI>Max Depth = 20<LI>Call Chain = OUTLINED_FUNCTION_24 &rArr; __aeabi_fadd &rArr; _float_epilogue
</UL>
<BR>[Calls]<UL><LI><a href="#[69]">&gt;&gt;</a>&nbsp;&nbsp;&nbsp;__aeabi_fadd
</UL>
<BR>[Called By]<UL><LI><a href="#[119]">&gt;&gt;</a>&nbsp;&nbsp;&nbsp;ec11_event_handle
</UL>

<P><STRONG><a name="[e3]"></a>OUTLINED_FUNCTION_20</STRONG> (Thumb, 10 bytes, Stack size 0 bytes, ec11_handle.o(.text.OUTLINED_FUNCTION_20))
<BR><BR>[Calls]<UL><LI><a href="#[b6]">&gt;&gt;</a>&nbsp;&nbsp;&nbsp;__aeabi_fcmplt
</UL>
<BR>[Called By]<UL><LI><a href="#[119]">&gt;&gt;</a>&nbsp;&nbsp;&nbsp;ec11_event_handle
</UL>

<P><STRONG><a name="[eb]"></a>OUTLINED_FUNCTION_26</STRONG> (Thumb, 6 bytes, Stack size 0 bytes, ec11_handle.o(.text.OUTLINED_FUNCTION_26))
<BR><BR>[Calls]<UL><LI><a href="#[b6]">&gt;&gt;</a>&nbsp;&nbsp;&nbsp;__aeabi_fcmplt
</UL>
<BR>[Called By]<UL><LI><a href="#[10f]">&gt;&gt;</a>&nbsp;&nbsp;&nbsp;air_handle
<LI><a href="#[119]">&gt;&gt;</a>&nbsp;&nbsp;&nbsp;ec11_event_handle
</UL>

<P><STRONG><a name="[e5]"></a>OUTLINED_FUNCTION_22</STRONG> (Thumb, 10 bytes, Stack size 0 bytes, ec11_handle.o(.text.OUTLINED_FUNCTION_22))
<BR><BR>[Calls]<UL><LI><a href="#[aa]">&gt;&gt;</a>&nbsp;&nbsp;&nbsp;__aeabi_fcmple
</UL>
<BR>[Called By]<UL><LI><a href="#[119]">&gt;&gt;</a>&nbsp;&nbsp;&nbsp;ec11_event_handle
</UL>

<P><STRONG><a name="[11c]"></a>OUTLINED_FUNCTION_13</STRONG> (Thumb, 10 bytes, Stack size 0 bytes, ec11_handle.o(.text.OUTLINED_FUNCTION_13))
<BR><BR>[Called By]<UL><LI><a href="#[119]">&gt;&gt;</a>&nbsp;&nbsp;&nbsp;ec11_event_handle
</UL>

<P><STRONG><a name="[f1]"></a>OUTLINED_FUNCTION_9</STRONG> (Thumb, 10 bytes, Stack size 0 bytes, ec11_handle.o(.text.OUTLINED_FUNCTION_9))
<BR><BR>[Stack]<UL><LI>Max Depth = 20<LI>Call Chain = OUTLINED_FUNCTION_9 &rArr; __aeabi_fadd &rArr; _float_epilogue
</UL>
<BR>[Calls]<UL><LI><a href="#[69]">&gt;&gt;</a>&nbsp;&nbsp;&nbsp;__aeabi_fadd
</UL>
<BR>[Called By]<UL><LI><a href="#[119]">&gt;&gt;</a>&nbsp;&nbsp;&nbsp;ec11_event_handle
</UL>

<P><STRONG><a name="[cf]"></a>OUTLINED_FUNCTION_0</STRONG> (Thumb, 12 bytes, Stack size 0 bytes, ec11_handle.o(.text.OUTLINED_FUNCTION_0))
<BR><BR>[Stack]<UL><LI>Max Depth = 20<LI>Call Chain = OUTLINED_FUNCTION_0 &rArr; __aeabi_fadd &rArr; _float_epilogue
</UL>
<BR>[Calls]<UL><LI><a href="#[69]">&gt;&gt;</a>&nbsp;&nbsp;&nbsp;__aeabi_fadd
</UL>
<BR>[Called By]<UL><LI><a href="#[10f]">&gt;&gt;</a>&nbsp;&nbsp;&nbsp;air_handle
</UL>

<P><STRONG><a name="[110]"></a>OUTLINED_FUNCTION_7</STRONG> (Thumb, 12 bytes, Stack size 0 bytes, ec11_handle.o(.text.OUTLINED_FUNCTION_7))
<BR><BR>[Called By]<UL><LI><a href="#[10f]">&gt;&gt;</a>&nbsp;&nbsp;&nbsp;air_handle
</UL>

<P><STRONG><a name="[111]"></a>OUTLINED_FUNCTION_3</STRONG> (Thumb, 10 bytes, Stack size 0 bytes, ec11_handle.o(.text.OUTLINED_FUNCTION_3))
<BR><BR>[Called By]<UL><LI><a href="#[10f]">&gt;&gt;</a>&nbsp;&nbsp;&nbsp;air_handle
</UL>

<P><STRONG><a name="[d3]"></a>OUTLINED_FUNCTION_1</STRONG> (Thumb, 12 bytes, Stack size 0 bytes, ec11_handle.o(.text.OUTLINED_FUNCTION_1))
<BR><BR>[Stack]<UL><LI>Max Depth = 20<LI>Call Chain = OUTLINED_FUNCTION_1 &rArr; __aeabi_fadd &rArr; _float_epilogue
</UL>
<BR>[Calls]<UL><LI><a href="#[69]">&gt;&gt;</a>&nbsp;&nbsp;&nbsp;__aeabi_fadd
</UL>
<BR>[Called By]<UL><LI><a href="#[10f]">&gt;&gt;</a>&nbsp;&nbsp;&nbsp;air_handle
</UL>

<P><STRONG><a name="[112]"></a>OUTLINED_FUNCTION_6</STRONG> (Thumb, 12 bytes, Stack size 0 bytes, ec11_handle.o(.text.OUTLINED_FUNCTION_6))
<BR><BR>[Called By]<UL><LI><a href="#[10f]">&gt;&gt;</a>&nbsp;&nbsp;&nbsp;air_handle
</UL>

<P><STRONG><a name="[ed]"></a>OUTLINED_FUNCTION_3</STRONG> (Thumb, 6 bytes, Stack size 0 bytes, at32_spiflash.o(.text.OUTLINED_FUNCTION_3))
<BR><BR>[Calls]<UL><LI><a href="#[e2]">&gt;&gt;</a>&nbsp;&nbsp;&nbsp;dma_channel_enable
</UL>
<BR>[Called By]<UL><LI><a href="#[169]">&gt;&gt;</a>&nbsp;&nbsp;&nbsp;spi_bytes_read
</UL>

<P><STRONG><a name="[e1]"></a>OUTLINED_FUNCTION_2</STRONG> (Thumb, 6 bytes, Stack size 0 bytes, at32_spiflash.o(.text.OUTLINED_FUNCTION_2))
<BR><BR>[Calls]<UL><LI><a href="#[e2]">&gt;&gt;</a>&nbsp;&nbsp;&nbsp;dma_channel_enable
</UL>
<BR>[Called By]<UL><LI><a href="#[169]">&gt;&gt;</a>&nbsp;&nbsp;&nbsp;spi_bytes_read
</UL>

<P><STRONG><a name="[0]"></a>beep_on</STRONG> (Thumb, 8 bytes, Stack size 0 bytes, beep.o(.text.beep_on))
<BR><BR>[Calls]<UL><LI><a href="#[9e]">&gt;&gt;</a>&nbsp;&nbsp;&nbsp;gpio_bits_set
</UL>
<BR>[Address Reference Count : 1]<UL><LI> beep.o(.data.sbeep)
</UL>
<P><STRONG><a name="[1]"></a>beep_off</STRONG> (Thumb, 8 bytes, Stack size 0 bytes, beep.o(.text.beep_off))
<BR><BR>[Calls]<UL><LI><a href="#[61]">&gt;&gt;</a>&nbsp;&nbsp;&nbsp;gpio_bits_reset
</UL>
<BR>[Address Reference Count : 1]<UL><LI> beep.o(.data.sbeep)
</UL>
<P><STRONG><a name="[51]"></a>ms_to_scan_count</STRONG> (Thumb, 24 bytes, Stack size 0 bytes, key.o(.text.ms_to_scan_count))
<BR>[Address Reference Count : 1]<UL><LI> key.o(.text.key_set_timing)
</UL>
<P><STRONG><a name="[b4]"></a>OUTLINED_FUNCTION_25</STRONG> (Thumb, 10 bytes, Stack size 0 bytes, lcd.o(.text.OUTLINED_FUNCTION_25))
<BR><BR>[Called By]<UL><LI><a href="#[4d]">&gt;&gt;</a>&nbsp;&nbsp;&nbsp;LCD_WR_DATA
</UL>

<P><STRONG><a name="[96]"></a>OUTLINED_FUNCTION_8</STRONG> (Thumb, 14 bytes, Stack size 0 bytes, lcd.o(.text.OUTLINED_FUNCTION_8))
<BR><BR>[Called By]<UL><LI><a href="#[95]">&gt;&gt;</a>&nbsp;&nbsp;&nbsp;LCD_Address_Set
</UL>

<P><STRONG><a name="[9c]"></a>OUTLINED_FUNCTION_20</STRONG> (Thumb, 8 bytes, Stack size 0 bytes, lcd.o(.text.OUTLINED_FUNCTION_20))
<BR><BR>[Called By]<UL><LI><a href="#[9b]">&gt;&gt;</a>&nbsp;&nbsp;&nbsp;LCD_DrawRectangle
</UL>

<P><STRONG><a name="[a7]"></a>OUTLINED_FUNCTION_21</STRONG> (Thumb, 6 bytes, Stack size 0 bytes, lcd.o(.text.OUTLINED_FUNCTION_21))
<BR><BR>[Called By]<UL><LI><a href="#[a2]">&gt;&gt;</a>&nbsp;&nbsp;&nbsp;LCD_ShowIntNum
</UL>

<P><STRONG><a name="[a3]"></a>OUTLINED_FUNCTION_14</STRONG> (Thumb, 30 bytes, Stack size 0 bytes, lcd.o(.text.OUTLINED_FUNCTION_14))
<BR><BR>[Called By]<UL><LI><a href="#[a2]">&gt;&gt;</a>&nbsp;&nbsp;&nbsp;LCD_ShowIntNum
</UL>

<P><STRONG><a name="[a4]"></a>OUTLINED_FUNCTION_11</STRONG> (Thumb, 10 bytes, Stack size 0 bytes, lcd.o(.text.OUTLINED_FUNCTION_11))
<BR><BR>[Calls]<UL><LI><a href="#[d6]">&gt;&gt;</a>&nbsp;&nbsp;&nbsp;mypow
</UL>
<BR>[Called By]<UL><LI><a href="#[a2]">&gt;&gt;</a>&nbsp;&nbsp;&nbsp;LCD_ShowIntNum
</UL>

<P><STRONG><a name="[a5]"></a>OUTLINED_FUNCTION_4</STRONG> (Thumb, 20 bytes, Stack size 0 bytes, lcd.o(.text.OUTLINED_FUNCTION_4))
<BR><BR>[Called By]<UL><LI><a href="#[a2]">&gt;&gt;</a>&nbsp;&nbsp;&nbsp;LCD_ShowIntNum
</UL>

<P><STRONG><a name="[a6]"></a>OUTLINED_FUNCTION_2</STRONG> (Thumb, 20 bytes, Stack size 0 bytes, lcd.o(.text.OUTLINED_FUNCTION_2))
<BR><BR>[Stack]<UL><LI>Max Depth = 120<LI>Call Chain = OUTLINED_FUNCTION_2 &rArr; LCD_ShowChar &rArr; LCD_DrawPoint &rArr; LCD_Address_Set
</UL>
<BR>[Calls]<UL><LI><a href="#[a1]">&gt;&gt;</a>&nbsp;&nbsp;&nbsp;LCD_ShowChar
</UL>
<BR>[Called By]<UL><LI><a href="#[a2]">&gt;&gt;</a>&nbsp;&nbsp;&nbsp;LCD_ShowIntNum
</UL>

<P><STRONG><a name="[17d]"></a>OUTLINED_FUNCTION_29</STRONG> (Thumb, 10 bytes, Stack size 0 bytes, lcd.o(.text.OUTLINED_FUNCTION_29))
<BR><BR>[Called By]<UL><LI><a href="#[ab]">&gt;&gt;</a>&nbsp;&nbsp;&nbsp;voltage_to_y
</UL>

<P><STRONG><a name="[ac]"></a>OUTLINED_FUNCTION_17</STRONG> (Thumb, 10 bytes, Stack size 0 bytes, lcd.o(.text.OUTLINED_FUNCTION_17))
<BR><BR>[Called By]<UL><LI><a href="#[ae]">&gt;&gt;</a>&nbsp;&nbsp;&nbsp;LCD_Show_Grid
<LI><a href="#[a8]">&gt;&gt;</a>&nbsp;&nbsp;&nbsp;LCD_Show_Curve
</UL>

<P><STRONG><a name="[e8]"></a>OUTLINED_FUNCTION_23</STRONG> (Thumb, 12 bytes, Stack size 0 bytes, lcd.o(.text.OUTLINED_FUNCTION_23))
<BR><BR>[Stack]<UL><LI>Max Depth = 40<LI>Call Chain = OUTLINED_FUNCTION_23 &rArr; LCD_Address_Set
</UL>
<BR>[Calls]<UL><LI><a href="#[95]">&gt;&gt;</a>&nbsp;&nbsp;&nbsp;LCD_Address_Set
</UL>
<BR>[Called By]<UL><LI><a href="#[59]">&gt;&gt;</a>&nbsp;&nbsp;&nbsp;TranferPicturetoTFT_LCD
</UL>

<P><STRONG><a name="[e6]"></a>OUTLINED_FUNCTION_22</STRONG> (Thumb, 8 bytes, Stack size 0 bytes, lcd.o(.text.OUTLINED_FUNCTION_22))
<BR><BR>[Calls]<UL><LI><a href="#[4d]">&gt;&gt;</a>&nbsp;&nbsp;&nbsp;LCD_WR_DATA
</UL>
<BR>[Called By]<UL><LI><a href="#[59]">&gt;&gt;</a>&nbsp;&nbsp;&nbsp;TranferPicturetoTFT_LCD
</UL>

<P><STRONG><a name="[af]"></a>OUTLINED_FUNCTION_6</STRONG> (Thumb, 14 bytes, Stack size 0 bytes, lcd.o(.text.OUTLINED_FUNCTION_6))
<BR><BR>[Called By]<UL><LI><a href="#[ae]">&gt;&gt;</a>&nbsp;&nbsp;&nbsp;LCD_Show_Grid
</UL>

<P><STRONG><a name="[b0]"></a>OUTLINED_FUNCTION_7</STRONG> (Thumb, 14 bytes, Stack size 0 bytes, lcd.o(.text.OUTLINED_FUNCTION_7))
<BR><BR>[Called By]<UL><LI><a href="#[ae]">&gt;&gt;</a>&nbsp;&nbsp;&nbsp;LCD_Show_Grid
</UL>

<P><STRONG><a name="[ad]"></a>OUTLINED_FUNCTION_26</STRONG> (Thumb, 10 bytes, Stack size 0 bytes, lcd.o(.text.OUTLINED_FUNCTION_26))
<BR><BR>[Stack]<UL><LI>Max Depth = 96<LI>Call Chain = OUTLINED_FUNCTION_26 &rArr; LCD_DrawLine &rArr; LCD_DrawPoint &rArr; LCD_Address_Set
</UL>
<BR>[Calls]<UL><LI><a href="#[49]">&gt;&gt;</a>&nbsp;&nbsp;&nbsp;LCD_DrawLine
</UL>
<BR>[Called By]<UL><LI><a href="#[a8]">&gt;&gt;</a>&nbsp;&nbsp;&nbsp;LCD_Show_Curve
</UL>

<P><STRONG><a name="[b2]"></a>OUTLINED_FUNCTION_13</STRONG> (Thumb, 30 bytes, Stack size 0 bytes, lcd.o(.text.OUTLINED_FUNCTION_13))
<BR><BR>[Stack]<UL><LI>Max Depth = 120<LI>Call Chain = OUTLINED_FUNCTION_13 &rArr; LCD_ShowChar &rArr; LCD_DrawPoint &rArr; LCD_Address_Set
</UL>
<BR>[Calls]<UL><LI><a href="#[a1]">&gt;&gt;</a>&nbsp;&nbsp;&nbsp;LCD_ShowChar
</UL>
<BR>[Called By]<UL><LI><a href="#[b3]">&gt;&gt;</a>&nbsp;&nbsp;&nbsp;LCD_VISION_1
<LI><a href="#[b1]">&gt;&gt;</a>&nbsp;&nbsp;&nbsp;LCD_VISION
</UL>

<P><STRONG><a name="[47]"></a>EC11_ReadPin</STRONG> (Thumb, 16 bytes, Stack size 8 bytes, encoderec11.o(.text.EC11_ReadPin))
<BR><BR>[Stack]<UL><LI>Max Depth = 8<LI>Call Chain = EC11_ReadPin
</UL>
<BR>[Calls]<UL><LI><a href="#[86]">&gt;&gt;</a>&nbsp;&nbsp;&nbsp;gpio_input_data_bit_read
</UL>
<BR>[Address Reference Count : 1]<UL><LI> encoderec11.o(.text.EC11_Scan)
</UL>
<P><STRONG><a name="[85]"></a>OUTLINED_FUNCTION_0</STRONG> (Thumb, 14 bytes, Stack size 0 bytes, encoderec11.o(.text.OUTLINED_FUNCTION_0))
<BR><BR>[Called By]<UL><LI><a href="#[84]">&gt;&gt;</a>&nbsp;&nbsp;&nbsp;EC11_Analyze
</UL>

<P><STRONG><a name="[17a]"></a>OUTLINED_FUNCTION_0</STRONG> (Thumb, 14 bytes, Stack size 0 bytes, tmt.o(.text.OUTLINED_FUNCTION_0))
<BR><BR>[Called By]<UL><LI><a href="#[15a]">&gt;&gt;</a>&nbsp;&nbsp;&nbsp;tmt_init
</UL>

<P><STRONG><a name="[5b]"></a>tmt_run_ctrl</STRONG> (Thumb, 40 bytes, Stack size 8 bytes, tmt.o(.text.tmt_run_ctrl))
<BR><BR>[Stack]<UL><LI>Max Depth = 8<LI>Call Chain = tmt_run_ctrl
</UL>
<BR>[Address Reference Count : 1]<UL><LI> tmt.o(.text.tmt_init)
</UL>
<P><STRONG><a name="[5c]"></a>tmt_time_ctrl</STRONG> (Thumb, 44 bytes, Stack size 8 bytes, tmt.o(.text.tmt_time_ctrl))
<BR><BR>[Stack]<UL><LI>Max Depth = 8<LI>Call Chain = tmt_time_ctrl
</UL>
<BR>[Address Reference Count : 1]<UL><LI> tmt.o(.text.tmt_init)
</UL>
<P><STRONG><a name="[5d]"></a>tmt_delete</STRONG> (Thumb, 88 bytes, Stack size 16 bytes, tmt.o(.text.tmt_delete))
<BR><BR>[Stack]<UL><LI>Max Depth = 16<LI>Call Chain = tmt_delete
</UL>
<BR>[Address Reference Count : 1]<UL><LI> tmt.o(.text.tmt_init)
</UL>
<P><STRONG><a name="[5e]"></a>tmt_create</STRONG> (Thumb, 44 bytes, Stack size 8 bytes, tmt.o(.text.tmt_create))
<BR><BR>[Stack]<UL><LI>Max Depth = 8<LI>Call Chain = tmt_create
</UL>
<BR>[Address Reference Count : 1]<UL><LI> tmt.o(.text.tmt_init)
</UL>
<P><STRONG><a name="[5f]"></a>tmt_update_tick</STRONG> (Thumb, 28 bytes, Stack size 0 bytes, tmt.o(.text.tmt_update_tick))
<BR>[Address Reference Count : 1]<UL><LI> tmt.o(.text.tmt_init)
</UL>
<P><STRONG><a name="[60]"></a>tmt_run</STRONG> (Thumb, 60 bytes, Stack size 16 bytes, tmt.o(.text.tmt_run))
<BR><BR>[Stack]<UL><LI>Max Depth = 16<LI>Call Chain = tmt_run
</UL>
<BR>[Address Reference Count : 1]<UL><LI> tmt.o(.text.tmt_init)
</UL><P>
<H3>
Undefined Global Symbols
</H3><HR></body></html>
